Archive member included because of file (symbol)

d:/embedded tools/02-avr tools/03-imt sdk/03- imt sdk/imt_sdk_win_64/winavr/bin/../lib/gcc/avr/4.3.3/avr5\libgcc.a(_exit.o)
                              d:/embedded tools/02-avr tools/03-imt sdk/03- imt sdk/imt_sdk_win_64/winavr/bin/../lib/gcc/avr/4.3.3/../../../../avr/lib/avr5/crtm32.o (exit)
d:/embedded tools/02-avr tools/03-imt sdk/03- imt sdk/imt_sdk_win_64/winavr/bin/../lib/gcc/avr/4.3.3/avr5\libgcc.a(_copy_data.o)
                              ./APP/APP_program.o (__do_copy_data)
d:/embedded tools/02-avr tools/03-imt sdk/03- imt sdk/imt_sdk_win_64/winavr/bin/../lib/gcc/avr/4.3.3/avr5\libgcc.a(_clear_bss.o)
                              ./MCAL/EXTI/EXTI_program.o (__do_clear_bss)
d:/embedded tools/02-avr tools/03-imt sdk/03- imt sdk/imt_sdk_win_64/winavr/bin/../lib/gcc/avr/4.3.3/avr5\libgcc.a(_fixunssfsi.o)
                              ./MCAL/TIMER0/TIMER_program.o (__fixunssfsi)
d:/embedded tools/02-avr tools/03-imt sdk/03- imt sdk/imt_sdk_win_64/winavr/bin/../lib/gcc/avr/4.3.3/avr5\libgcc.a(_addsub_sf.o)
                              ./MCAL/TIMER0/TIMER_program.o (__subsf3)
d:/embedded tools/02-avr tools/03-imt sdk/03- imt sdk/imt_sdk_win_64/winavr/bin/../lib/gcc/avr/4.3.3/avr5\libgcc.a(_div_sf.o)
                              ./MCAL/TIMER0/TIMER_program.o (__divsf3)
d:/embedded tools/02-avr tools/03-imt sdk/03- imt sdk/imt_sdk_win_64/winavr/bin/../lib/gcc/avr/4.3.3/avr5\libgcc.a(_eq_sf.o)
                              ./MCAL/TIMER0/TIMER_program.o (__eqsf2)
d:/embedded tools/02-avr tools/03-imt sdk/03- imt sdk/imt_sdk_win_64/winavr/bin/../lib/gcc/avr/4.3.3/avr5\libgcc.a(_ge_sf.o)
                              d:/embedded tools/02-avr tools/03-imt sdk/03- imt sdk/imt_sdk_win_64/winavr/bin/../lib/gcc/avr/4.3.3/avr5\libgcc.a(_fixunssfsi.o) (__gesf2)
d:/embedded tools/02-avr tools/03-imt sdk/03- imt sdk/imt_sdk_win_64/winavr/bin/../lib/gcc/avr/4.3.3/avr5\libgcc.a(_lt_sf.o)
                              ./MCAL/TIMER0/TIMER_program.o (__ltsf2)
d:/embedded tools/02-avr tools/03-imt sdk/03- imt sdk/imt_sdk_win_64/winavr/bin/../lib/gcc/avr/4.3.3/avr5\libgcc.a(_sf_to_si.o)
                              d:/embedded tools/02-avr tools/03-imt sdk/03- imt sdk/imt_sdk_win_64/winavr/bin/../lib/gcc/avr/4.3.3/avr5\libgcc.a(_fixunssfsi.o) (__fixsfsi)
d:/embedded tools/02-avr tools/03-imt sdk/03- imt sdk/imt_sdk_win_64/winavr/bin/../lib/gcc/avr/4.3.3/avr5\libgcc.a(_thenan_sf.o)
                              d:/embedded tools/02-avr tools/03-imt sdk/03- imt sdk/imt_sdk_win_64/winavr/bin/../lib/gcc/avr/4.3.3/avr5\libgcc.a(_addsub_sf.o) (__thenan_sf)
d:/embedded tools/02-avr tools/03-imt sdk/03- imt sdk/imt_sdk_win_64/winavr/bin/../lib/gcc/avr/4.3.3/avr5\libgcc.a(_usi_to_sf.o)
                              ./MCAL/TIMER0/TIMER_program.o (__floatunsisf)
d:/embedded tools/02-avr tools/03-imt sdk/03- imt sdk/imt_sdk_win_64/winavr/bin/../lib/gcc/avr/4.3.3/avr5\libgcc.a(_prologue.o)
                              d:/embedded tools/02-avr tools/03-imt sdk/03- imt sdk/imt_sdk_win_64/winavr/bin/../lib/gcc/avr/4.3.3/avr5\libgcc.a(_addsub_sf.o) (__prologue_saves__)
d:/embedded tools/02-avr tools/03-imt sdk/03- imt sdk/imt_sdk_win_64/winavr/bin/../lib/gcc/avr/4.3.3/avr5\libgcc.a(_epilogue.o)
                              d:/embedded tools/02-avr tools/03-imt sdk/03- imt sdk/imt_sdk_win_64/winavr/bin/../lib/gcc/avr/4.3.3/avr5\libgcc.a(_addsub_sf.o) (__epilogue_restores__)
d:/embedded tools/02-avr tools/03-imt sdk/03- imt sdk/imt_sdk_win_64/winavr/bin/../lib/gcc/avr/4.3.3/avr5\libgcc.a(_clzsi2.o)
                              d:/embedded tools/02-avr tools/03-imt sdk/03- imt sdk/imt_sdk_win_64/winavr/bin/../lib/gcc/avr/4.3.3/avr5\libgcc.a(_usi_to_sf.o) (__clzsi2)
d:/embedded tools/02-avr tools/03-imt sdk/03- imt sdk/imt_sdk_win_64/winavr/bin/../lib/gcc/avr/4.3.3/avr5\libgcc.a(_pack_sf.o)
                              d:/embedded tools/02-avr tools/03-imt sdk/03- imt sdk/imt_sdk_win_64/winavr/bin/../lib/gcc/avr/4.3.3/avr5\libgcc.a(_addsub_sf.o) (__pack_f)
d:/embedded tools/02-avr tools/03-imt sdk/03- imt sdk/imt_sdk_win_64/winavr/bin/../lib/gcc/avr/4.3.3/avr5\libgcc.a(_unpack_sf.o)
                              d:/embedded tools/02-avr tools/03-imt sdk/03- imt sdk/imt_sdk_win_64/winavr/bin/../lib/gcc/avr/4.3.3/avr5\libgcc.a(_addsub_sf.o) (__unpack_f)
d:/embedded tools/02-avr tools/03-imt sdk/03- imt sdk/imt_sdk_win_64/winavr/bin/../lib/gcc/avr/4.3.3/avr5\libgcc.a(_fpcmp_parts_sf.o)
                              d:/embedded tools/02-avr tools/03-imt sdk/03- imt sdk/imt_sdk_win_64/winavr/bin/../lib/gcc/avr/4.3.3/avr5\libgcc.a(_eq_sf.o) (__fpcmp_parts_f)
d:/embedded tools/02-avr tools/03-imt sdk/03- imt sdk/imt_sdk_win_64/winavr/bin/../lib/gcc/avr/4.3.3/avr5\libgcc.a(_clz.o)
                              d:/embedded tools/02-avr tools/03-imt sdk/03- imt sdk/imt_sdk_win_64/winavr/bin/../lib/gcc/avr/4.3.3/avr5\libgcc.a(_clzsi2.o) (__clz_tab)
d:/embedded tools/02-avr tools/03-imt sdk/03- imt sdk/imt_sdk_win_64/winavr/bin/../lib/gcc/avr/4.3.3/../../../../avr/lib/avr5\libc.a(ceil.o)
                              ./MCAL/TIMER0/TIMER_program.o (ceil)
d:/embedded tools/02-avr tools/03-imt sdk/03- imt sdk/imt_sdk_win_64/winavr/bin/../lib/gcc/avr/4.3.3/../../../../avr/lib/avr5\libc.a(fp_mintl.o)
                              d:/embedded tools/02-avr tools/03-imt sdk/03- imt sdk/imt_sdk_win_64/winavr/bin/../lib/gcc/avr/4.3.3/../../../../avr/lib/avr5\libc.a(ceil.o) (__fp_mintl)
d:/embedded tools/02-avr tools/03-imt sdk/03- imt sdk/imt_sdk_win_64/winavr/bin/../lib/gcc/avr/4.3.3/../../../../avr/lib/avr5\libc.a(fp_mpack.o)
                              d:/embedded tools/02-avr tools/03-imt sdk/03- imt sdk/imt_sdk_win_64/winavr/bin/../lib/gcc/avr/4.3.3/../../../../avr/lib/avr5\libc.a(ceil.o) (__fp_mpack)
d:/embedded tools/02-avr tools/03-imt sdk/03- imt sdk/imt_sdk_win_64/winavr/bin/../lib/gcc/avr/4.3.3/../../../../avr/lib/avr5\libc.a(fp_trunc.o)
                              d:/embedded tools/02-avr tools/03-imt sdk/03- imt sdk/imt_sdk_win_64/winavr/bin/../lib/gcc/avr/4.3.3/../../../../avr/lib/avr5\libc.a(ceil.o) (__fp_trunc)
d:/embedded tools/02-avr tools/03-imt sdk/03- imt sdk/imt_sdk_win_64/winavr/bin/../lib/gcc/avr/4.3.3/../../../../avr/lib/avr5\libc.a(fp_zero.o)
                              d:/embedded tools/02-avr tools/03-imt sdk/03- imt sdk/imt_sdk_win_64/winavr/bin/../lib/gcc/avr/4.3.3/../../../../avr/lib/avr5\libc.a(ceil.o) (__fp_szero)
d:/embedded tools/02-avr tools/03-imt sdk/03- imt sdk/imt_sdk_win_64/winavr/bin/../lib/gcc/avr/4.3.3/../../../../avr/lib/avr5\libc.a(fp_split3.o)
                              d:/embedded tools/02-avr tools/03-imt sdk/03- imt sdk/imt_sdk_win_64/winavr/bin/../lib/gcc/avr/4.3.3/../../../../avr/lib/avr5\libc.a(fp_trunc.o) (__fp_splitA)

Memory Configuration

Name             Origin             Length             Attributes
text             0x00000000         0x00020000         xr
data             0x00800060         0x0000ffa0         rw !x
eeprom           0x00810000         0x00010000         rw !x
fuse             0x00820000         0x00000400         rw !x
lock             0x00830000         0x00000400         rw !x
signature        0x00840000         0x00000400         rw !x
*default*        0x00000000         0xffffffff

Linker script and memory map

LOAD d:/embedded tools/02-avr tools/03-imt sdk/03- imt sdk/imt_sdk_win_64/winavr/bin/../lib/gcc/avr/4.3.3/../../../../avr/lib/avr5/crtm32.o
LOAD ./MCAL/TIMER0/TIMER_program.o
LOAD ./MCAL/PORT/PORT_program.o
LOAD ./MCAL/GIE/GIE_program.o
LOAD ./MCAL/EXTI/EXTI_program.o
LOAD ./MCAL/DIO/DIO_program.o
LOAD ./HAL/SWITCH/SW_program.o
LOAD ./HAL/LED/LED_program.o
LOAD ./APP/APP_program.o
LOAD ./main.o
LOAD d:/embedded tools/02-avr tools/03-imt sdk/03- imt sdk/imt_sdk_win_64/winavr/bin/../lib/gcc/avr/4.3.3/avr5\libgcc.a
LOAD d:/embedded tools/02-avr tools/03-imt sdk/03- imt sdk/imt_sdk_win_64/winavr/bin/../lib/gcc/avr/4.3.3/../../../../avr/lib/avr5\libc.a
LOAD d:/embedded tools/02-avr tools/03-imt sdk/03- imt sdk/imt_sdk_win_64/winavr/bin/../lib/gcc/avr/4.3.3/avr5\libgcc.a

.hash
 *(.hash)

.dynsym
 *(.dynsym)

.dynstr
 *(.dynstr)

.gnu.version
 *(.gnu.version)

.gnu.version_d
 *(.gnu.version_d)

.gnu.version_r
 *(.gnu.version_r)

.rel.init
 *(.rel.init)

.rela.init
 *(.rela.init)

.rel.text
 *(.rel.text)
 *(.rel.text.*)
 *(.rel.gnu.linkonce.t*)

.rela.text
 *(.rela.text)
 *(.rela.text.*)
 *(.rela.gnu.linkonce.t*)

.rel.fini
 *(.rel.fini)

.rela.fini
 *(.rela.fini)

.rel.rodata
 *(.rel.rodata)
 *(.rel.rodata.*)
 *(.rel.gnu.linkonce.r*)

.rela.rodata
 *(.rela.rodata)
 *(.rela.rodata.*)
 *(.rela.gnu.linkonce.r*)

.rel.data
 *(.rel.data)
 *(.rel.data.*)
 *(.rel.gnu.linkonce.d*)

.rela.data
 *(.rela.data)
 *(.rela.data.*)
 *(.rela.gnu.linkonce.d*)

.rel.ctors
 *(.rel.ctors)

.rela.ctors
 *(.rela.ctors)

.rel.dtors
 *(.rel.dtors)

.rela.dtors
 *(.rela.dtors)

.rel.got
 *(.rel.got)

.rela.got
 *(.rela.got)

.rel.bss
 *(.rel.bss)

.rela.bss
 *(.rela.bss)

.rel.plt
 *(.rel.plt)

.rela.plt
 *(.rela.plt)

.text           0x00000000     0x1846
 *(.vectors)
 .vectors       0x00000000       0x54 d:/embedded tools/02-avr tools/03-imt sdk/03- imt sdk/imt_sdk_win_64/winavr/bin/../lib/gcc/avr/4.3.3/../../../../avr/lib/avr5/crtm32.o
                0x00000000                __vectors
                0x00000000                __vector_default
 *(.vectors)
 *(.progmem.gcc*)
 *(.progmem*)
                0x00000054                . = ALIGN (0x2)
                0x00000054                __trampolines_start = .
 *(.trampolines)
 .trampolines   0x00000054        0x0 linker stubs
 *(.trampolines*)
                0x00000054                __trampolines_end = .
 *(.jumptables)
 *(.jumptables*)
 *(.lowtext)
 *(.lowtext*)
                0x00000054                __ctors_start = .
 *(.ctors)
                0x00000054                __ctors_end = .
                0x00000054                __dtors_start = .
 *(.dtors)
                0x00000054                __dtors_end = .
 SORT(*)(.ctors)
 SORT(*)(.dtors)
 *(.init0)
 .init0         0x00000054        0x0 d:/embedded tools/02-avr tools/03-imt sdk/03- imt sdk/imt_sdk_win_64/winavr/bin/../lib/gcc/avr/4.3.3/../../../../avr/lib/avr5/crtm32.o
                0x00000054                __init
 *(.init0)
 *(.init1)
 *(.init1)
 *(.init2)
 .init2         0x00000054        0xc d:/embedded tools/02-avr tools/03-imt sdk/03- imt sdk/imt_sdk_win_64/winavr/bin/../lib/gcc/avr/4.3.3/../../../../avr/lib/avr5/crtm32.o
 *(.init2)
 *(.init3)
 *(.init3)
 *(.init4)
 .init4         0x00000060       0x16 d:/embedded tools/02-avr tools/03-imt sdk/03- imt sdk/imt_sdk_win_64/winavr/bin/../lib/gcc/avr/4.3.3/avr5\libgcc.a(_copy_data.o)
                0x00000060                __do_copy_data
 .init4         0x00000076       0x10 d:/embedded tools/02-avr tools/03-imt sdk/03- imt sdk/imt_sdk_win_64/winavr/bin/../lib/gcc/avr/4.3.3/avr5\libgcc.a(_clear_bss.o)
                0x00000076                __do_clear_bss
 *(.init4)
 *(.init5)
 *(.init5)
 *(.init6)
 *(.init6)
 *(.init7)
 *(.init7)
 *(.init8)
 *(.init8)
 *(.init9)
 .init9         0x00000086        0x8 d:/embedded tools/02-avr tools/03-imt sdk/03- imt sdk/imt_sdk_win_64/winavr/bin/../lib/gcc/avr/4.3.3/../../../../avr/lib/avr5/crtm32.o
 *(.init9)
 *(.text)
 .text          0x0000008e        0x4 d:/embedded tools/02-avr tools/03-imt sdk/03- imt sdk/imt_sdk_win_64/winavr/bin/../lib/gcc/avr/4.3.3/../../../../avr/lib/avr5/crtm32.o
                0x0000008e                __vector_12
                0x0000008e                __bad_interrupt
                0x0000008e                __vector_6
                0x0000008e                __vector_11
                0x0000008e                __vector_13
                0x0000008e                __vector_17
                0x0000008e                __vector_19
                0x0000008e                __vector_7
                0x0000008e                __vector_5
                0x0000008e                __vector_4
                0x0000008e                __vector_9
                0x0000008e                __vector_15
                0x0000008e                __vector_8
                0x0000008e                __vector_14
                0x0000008e                __vector_10
                0x0000008e                __vector_16
                0x0000008e                __vector_18
                0x0000008e                __vector_20
 .text          0x00000092        0x0 ./MCAL/TIMER0/TIMER_program.o
 .text          0x00000092        0x0 ./MCAL/PORT/PORT_program.o
 .text          0x00000092        0x0 ./MCAL/GIE/GIE_program.o
 .text          0x00000092        0x0 ./MCAL/EXTI/EXTI_program.o
 .text          0x00000092        0x0 ./MCAL/DIO/DIO_program.o
 .text          0x00000092        0x0 ./HAL/SWITCH/SW_program.o
 .text          0x00000092        0x0 ./HAL/LED/LED_program.o
 .text          0x00000092        0x0 ./APP/APP_program.o
 .text          0x00000092        0x0 ./main.o
 .text          0x00000092        0x0 d:/embedded tools/02-avr tools/03-imt sdk/03- imt sdk/imt_sdk_win_64/winavr/bin/../lib/gcc/avr/4.3.3/avr5\libgcc.a(_exit.o)
 .text          0x00000092        0x0 d:/embedded tools/02-avr tools/03-imt sdk/03- imt sdk/imt_sdk_win_64/winavr/bin/../lib/gcc/avr/4.3.3/avr5\libgcc.a(_copy_data.o)
 .text          0x00000092        0x0 d:/embedded tools/02-avr tools/03-imt sdk/03- imt sdk/imt_sdk_win_64/winavr/bin/../lib/gcc/avr/4.3.3/avr5\libgcc.a(_clear_bss.o)
 .text          0x00000092       0x58 d:/embedded tools/02-avr tools/03-imt sdk/03- imt sdk/imt_sdk_win_64/winavr/bin/../lib/gcc/avr/4.3.3/avr5\libgcc.a(_fixunssfsi.o)
                0x00000092                __fixunssfsi
 .text          0x000000ea      0x354 d:/embedded tools/02-avr tools/03-imt sdk/03- imt sdk/imt_sdk_win_64/winavr/bin/../lib/gcc/avr/4.3.3/avr5\libgcc.a(_addsub_sf.o)
                0x00000382                __subsf3
                0x000003e4                __addsf3
 .text          0x0000043e      0x158 d:/embedded tools/02-avr tools/03-imt sdk/03- imt sdk/imt_sdk_win_64/winavr/bin/../lib/gcc/avr/4.3.3/avr5\libgcc.a(_div_sf.o)
                0x0000043e                __divsf3
 .text          0x00000596       0x60 d:/embedded tools/02-avr tools/03-imt sdk/03- imt sdk/imt_sdk_win_64/winavr/bin/../lib/gcc/avr/4.3.3/avr5\libgcc.a(_eq_sf.o)
                0x00000596                __eqsf2
 .text          0x000005f6       0x60 d:/embedded tools/02-avr tools/03-imt sdk/03- imt sdk/imt_sdk_win_64/winavr/bin/../lib/gcc/avr/4.3.3/avr5\libgcc.a(_ge_sf.o)
                0x000005f6                __gesf2
 .text          0x00000656       0x60 d:/embedded tools/02-avr tools/03-imt sdk/03- imt sdk/imt_sdk_win_64/winavr/bin/../lib/gcc/avr/4.3.3/avr5\libgcc.a(_lt_sf.o)
                0x00000656                __ltsf2
 .text          0x000006b6       0xa8 d:/embedded tools/02-avr tools/03-imt sdk/03- imt sdk/imt_sdk_win_64/winavr/bin/../lib/gcc/avr/4.3.3/avr5\libgcc.a(_sf_to_si.o)
                0x000006b6                __fixsfsi
 .text          0x0000075e        0x0 d:/embedded tools/02-avr tools/03-imt sdk/03- imt sdk/imt_sdk_win_64/winavr/bin/../lib/gcc/avr/4.3.3/avr5\libgcc.a(_thenan_sf.o)
 .text          0x0000075e       0xf2 d:/embedded tools/02-avr tools/03-imt sdk/03- imt sdk/imt_sdk_win_64/winavr/bin/../lib/gcc/avr/4.3.3/avr5\libgcc.a(_usi_to_sf.o)
                0x0000075e                __floatunsisf
 .text          0x00000850        0x0 d:/embedded tools/02-avr tools/03-imt sdk/03- imt sdk/imt_sdk_win_64/winavr/bin/../lib/gcc/avr/4.3.3/avr5\libgcc.a(_prologue.o)
 .text          0x00000850        0x0 d:/embedded tools/02-avr tools/03-imt sdk/03- imt sdk/imt_sdk_win_64/winavr/bin/../lib/gcc/avr/4.3.3/avr5\libgcc.a(_epilogue.o)
 .text          0x00000850       0x9e d:/embedded tools/02-avr tools/03-imt sdk/03- imt sdk/imt_sdk_win_64/winavr/bin/../lib/gcc/avr/4.3.3/avr5\libgcc.a(_clzsi2.o)
                0x00000850                __clzsi2
 .text          0x000008ee      0x1aa d:/embedded tools/02-avr tools/03-imt sdk/03- imt sdk/imt_sdk_win_64/winavr/bin/../lib/gcc/avr/4.3.3/avr5\libgcc.a(_pack_sf.o)
                0x000008ee                __pack_f
 .text          0x00000a98       0xf0 d:/embedded tools/02-avr tools/03-imt sdk/03- imt sdk/imt_sdk_win_64/winavr/bin/../lib/gcc/avr/4.3.3/avr5\libgcc.a(_unpack_sf.o)
                0x00000a98                __unpack_f
 .text          0x00000b88       0xb2 d:/embedded tools/02-avr tools/03-imt sdk/03- imt sdk/imt_sdk_win_64/winavr/bin/../lib/gcc/avr/4.3.3/avr5\libgcc.a(_fpcmp_parts_sf.o)
                0x00000b88                __fpcmp_parts_f
 .text          0x00000c3a        0x0 d:/embedded tools/02-avr tools/03-imt sdk/03- imt sdk/imt_sdk_win_64/winavr/bin/../lib/gcc/avr/4.3.3/avr5\libgcc.a(_clz.o)
 .text          0x00000c3a        0x0 d:/embedded tools/02-avr tools/03-imt sdk/03- imt sdk/imt_sdk_win_64/winavr/bin/../lib/gcc/avr/4.3.3/../../../../avr/lib/avr5\libc.a(ceil.o)
 .text          0x00000c3a        0x0 d:/embedded tools/02-avr tools/03-imt sdk/03- imt sdk/imt_sdk_win_64/winavr/bin/../lib/gcc/avr/4.3.3/../../../../avr/lib/avr5\libc.a(fp_mintl.o)
 .text          0x00000c3a        0x0 d:/embedded tools/02-avr tools/03-imt sdk/03- imt sdk/imt_sdk_win_64/winavr/bin/../lib/gcc/avr/4.3.3/../../../../avr/lib/avr5\libc.a(fp_mpack.o)
 .text          0x00000c3a        0x0 d:/embedded tools/02-avr tools/03-imt sdk/03- imt sdk/imt_sdk_win_64/winavr/bin/../lib/gcc/avr/4.3.3/../../../../avr/lib/avr5\libc.a(fp_trunc.o)
 .text          0x00000c3a        0x0 d:/embedded tools/02-avr tools/03-imt sdk/03- imt sdk/imt_sdk_win_64/winavr/bin/../lib/gcc/avr/4.3.3/../../../../avr/lib/avr5\libc.a(fp_zero.o)
 .text          0x00000c3a        0x0 d:/embedded tools/02-avr tools/03-imt sdk/03- imt sdk/imt_sdk_win_64/winavr/bin/../lib/gcc/avr/4.3.3/../../../../avr/lib/avr5\libc.a(fp_split3.o)
                0x00000c3a                . = ALIGN (0x2)
 *(.text.*)
 .text.TIMER_voidTimer0Init
                0x00000c3a        0xe ./MCAL/TIMER0/TIMER_program.o
                0x00000c3a                TIMER_voidTimer0Init
 .text.TIMER_voidTimer0Delay
                0x00000c48      0x11e ./MCAL/TIMER0/TIMER_program.o
                0x00000c48                TIMER_voidTimer0Delay
 .text.PORT_voidInit
                0x00000d66       0x16 ./MCAL/PORT/PORT_program.o
                0x00000d66                PORT_voidInit
 .text.GIE_voidEnable
                0x00000d7c        0x8 ./MCAL/GIE/GIE_program.o
                0x00000d7c                GIE_voidEnable
 .text.GIE_voidDisable
                0x00000d84        0x8 ./MCAL/GIE/GIE_program.o
                0x00000d84                GIE_voidDisable
 .text.EXTI_voidInt0Init
                0x00000d8c       0x14 ./MCAL/EXTI/EXTI_program.o
                0x00000d8c                EXTI_voidInt0Init
 .text.EXTI_voidInt1Init
                0x00000da0       0x14 ./MCAL/EXTI/EXTI_program.o
                0x00000da0                EXTI_voidInt1Init
 .text.EXTI_voidInt2Init
                0x00000db4        0xe ./MCAL/EXTI/EXTI_program.o
                0x00000db4                EXTI_voidInt2Init
 .text.EXTI_u8IntSetSenseControl
                0x00000dc2       0xa8 ./MCAL/EXTI/EXTI_program.o
                0x00000dc2                EXTI_u8IntSetSenseControl
 .text.EXTI_u8IntGISRState
                0x00000e6a       0x4c ./MCAL/EXTI/EXTI_program.o
                0x00000e6a                EXTI_u8IntGISRState
 .text.EXTI_voidInt0SetCallBack
                0x00000eb6       0x14 ./MCAL/EXTI/EXTI_program.o
                0x00000eb6                EXTI_voidInt0SetCallBack
 .text.__vector_1
                0x00000eca       0x52 ./MCAL/EXTI/EXTI_program.o
                0x00000eca                __vector_1
 .text.EXTI_voidInt1SetCallBack
                0x00000f1c       0x14 ./MCAL/EXTI/EXTI_program.o
                0x00000f1c                EXTI_voidInt1SetCallBack
 .text.__vector_2
                0x00000f30       0x52 ./MCAL/EXTI/EXTI_program.o
                0x00000f30                __vector_2
 .text.EXTI_voidInt2SetCallBack
                0x00000f82       0x14 ./MCAL/EXTI/EXTI_program.o
                0x00000f82                EXTI_voidInt2SetCallBack
 .text.__vector_3
                0x00000f96       0x52 ./MCAL/EXTI/EXTI_program.o
                0x00000f96                __vector_3
 .text.DIO_u8SetPinDirection
                0x00000fe8       0xf2 ./MCAL/DIO/DIO_program.o
                0x00000fe8                DIO_u8SetPinDirection
 .text.DIO_u8SetPortDirection
                0x000010da       0x28 ./MCAL/DIO/DIO_program.o
                0x000010da                DIO_u8SetPortDirection
 .text.DIO_u8SetPinValue
                0x00001102       0xf2 ./MCAL/DIO/DIO_program.o
                0x00001102                DIO_u8SetPinValue
 .text.DIO_u8SetPortValue
                0x000011f4       0x28 ./MCAL/DIO/DIO_program.o
                0x000011f4                DIO_u8SetPortValue
 .text.DIO_u8GetPinValue
                0x0000121c       0x44 ./MCAL/DIO/DIO_program.o
                0x0000121c                DIO_u8GetPinValue
 .text.SW_u8GetPressed
                0x00001260       0x64 ./HAL/SWITCH/SW_program.o
                0x00001260                SW_u8GetPressed
 .text.SW_voidInit
                0x000012c4       0x44 ./HAL/SWITCH/SW_program.o
                0x000012c4                SW_voidInit
 .text.LED_u8LEDOff
                0x00001308       0x3e ./HAL/LED/LED_program.o
                0x00001308                LED_u8LEDOff
 .text.LED_u8LEDOn
                0x00001346       0x3e ./HAL/LED/LED_program.o
                0x00001346                LED_u8LEDOn
 .text.LED_u8Toggle
                0x00001384       0x96 ./HAL/LED/LED_program.o
                0x00001384                LED_u8Toggle
 .text.APP_voidFinish
                0x0000141a       0xc6 ./APP/APP_program.o
                0x0000141a                APP_voidFinish
 .text.APP_voidPedestrianMode
                0x000014e0       0xe2 ./APP/APP_program.o
                0x000014e0                APP_voidPedestrianMode
 .text.APP_voidStart
                0x000015c2       0xce ./APP/APP_program.o
                0x000015c2                APP_voidStart
 .text.INT0_ISR
                0x00001690        0xc ./APP/APP_program.o
                0x00001690                INT0_ISR
 .text.APP_voidInit
                0x0000169c       0x36 ./APP/APP_program.o
                0x0000169c                APP_voidInit
 .text.main     0x000016d2        0xa ./main.o
                0x000016d2                main
 .text.libgcc   0x000016dc        0x0 d:/embedded tools/02-avr tools/03-imt sdk/03- imt sdk/imt_sdk_win_64/winavr/bin/../lib/gcc/avr/4.3.3/avr5\libgcc.a(_exit.o)
 .text.libgcc   0x000016dc        0x0 d:/embedded tools/02-avr tools/03-imt sdk/03- imt sdk/imt_sdk_win_64/winavr/bin/../lib/gcc/avr/4.3.3/avr5\libgcc.a(_copy_data.o)
 .text.libgcc   0x000016dc        0x0 d:/embedded tools/02-avr tools/03-imt sdk/03- imt sdk/imt_sdk_win_64/winavr/bin/../lib/gcc/avr/4.3.3/avr5\libgcc.a(_clear_bss.o)
 .text.libgcc   0x000016dc       0x38 d:/embedded tools/02-avr tools/03-imt sdk/03- imt sdk/imt_sdk_win_64/winavr/bin/../lib/gcc/avr/4.3.3/avr5\libgcc.a(_prologue.o)
                0x000016dc                __prologue_saves__
 .text.libgcc   0x00001714       0x36 d:/embedded tools/02-avr tools/03-imt sdk/03- imt sdk/imt_sdk_win_64/winavr/bin/../lib/gcc/avr/4.3.3/avr5\libgcc.a(_epilogue.o)
                0x00001714                __epilogue_restores__
 .text.avr-libc.fplib
                0x0000174a       0x26 d:/embedded tools/02-avr tools/03-imt sdk/03- imt sdk/imt_sdk_win_64/winavr/bin/../lib/gcc/avr/4.3.3/../../../../avr/lib/avr5\libc.a(ceil.o)
                0x0000174a                ceil
 .text.avr-libc.fplib
                0x00001770       0x36 d:/embedded tools/02-avr tools/03-imt sdk/03- imt sdk/imt_sdk_win_64/winavr/bin/../lib/gcc/avr/4.3.3/../../../../avr/lib/avr5\libc.a(fp_mintl.o)
                0x00001770                __fp_mintl
 .text.avr-libc.fplib
                0x000017a6       0x1c d:/embedded tools/02-avr tools/03-imt sdk/03- imt sdk/imt_sdk_win_64/winavr/bin/../lib/gcc/avr/4.3.3/../../../../avr/lib/avr5\libc.a(fp_mpack.o)
                0x000017aa                __fp_mpack_finite
                0x000017a6                __fp_mpack
 .text.avr-libc.fplib
                0x000017c2       0x2e d:/embedded tools/02-avr tools/03-imt sdk/03- imt sdk/imt_sdk_win_64/winavr/bin/../lib/gcc/avr/4.3.3/../../../../avr/lib/avr5\libc.a(fp_trunc.o)
                0x000017c2                __fp_trunc
 .text.avr-libc.fplib
                0x000017f0        0xe d:/embedded tools/02-avr tools/03-imt sdk/03- imt sdk/imt_sdk_win_64/winavr/bin/../lib/gcc/avr/4.3.3/../../../../avr/lib/avr5\libc.a(fp_zero.o)
                0x000017f0                __fp_zero
                0x000017f2                __fp_szero
 .text.avr-libc.fplib
                0x000017fe       0x44 d:/embedded tools/02-avr tools/03-imt sdk/03- imt sdk/imt_sdk_win_64/winavr/bin/../lib/gcc/avr/4.3.3/../../../../avr/lib/avr5\libc.a(fp_split3.o)
                0x000017fe                __fp_split3
                0x0000180e                __fp_splitA
                0x00001842                . = ALIGN (0x2)
 *(.fini9)
 .fini9         0x00001842        0x0 d:/embedded tools/02-avr tools/03-imt sdk/03- imt sdk/imt_sdk_win_64/winavr/bin/../lib/gcc/avr/4.3.3/avr5\libgcc.a(_exit.o)
                0x00001842                exit
                0x00001842                _exit
 *(.fini9)
 *(.fini8)
 *(.fini8)
 *(.fini7)
 *(.fini7)
 *(.fini6)
 *(.fini6)
 *(.fini5)
 *(.fini5)
 *(.fini4)
 *(.fini4)
 *(.fini3)
 *(.fini3)
 *(.fini2)
 *(.fini2)
 *(.fini1)
 *(.fini1)
 *(.fini0)
 .fini0         0x00001842        0x4 d:/embedded tools/02-avr tools/03-imt sdk/03- imt sdk/imt_sdk_win_64/winavr/bin/../lib/gcc/avr/4.3.3/avr5\libgcc.a(_exit.o)
 *(.fini0)
                0x00001846                _etext = .

.data           0x00800060      0x11e load address 0x00001846
                0x00800060                PROVIDE (__data_start, .)
 *(.data)
 .data          0x00800060        0x0 d:/embedded tools/02-avr tools/03-imt sdk/03- imt sdk/imt_sdk_win_64/winavr/bin/../lib/gcc/avr/4.3.3/../../../../avr/lib/avr5/crtm32.o
 .data          0x00800060        0x0 ./MCAL/TIMER0/TIMER_program.o
 .data          0x00800060        0x0 ./MCAL/PORT/PORT_program.o
 .data          0x00800060        0x0 ./MCAL/GIE/GIE_program.o
 .data          0x00800060        0x0 ./MCAL/EXTI/EXTI_program.o
 .data          0x00800060        0x0 ./MCAL/DIO/DIO_program.o
 .data          0x00800060        0x0 ./HAL/SWITCH/SW_program.o
 .data          0x00800060        0x0 ./HAL/LED/LED_program.o
 .data          0x00800060        0x0 ./APP/APP_program.o
 .data          0x00800060        0x0 ./main.o
 .data          0x00800060        0x0 d:/embedded tools/02-avr tools/03-imt sdk/03- imt sdk/imt_sdk_win_64/winavr/bin/../lib/gcc/avr/4.3.3/avr5\libgcc.a(_exit.o)
 .data          0x00800060        0x0 d:/embedded tools/02-avr tools/03-imt sdk/03- imt sdk/imt_sdk_win_64/winavr/bin/../lib/gcc/avr/4.3.3/avr5\libgcc.a(_copy_data.o)
 .data          0x00800060        0x0 d:/embedded tools/02-avr tools/03-imt sdk/03- imt sdk/imt_sdk_win_64/winavr/bin/../lib/gcc/avr/4.3.3/avr5\libgcc.a(_clear_bss.o)
 .data          0x00800060        0x0 d:/embedded tools/02-avr tools/03-imt sdk/03- imt sdk/imt_sdk_win_64/winavr/bin/../lib/gcc/avr/4.3.3/avr5\libgcc.a(_fixunssfsi.o)
 .data          0x00800060        0x0 d:/embedded tools/02-avr tools/03-imt sdk/03- imt sdk/imt_sdk_win_64/winavr/bin/../lib/gcc/avr/4.3.3/avr5\libgcc.a(_addsub_sf.o)
 .data          0x00800060        0x0 d:/embedded tools/02-avr tools/03-imt sdk/03- imt sdk/imt_sdk_win_64/winavr/bin/../lib/gcc/avr/4.3.3/avr5\libgcc.a(_div_sf.o)
 .data          0x00800060        0x0 d:/embedded tools/02-avr tools/03-imt sdk/03- imt sdk/imt_sdk_win_64/winavr/bin/../lib/gcc/avr/4.3.3/avr5\libgcc.a(_eq_sf.o)
 .data          0x00800060        0x0 d:/embedded tools/02-avr tools/03-imt sdk/03- imt sdk/imt_sdk_win_64/winavr/bin/../lib/gcc/avr/4.3.3/avr5\libgcc.a(_ge_sf.o)
 .data          0x00800060        0x0 d:/embedded tools/02-avr tools/03-imt sdk/03- imt sdk/imt_sdk_win_64/winavr/bin/../lib/gcc/avr/4.3.3/avr5\libgcc.a(_lt_sf.o)
 .data          0x00800060        0x0 d:/embedded tools/02-avr tools/03-imt sdk/03- imt sdk/imt_sdk_win_64/winavr/bin/../lib/gcc/avr/4.3.3/avr5\libgcc.a(_sf_to_si.o)
 .data          0x00800060        0x8 d:/embedded tools/02-avr tools/03-imt sdk/03- imt sdk/imt_sdk_win_64/winavr/bin/../lib/gcc/avr/4.3.3/avr5\libgcc.a(_thenan_sf.o)
                0x00800060                __thenan_sf
 .data          0x00800068        0x0 d:/embedded tools/02-avr tools/03-imt sdk/03- imt sdk/imt_sdk_win_64/winavr/bin/../lib/gcc/avr/4.3.3/avr5\libgcc.a(_usi_to_sf.o)
 .data          0x00800068        0x0 d:/embedded tools/02-avr tools/03-imt sdk/03- imt sdk/imt_sdk_win_64/winavr/bin/../lib/gcc/avr/4.3.3/avr5\libgcc.a(_prologue.o)
 .data          0x00800068        0x0 d:/embedded tools/02-avr tools/03-imt sdk/03- imt sdk/imt_sdk_win_64/winavr/bin/../lib/gcc/avr/4.3.3/avr5\libgcc.a(_epilogue.o)
 .data          0x00800068        0x0 d:/embedded tools/02-avr tools/03-imt sdk/03- imt sdk/imt_sdk_win_64/winavr/bin/../lib/gcc/avr/4.3.3/avr5\libgcc.a(_clzsi2.o)
 .data          0x00800068        0x0 d:/embedded tools/02-avr tools/03-imt sdk/03- imt sdk/imt_sdk_win_64/winavr/bin/../lib/gcc/avr/4.3.3/avr5\libgcc.a(_pack_sf.o)
 .data          0x00800068        0x0 d:/embedded tools/02-avr tools/03-imt sdk/03- imt sdk/imt_sdk_win_64/winavr/bin/../lib/gcc/avr/4.3.3/avr5\libgcc.a(_unpack_sf.o)
 .data          0x00800068        0x0 d:/embedded tools/02-avr tools/03-imt sdk/03- imt sdk/imt_sdk_win_64/winavr/bin/../lib/gcc/avr/4.3.3/avr5\libgcc.a(_fpcmp_parts_sf.o)
 .data          0x00800068      0x100 d:/embedded tools/02-avr tools/03-imt sdk/03- imt sdk/imt_sdk_win_64/winavr/bin/../lib/gcc/avr/4.3.3/avr5\libgcc.a(_clz.o)
                0x00800068                __clz_tab
 .data          0x00800168        0x0 d:/embedded tools/02-avr tools/03-imt sdk/03- imt sdk/imt_sdk_win_64/winavr/bin/../lib/gcc/avr/4.3.3/../../../../avr/lib/avr5\libc.a(ceil.o)
 .data          0x00800168        0x0 d:/embedded tools/02-avr tools/03-imt sdk/03- imt sdk/imt_sdk_win_64/winavr/bin/../lib/gcc/avr/4.3.3/../../../../avr/lib/avr5\libc.a(fp_mintl.o)
 .data          0x00800168        0x0 d:/embedded tools/02-avr tools/03-imt sdk/03- imt sdk/imt_sdk_win_64/winavr/bin/../lib/gcc/avr/4.3.3/../../../../avr/lib/avr5\libc.a(fp_mpack.o)
 .data          0x00800168        0x0 d:/embedded tools/02-avr tools/03-imt sdk/03- imt sdk/imt_sdk_win_64/winavr/bin/../lib/gcc/avr/4.3.3/../../../../avr/lib/avr5\libc.a(fp_trunc.o)
 .data          0x00800168        0x0 d:/embedded tools/02-avr tools/03-imt sdk/03- imt sdk/imt_sdk_win_64/winavr/bin/../lib/gcc/avr/4.3.3/../../../../avr/lib/avr5\libc.a(fp_zero.o)
 .data          0x00800168        0x0 d:/embedded tools/02-avr tools/03-imt sdk/03- imt sdk/imt_sdk_win_64/winavr/bin/../lib/gcc/avr/4.3.3/../../../../avr/lib/avr5\libc.a(fp_split3.o)
 *(.data*)
 .data.carRedLED
                0x00800168        0x3 ./APP/APP_program.o
                0x00800168                carRedLED
 .data.carGreenLED
                0x0080016b        0x3 ./APP/APP_program.o
                0x0080016b                carGreenLED
 .data.carYellowLED
                0x0080016e        0x3 ./APP/APP_program.o
                0x0080016e                carYellowLED
 .data.pedesRedLED
                0x00800171        0x3 ./APP/APP_program.o
                0x00800171                pedesRedLED
 .data.pedesGreenLED
                0x00800174        0x3 ./APP/APP_program.o
                0x00800174                pedesGreenLED
 .data.pedesYellowLED
                0x00800177        0x3 ./APP/APP_program.o
                0x00800177                pedesYellowLED
 .data.interrupt_SW
                0x0080017a        0x3 ./APP/APP_program.o
                0x0080017a                interrupt_SW
 *(.rodata)
 *(.rodata*)
 *(.gnu.linkonce.d*)
                0x0080017e                . = ALIGN (0x2)
 *fill*         0x0080017d        0x1 00
                0x0080017e                _edata = .
                0x0080017e                PROVIDE (__data_end, .)

.bss            0x0080017e        0xd
                0x0080017e                PROVIDE (__bss_start, .)
 *(.bss)
 .bss           0x0080017e        0x0 d:/embedded tools/02-avr tools/03-imt sdk/03- imt sdk/imt_sdk_win_64/winavr/bin/../lib/gcc/avr/4.3.3/../../../../avr/lib/avr5/crtm32.o
 .bss           0x0080017e        0x0 ./MCAL/TIMER0/TIMER_program.o
 .bss           0x0080017e        0x0 ./MCAL/PORT/PORT_program.o
 .bss           0x0080017e        0x0 ./MCAL/GIE/GIE_program.o
 .bss           0x0080017e        0x0 ./MCAL/EXTI/EXTI_program.o
 .bss           0x0080017e        0x0 ./MCAL/DIO/DIO_program.o
 .bss           0x0080017e        0x0 ./HAL/SWITCH/SW_program.o
 .bss           0x0080017e        0x0 ./HAL/LED/LED_program.o
 .bss           0x0080017e        0x0 ./APP/APP_program.o
 .bss           0x0080017e        0x0 ./main.o
 .bss           0x0080017e        0x0 d:/embedded tools/02-avr tools/03-imt sdk/03- imt sdk/imt_sdk_win_64/winavr/bin/../lib/gcc/avr/4.3.3/avr5\libgcc.a(_exit.o)
 .bss           0x0080017e        0x0 d:/embedded tools/02-avr tools/03-imt sdk/03- imt sdk/imt_sdk_win_64/winavr/bin/../lib/gcc/avr/4.3.3/avr5\libgcc.a(_copy_data.o)
 .bss           0x0080017e        0x0 d:/embedded tools/02-avr tools/03-imt sdk/03- imt sdk/imt_sdk_win_64/winavr/bin/../lib/gcc/avr/4.3.3/avr5\libgcc.a(_clear_bss.o)
 .bss           0x0080017e        0x0 d:/embedded tools/02-avr tools/03-imt sdk/03- imt sdk/imt_sdk_win_64/winavr/bin/../lib/gcc/avr/4.3.3/avr5\libgcc.a(_fixunssfsi.o)
 .bss           0x0080017e        0x0 d:/embedded tools/02-avr tools/03-imt sdk/03- imt sdk/imt_sdk_win_64/winavr/bin/../lib/gcc/avr/4.3.3/avr5\libgcc.a(_addsub_sf.o)
 .bss           0x0080017e        0x0 d:/embedded tools/02-avr tools/03-imt sdk/03- imt sdk/imt_sdk_win_64/winavr/bin/../lib/gcc/avr/4.3.3/avr5\libgcc.a(_div_sf.o)
 .bss           0x0080017e        0x0 d:/embedded tools/02-avr tools/03-imt sdk/03- imt sdk/imt_sdk_win_64/winavr/bin/../lib/gcc/avr/4.3.3/avr5\libgcc.a(_eq_sf.o)
 .bss           0x0080017e        0x0 d:/embedded tools/02-avr tools/03-imt sdk/03- imt sdk/imt_sdk_win_64/winavr/bin/../lib/gcc/avr/4.3.3/avr5\libgcc.a(_ge_sf.o)
 .bss           0x0080017e        0x0 d:/embedded tools/02-avr tools/03-imt sdk/03- imt sdk/imt_sdk_win_64/winavr/bin/../lib/gcc/avr/4.3.3/avr5\libgcc.a(_lt_sf.o)
 .bss           0x0080017e        0x0 d:/embedded tools/02-avr tools/03-imt sdk/03- imt sdk/imt_sdk_win_64/winavr/bin/../lib/gcc/avr/4.3.3/avr5\libgcc.a(_sf_to_si.o)
 .bss           0x0080017e        0x0 d:/embedded tools/02-avr tools/03-imt sdk/03- imt sdk/imt_sdk_win_64/winavr/bin/../lib/gcc/avr/4.3.3/avr5\libgcc.a(_thenan_sf.o)
 .bss           0x0080017e        0x0 d:/embedded tools/02-avr tools/03-imt sdk/03- imt sdk/imt_sdk_win_64/winavr/bin/../lib/gcc/avr/4.3.3/avr5\libgcc.a(_usi_to_sf.o)
 .bss           0x0080017e        0x0 d:/embedded tools/02-avr tools/03-imt sdk/03- imt sdk/imt_sdk_win_64/winavr/bin/../lib/gcc/avr/4.3.3/avr5\libgcc.a(_prologue.o)
 .bss           0x0080017e        0x0 d:/embedded tools/02-avr tools/03-imt sdk/03- imt sdk/imt_sdk_win_64/winavr/bin/../lib/gcc/avr/4.3.3/avr5\libgcc.a(_epilogue.o)
 .bss           0x0080017e        0x0 d:/embedded tools/02-avr tools/03-imt sdk/03- imt sdk/imt_sdk_win_64/winavr/bin/../lib/gcc/avr/4.3.3/avr5\libgcc.a(_clzsi2.o)
 .bss           0x0080017e        0x0 d:/embedded tools/02-avr tools/03-imt sdk/03- imt sdk/imt_sdk_win_64/winavr/bin/../lib/gcc/avr/4.3.3/avr5\libgcc.a(_pack_sf.o)
 .bss           0x0080017e        0x0 d:/embedded tools/02-avr tools/03-imt sdk/03- imt sdk/imt_sdk_win_64/winavr/bin/../lib/gcc/avr/4.3.3/avr5\libgcc.a(_unpack_sf.o)
 .bss           0x0080017e        0x0 d:/embedded tools/02-avr tools/03-imt sdk/03- imt sdk/imt_sdk_win_64/winavr/bin/../lib/gcc/avr/4.3.3/avr5\libgcc.a(_fpcmp_parts_sf.o)
 .bss           0x0080017e        0x0 d:/embedded tools/02-avr tools/03-imt sdk/03- imt sdk/imt_sdk_win_64/winavr/bin/../lib/gcc/avr/4.3.3/avr5\libgcc.a(_clz.o)
 .bss           0x0080017e        0x0 d:/embedded tools/02-avr tools/03-imt sdk/03- imt sdk/imt_sdk_win_64/winavr/bin/../lib/gcc/avr/4.3.3/../../../../avr/lib/avr5\libc.a(ceil.o)
 .bss           0x0080017e        0x0 d:/embedded tools/02-avr tools/03-imt sdk/03- imt sdk/imt_sdk_win_64/winavr/bin/../lib/gcc/avr/4.3.3/../../../../avr/lib/avr5\libc.a(fp_mintl.o)
 .bss           0x0080017e        0x0 d:/embedded tools/02-avr tools/03-imt sdk/03- imt sdk/imt_sdk_win_64/winavr/bin/../lib/gcc/avr/4.3.3/../../../../avr/lib/avr5\libc.a(fp_mpack.o)
 .bss           0x0080017e        0x0 d:/embedded tools/02-avr tools/03-imt sdk/03- imt sdk/imt_sdk_win_64/winavr/bin/../lib/gcc/avr/4.3.3/../../../../avr/lib/avr5\libc.a(fp_trunc.o)
 .bss           0x0080017e        0x0 d:/embedded tools/02-avr tools/03-imt sdk/03- imt sdk/imt_sdk_win_64/winavr/bin/../lib/gcc/avr/4.3.3/../../../../avr/lib/avr5\libc.a(fp_zero.o)
 .bss           0x0080017e        0x0 d:/embedded tools/02-avr tools/03-imt sdk/03- imt sdk/imt_sdk_win_64/winavr/bin/../lib/gcc/avr/4.3.3/../../../../avr/lib/avr5\libc.a(fp_split3.o)
 *(.bss*)
 .bss.EXTI_pvInt0Func
                0x0080017e        0x2 ./MCAL/EXTI/EXTI_program.o
                0x0080017e                EXTI_pvInt0Func
 .bss.EXTI_pvInt1Func
                0x00800180        0x2 ./MCAL/EXTI/EXTI_program.o
                0x00800180                EXTI_pvInt1Func
 .bss.EXTI_pvInt2Func
                0x00800182        0x2 ./MCAL/EXTI/EXTI_program.o
                0x00800182                EXTI_pvInt2Func
 .bss.carRed_LED
                0x00800184        0x1 ./APP/APP_program.o
                0x00800184                carRed_LED
 .bss.carGreen_LED
                0x00800185        0x1 ./APP/APP_program.o
                0x00800185                carGreen_LED
 .bss.carYellow_LED
                0x00800186        0x1 ./APP/APP_program.o
                0x00800186                carYellow_LED
 .bss.pedesRed_LED
                0x00800187        0x1 ./APP/APP_program.o
                0x00800187                pedesRed_LED
 .bss.pedesGreen_LED
                0x00800188        0x1 ./APP/APP_program.o
                0x00800188                pedesGreen_LED
 .bss.pedesYellow_LED
                0x00800189        0x1 ./APP/APP_program.o
                0x00800189                pedesYellow_LED
 .bss.modeState
                0x0080018a        0x1 ./APP/APP_program.o
                0x0080018a                modeState
 *(COMMON)
                0x0080018b                PROVIDE (__bss_end, .)
                0x00001846                __data_load_start = LOADADDR (.data)
                0x00001964                __data_load_end = (__data_load_start + SIZEOF (.data))

.noinit         0x0080018b        0x0
                0x0080018b                PROVIDE (__noinit_start, .)
 *(.noinit*)
                0x0080018b                PROVIDE (__noinit_end, .)
                0x0080018b                _end = .
                0x0080018b                PROVIDE (__heap_start, .)

.eeprom         0x00810000        0x0
 *(.eeprom*)
                0x00810000                __eeprom_end = .

.fuse
 *(.fuse)
 *(.lfuse)
 *(.hfuse)
 *(.efuse)

.lock
 *(.lock*)

.signature
 *(.signature*)

.stab
 *(.stab)

.stabstr
 *(.stabstr)

.stab.excl
 *(.stab.excl)

.stab.exclstr
 *(.stab.exclstr)

.stab.index
 *(.stab.index)

.stab.indexstr
 *(.stab.indexstr)

.comment
 *(.comment)

.debug
 *(.debug)

.line
 *(.line)

.debug_srcinfo
 *(.debug_srcinfo)

.debug_sfnames
 *(.debug_sfnames)

.debug_aranges  0x00000000      0x180
 *(.debug_aranges)
 .debug_aranges
                0x00000000       0x20 d:/embedded tools/02-avr tools/03-imt sdk/03- imt sdk/imt_sdk_win_64/winavr/bin/../lib/gcc/avr/4.3.3/avr5\libgcc.a(_fixunssfsi.o)
 .debug_aranges
                0x00000020       0x20 d:/embedded tools/02-avr tools/03-imt sdk/03- imt sdk/imt_sdk_win_64/winavr/bin/../lib/gcc/avr/4.3.3/avr5\libgcc.a(_addsub_sf.o)
 .debug_aranges
                0x00000040       0x20 d:/embedded tools/02-avr tools/03-imt sdk/03- imt sdk/imt_sdk_win_64/winavr/bin/../lib/gcc/avr/4.3.3/avr5\libgcc.a(_div_sf.o)
 .debug_aranges
                0x00000060       0x20 d:/embedded tools/02-avr tools/03-imt sdk/03- imt sdk/imt_sdk_win_64/winavr/bin/../lib/gcc/avr/4.3.3/avr5\libgcc.a(_eq_sf.o)
 .debug_aranges
                0x00000080       0x20 d:/embedded tools/02-avr tools/03-imt sdk/03- imt sdk/imt_sdk_win_64/winavr/bin/../lib/gcc/avr/4.3.3/avr5\libgcc.a(_ge_sf.o)
 .debug_aranges
                0x000000a0       0x20 d:/embedded tools/02-avr tools/03-imt sdk/03- imt sdk/imt_sdk_win_64/winavr/bin/../lib/gcc/avr/4.3.3/avr5\libgcc.a(_lt_sf.o)
 .debug_aranges
                0x000000c0       0x20 d:/embedded tools/02-avr tools/03-imt sdk/03- imt sdk/imt_sdk_win_64/winavr/bin/../lib/gcc/avr/4.3.3/avr5\libgcc.a(_sf_to_si.o)
 .debug_aranges
                0x000000e0       0x20 d:/embedded tools/02-avr tools/03-imt sdk/03- imt sdk/imt_sdk_win_64/winavr/bin/../lib/gcc/avr/4.3.3/avr5\libgcc.a(_usi_to_sf.o)
 .debug_aranges
                0x00000100       0x20 d:/embedded tools/02-avr tools/03-imt sdk/03- imt sdk/imt_sdk_win_64/winavr/bin/../lib/gcc/avr/4.3.3/avr5\libgcc.a(_clzsi2.o)
 .debug_aranges
                0x00000120       0x20 d:/embedded tools/02-avr tools/03-imt sdk/03- imt sdk/imt_sdk_win_64/winavr/bin/../lib/gcc/avr/4.3.3/avr5\libgcc.a(_pack_sf.o)
 .debug_aranges
                0x00000140       0x20 d:/embedded tools/02-avr tools/03-imt sdk/03- imt sdk/imt_sdk_win_64/winavr/bin/../lib/gcc/avr/4.3.3/avr5\libgcc.a(_unpack_sf.o)
 .debug_aranges
                0x00000160       0x20 d:/embedded tools/02-avr tools/03-imt sdk/03- imt sdk/imt_sdk_win_64/winavr/bin/../lib/gcc/avr/4.3.3/avr5\libgcc.a(_fpcmp_parts_sf.o)

.debug_pubnames
                0x00000000      0x1d3
 *(.debug_pubnames)
 .debug_pubnames
                0x00000000       0x23 d:/embedded tools/02-avr tools/03-imt sdk/03- imt sdk/imt_sdk_win_64/winavr/bin/../lib/gcc/avr/4.3.3/avr5\libgcc.a(_fixunssfsi.o)
 .debug_pubnames
                0x00000023       0x2c d:/embedded tools/02-avr tools/03-imt sdk/03- imt sdk/imt_sdk_win_64/winavr/bin/../lib/gcc/avr/4.3.3/avr5\libgcc.a(_addsub_sf.o)
 .debug_pubnames
                0x0000004f       0x1f d:/embedded tools/02-avr tools/03-imt sdk/03- imt sdk/imt_sdk_win_64/winavr/bin/../lib/gcc/avr/4.3.3/avr5\libgcc.a(_div_sf.o)
 .debug_pubnames
                0x0000006e       0x1e d:/embedded tools/02-avr tools/03-imt sdk/03- imt sdk/imt_sdk_win_64/winavr/bin/../lib/gcc/avr/4.3.3/avr5\libgcc.a(_eq_sf.o)
 .debug_pubnames
                0x0000008c       0x1e d:/embedded tools/02-avr tools/03-imt sdk/03- imt sdk/imt_sdk_win_64/winavr/bin/../lib/gcc/avr/4.3.3/avr5\libgcc.a(_ge_sf.o)
 .debug_pubnames
                0x000000aa       0x1e d:/embedded tools/02-avr tools/03-imt sdk/03- imt sdk/imt_sdk_win_64/winavr/bin/../lib/gcc/avr/4.3.3/avr5\libgcc.a(_lt_sf.o)
 .debug_pubnames
                0x000000c8       0x20 d:/embedded tools/02-avr tools/03-imt sdk/03- imt sdk/imt_sdk_win_64/winavr/bin/../lib/gcc/avr/4.3.3/avr5\libgcc.a(_sf_to_si.o)
 .debug_pubnames
                0x000000e8       0x22 d:/embedded tools/02-avr tools/03-imt sdk/03- imt sdk/imt_sdk_win_64/winavr/bin/../lib/gcc/avr/4.3.3/avr5\libgcc.a(_thenan_sf.o)
 .debug_pubnames
                0x0000010a       0x24 d:/embedded tools/02-avr tools/03-imt sdk/03- imt sdk/imt_sdk_win_64/winavr/bin/../lib/gcc/avr/4.3.3/avr5\libgcc.a(_usi_to_sf.o)
 .debug_pubnames
                0x0000012e       0x1f d:/embedded tools/02-avr tools/03-imt sdk/03- imt sdk/imt_sdk_win_64/winavr/bin/../lib/gcc/avr/4.3.3/avr5\libgcc.a(_clzsi2.o)
 .debug_pubnames
                0x0000014d       0x1f d:/embedded tools/02-avr tools/03-imt sdk/03- imt sdk/imt_sdk_win_64/winavr/bin/../lib/gcc/avr/4.3.3/avr5\libgcc.a(_pack_sf.o)
 .debug_pubnames
                0x0000016c       0x21 d:/embedded tools/02-avr tools/03-imt sdk/03- imt sdk/imt_sdk_win_64/winavr/bin/../lib/gcc/avr/4.3.3/avr5\libgcc.a(_unpack_sf.o)
 .debug_pubnames
                0x0000018d       0x26 d:/embedded tools/02-avr tools/03-imt sdk/03- imt sdk/imt_sdk_win_64/winavr/bin/../lib/gcc/avr/4.3.3/avr5\libgcc.a(_fpcmp_parts_sf.o)
 .debug_pubnames
                0x000001b3       0x20 d:/embedded tools/02-avr tools/03-imt sdk/03- imt sdk/imt_sdk_win_64/winavr/bin/../lib/gcc/avr/4.3.3/avr5\libgcc.a(_clz.o)

.debug_info     0x00000000     0x1f86
 *(.debug_info)
 .debug_info    0x00000000       0xb1 d:/embedded tools/02-avr tools/03-imt sdk/03- imt sdk/imt_sdk_win_64/winavr/bin/../lib/gcc/avr/4.3.3/avr5\libgcc.a(_fixunssfsi.o)
 .debug_info    0x000000b1      0x47a d:/embedded tools/02-avr tools/03-imt sdk/03- imt sdk/imt_sdk_win_64/winavr/bin/../lib/gcc/avr/4.3.3/avr5\libgcc.a(_addsub_sf.o)
 .debug_info    0x0000052b      0x3fc d:/embedded tools/02-avr tools/03-imt sdk/03- imt sdk/imt_sdk_win_64/winavr/bin/../lib/gcc/avr/4.3.3/avr5\libgcc.a(_div_sf.o)
 .debug_info    0x00000927      0x27f d:/embedded tools/02-avr tools/03-imt sdk/03- imt sdk/imt_sdk_win_64/winavr/bin/../lib/gcc/avr/4.3.3/avr5\libgcc.a(_eq_sf.o)
 .debug_info    0x00000ba6      0x27f d:/embedded tools/02-avr tools/03-imt sdk/03- imt sdk/imt_sdk_win_64/winavr/bin/../lib/gcc/avr/4.3.3/avr5\libgcc.a(_ge_sf.o)
 .debug_info    0x00000e25      0x27f d:/embedded tools/02-avr tools/03-imt sdk/03- imt sdk/imt_sdk_win_64/winavr/bin/../lib/gcc/avr/4.3.3/avr5\libgcc.a(_lt_sf.o)
 .debug_info    0x000010a4      0x2b0 d:/embedded tools/02-avr tools/03-imt sdk/03- imt sdk/imt_sdk_win_64/winavr/bin/../lib/gcc/avr/4.3.3/avr5\libgcc.a(_sf_to_si.o)
 .debug_info    0x00001354      0x12c d:/embedded tools/02-avr tools/03-imt sdk/03- imt sdk/imt_sdk_win_64/winavr/bin/../lib/gcc/avr/4.3.3/avr5\libgcc.a(_thenan_sf.o)
 .debug_info    0x00001480      0x206 d:/embedded tools/02-avr tools/03-imt sdk/03- imt sdk/imt_sdk_win_64/winavr/bin/../lib/gcc/avr/4.3.3/avr5\libgcc.a(_usi_to_sf.o)
 .debug_info    0x00001686      0x117 d:/embedded tools/02-avr tools/03-imt sdk/03- imt sdk/imt_sdk_win_64/winavr/bin/../lib/gcc/avr/4.3.3/avr5\libgcc.a(_clzsi2.o)
 .debug_info    0x0000179d      0x2df d:/embedded tools/02-avr tools/03-imt sdk/03- imt sdk/imt_sdk_win_64/winavr/bin/../lib/gcc/avr/4.3.3/avr5\libgcc.a(_pack_sf.o)
 .debug_info    0x00001a7c      0x251 d:/embedded tools/02-avr tools/03-imt sdk/03- imt sdk/imt_sdk_win_64/winavr/bin/../lib/gcc/avr/4.3.3/avr5\libgcc.a(_unpack_sf.o)
 .debug_info    0x00001ccd      0x210 d:/embedded tools/02-avr tools/03-imt sdk/03- imt sdk/imt_sdk_win_64/winavr/bin/../lib/gcc/avr/4.3.3/avr5\libgcc.a(_fpcmp_parts_sf.o)
 .debug_info    0x00001edd       0xa9 d:/embedded tools/02-avr tools/03-imt sdk/03- imt sdk/imt_sdk_win_64/winavr/bin/../lib/gcc/avr/4.3.3/avr5\libgcc.a(_clz.o)
 *(.gnu.linkonce.wi.*)

.debug_abbrev   0x00000000     0x116b
 *(.debug_abbrev)
 .debug_abbrev  0x00000000       0x5d d:/embedded tools/02-avr tools/03-imt sdk/03- imt sdk/imt_sdk_win_64/winavr/bin/../lib/gcc/avr/4.3.3/avr5\libgcc.a(_fixunssfsi.o)
 .debug_abbrev  0x0000005d      0x1ea d:/embedded tools/02-avr tools/03-imt sdk/03- imt sdk/imt_sdk_win_64/winavr/bin/../lib/gcc/avr/4.3.3/avr5\libgcc.a(_addsub_sf.o)
 .debug_abbrev  0x00000247      0x216 d:/embedded tools/02-avr tools/03-imt sdk/03- imt sdk/imt_sdk_win_64/winavr/bin/../lib/gcc/avr/4.3.3/avr5\libgcc.a(_div_sf.o)
 .debug_abbrev  0x0000045d      0x15a d:/embedded tools/02-avr tools/03-imt sdk/03- imt sdk/imt_sdk_win_64/winavr/bin/../lib/gcc/avr/4.3.3/avr5\libgcc.a(_eq_sf.o)
 .debug_abbrev  0x000005b7      0x15a d:/embedded tools/02-avr tools/03-imt sdk/03- imt sdk/imt_sdk_win_64/winavr/bin/../lib/gcc/avr/4.3.3/avr5\libgcc.a(_ge_sf.o)
 .debug_abbrev  0x00000711      0x15a d:/embedded tools/02-avr tools/03-imt sdk/03- imt sdk/imt_sdk_win_64/winavr/bin/../lib/gcc/avr/4.3.3/avr5\libgcc.a(_lt_sf.o)
 .debug_abbrev  0x0000086b      0x17f d:/embedded tools/02-avr tools/03-imt sdk/03- imt sdk/imt_sdk_win_64/winavr/bin/../lib/gcc/avr/4.3.3/avr5\libgcc.a(_sf_to_si.o)
 .debug_abbrev  0x000009ea       0xad d:/embedded tools/02-avr tools/03-imt sdk/03- imt sdk/imt_sdk_win_64/winavr/bin/../lib/gcc/avr/4.3.3/avr5\libgcc.a(_thenan_sf.o)
 .debug_abbrev  0x00000a97      0x157 d:/embedded tools/02-avr tools/03-imt sdk/03- imt sdk/imt_sdk_win_64/winavr/bin/../lib/gcc/avr/4.3.3/avr5\libgcc.a(_usi_to_sf.o)
 .debug_abbrev  0x00000bee       0xc4 d:/embedded tools/02-avr tools/03-imt sdk/03- imt sdk/imt_sdk_win_64/winavr/bin/../lib/gcc/avr/4.3.3/avr5\libgcc.a(_clzsi2.o)
 .debug_abbrev  0x00000cb2      0x1c0 d:/embedded tools/02-avr tools/03-imt sdk/03- imt sdk/imt_sdk_win_64/winavr/bin/../lib/gcc/avr/4.3.3/avr5\libgcc.a(_pack_sf.o)
 .debug_abbrev  0x00000e72      0x154 d:/embedded tools/02-avr tools/03-imt sdk/03- imt sdk/imt_sdk_win_64/winavr/bin/../lib/gcc/avr/4.3.3/avr5\libgcc.a(_unpack_sf.o)
 .debug_abbrev  0x00000fc6      0x13b d:/embedded tools/02-avr tools/03-imt sdk/03- imt sdk/imt_sdk_win_64/winavr/bin/../lib/gcc/avr/4.3.3/avr5\libgcc.a(_fpcmp_parts_sf.o)
 .debug_abbrev  0x00001101       0x6a d:/embedded tools/02-avr tools/03-imt sdk/03- imt sdk/imt_sdk_win_64/winavr/bin/../lib/gcc/avr/4.3.3/avr5\libgcc.a(_clz.o)

.debug_line     0x00000000      0xf9d
 *(.debug_line)
 .debug_line    0x00000000       0xa7 d:/embedded tools/02-avr tools/03-imt sdk/03- imt sdk/imt_sdk_win_64/winavr/bin/../lib/gcc/avr/4.3.3/avr5\libgcc.a(_fixunssfsi.o)
 .debug_line    0x000000a7      0x2af d:/embedded tools/02-avr tools/03-imt sdk/03- imt sdk/imt_sdk_win_64/winavr/bin/../lib/gcc/avr/4.3.3/avr5\libgcc.a(_addsub_sf.o)
 .debug_line    0x00000356      0x1d5 d:/embedded tools/02-avr tools/03-imt sdk/03- imt sdk/imt_sdk_win_64/winavr/bin/../lib/gcc/avr/4.3.3/avr5\libgcc.a(_div_sf.o)
 .debug_line    0x0000052b       0xd3 d:/embedded tools/02-avr tools/03-imt sdk/03- imt sdk/imt_sdk_win_64/winavr/bin/../lib/gcc/avr/4.3.3/avr5\libgcc.a(_eq_sf.o)
 .debug_line    0x000005fe       0xd3 d:/embedded tools/02-avr tools/03-imt sdk/03- imt sdk/imt_sdk_win_64/winavr/bin/../lib/gcc/avr/4.3.3/avr5\libgcc.a(_ge_sf.o)
 .debug_line    0x000006d1       0xd3 d:/embedded tools/02-avr tools/03-imt sdk/03- imt sdk/imt_sdk_win_64/winavr/bin/../lib/gcc/avr/4.3.3/avr5\libgcc.a(_lt_sf.o)
 .debug_line    0x000007a4      0x109 d:/embedded tools/02-avr tools/03-imt sdk/03- imt sdk/imt_sdk_win_64/winavr/bin/../lib/gcc/avr/4.3.3/avr5\libgcc.a(_sf_to_si.o)
 .debug_line    0x000008ad       0x90 d:/embedded tools/02-avr tools/03-imt sdk/03- imt sdk/imt_sdk_win_64/winavr/bin/../lib/gcc/avr/4.3.3/avr5\libgcc.a(_thenan_sf.o)
 .debug_line    0x0000093d      0x133 d:/embedded tools/02-avr tools/03-imt sdk/03- imt sdk/imt_sdk_win_64/winavr/bin/../lib/gcc/avr/4.3.3/avr5\libgcc.a(_usi_to_sf.o)
 .debug_line    0x00000a70       0xa5 d:/embedded tools/02-avr tools/03-imt sdk/03- imt sdk/imt_sdk_win_64/winavr/bin/../lib/gcc/avr/4.3.3/avr5\libgcc.a(_clzsi2.o)
 .debug_line    0x00000b15      0x18a d:/embedded tools/02-avr tools/03-imt sdk/03- imt sdk/imt_sdk_win_64/winavr/bin/../lib/gcc/avr/4.3.3/avr5\libgcc.a(_pack_sf.o)
 .debug_line    0x00000c9f      0x14b d:/embedded tools/02-avr tools/03-imt sdk/03- imt sdk/imt_sdk_win_64/winavr/bin/../lib/gcc/avr/4.3.3/avr5\libgcc.a(_unpack_sf.o)
 .debug_line    0x00000dea      0x137 d:/embedded tools/02-avr tools/03-imt sdk/03- imt sdk/imt_sdk_win_64/winavr/bin/../lib/gcc/avr/4.3.3/avr5\libgcc.a(_fpcmp_parts_sf.o)
 .debug_line    0x00000f21       0x7c d:/embedded tools/02-avr tools/03-imt sdk/03- imt sdk/imt_sdk_win_64/winavr/bin/../lib/gcc/avr/4.3.3/avr5\libgcc.a(_clz.o)

.debug_frame    0x00000000      0x1a0
 *(.debug_frame)
 .debug_frame   0x00000000       0x20 d:/embedded tools/02-avr tools/03-imt sdk/03- imt sdk/imt_sdk_win_64/winavr/bin/../lib/gcc/avr/4.3.3/avr5\libgcc.a(_fixunssfsi.o)
 .debug_frame   0x00000020       0x40 d:/embedded tools/02-avr tools/03-imt sdk/03- imt sdk/imt_sdk_win_64/winavr/bin/../lib/gcc/avr/4.3.3/avr5\libgcc.a(_addsub_sf.o)
 .debug_frame   0x00000060       0x20 d:/embedded tools/02-avr tools/03-imt sdk/03- imt sdk/imt_sdk_win_64/winavr/bin/../lib/gcc/avr/4.3.3/avr5\libgcc.a(_div_sf.o)
 .debug_frame   0x00000080       0x20 d:/embedded tools/02-avr tools/03-imt sdk/03- imt sdk/imt_sdk_win_64/winavr/bin/../lib/gcc/avr/4.3.3/avr5\libgcc.a(_eq_sf.o)
 .debug_frame   0x000000a0       0x20 d:/embedded tools/02-avr tools/03-imt sdk/03- imt sdk/imt_sdk_win_64/winavr/bin/../lib/gcc/avr/4.3.3/avr5\libgcc.a(_ge_sf.o)
 .debug_frame   0x000000c0       0x20 d:/embedded tools/02-avr tools/03-imt sdk/03- imt sdk/imt_sdk_win_64/winavr/bin/../lib/gcc/avr/4.3.3/avr5\libgcc.a(_lt_sf.o)
 .debug_frame   0x000000e0       0x20 d:/embedded tools/02-avr tools/03-imt sdk/03- imt sdk/imt_sdk_win_64/winavr/bin/../lib/gcc/avr/4.3.3/avr5\libgcc.a(_sf_to_si.o)
 .debug_frame   0x00000100       0x20 d:/embedded tools/02-avr tools/03-imt sdk/03- imt sdk/imt_sdk_win_64/winavr/bin/../lib/gcc/avr/4.3.3/avr5\libgcc.a(_usi_to_sf.o)
 .debug_frame   0x00000120       0x20 d:/embedded tools/02-avr tools/03-imt sdk/03- imt sdk/imt_sdk_win_64/winavr/bin/../lib/gcc/avr/4.3.3/avr5\libgcc.a(_clzsi2.o)
 .debug_frame   0x00000140       0x20 d:/embedded tools/02-avr tools/03-imt sdk/03- imt sdk/imt_sdk_win_64/winavr/bin/../lib/gcc/avr/4.3.3/avr5\libgcc.a(_pack_sf.o)
 .debug_frame   0x00000160       0x20 d:/embedded tools/02-avr tools/03-imt sdk/03- imt sdk/imt_sdk_win_64/winavr/bin/../lib/gcc/avr/4.3.3/avr5\libgcc.a(_unpack_sf.o)
 .debug_frame   0x00000180       0x20 d:/embedded tools/02-avr tools/03-imt sdk/03- imt sdk/imt_sdk_win_64/winavr/bin/../lib/gcc/avr/4.3.3/avr5\libgcc.a(_fpcmp_parts_sf.o)

.debug_str      0x00000000      0x2cf
 *(.debug_str)
 .debug_str     0x00000000       0xbf d:/embedded tools/02-avr tools/03-imt sdk/03- imt sdk/imt_sdk_win_64/winavr/bin/../lib/gcc/avr/4.3.3/avr5\libgcc.a(_fixunssfsi.o)
                                 0xfe (size before relaxing)
 .debug_str     0x000000bf      0x14d d:/embedded tools/02-avr tools/03-imt sdk/03- imt sdk/imt_sdk_win_64/winavr/bin/../lib/gcc/avr/4.3.3/avr5\libgcc.a(_addsub_sf.o)
                                0x206 (size before relaxing)
 .debug_str     0x0000020c       0x35 d:/embedded tools/02-avr tools/03-imt sdk/03- imt sdk/imt_sdk_win_64/winavr/bin/../lib/gcc/avr/4.3.3/avr5\libgcc.a(_div_sf.o)
                                0x1c8 (size before relaxing)
 .debug_str     0x00000241        0x8 d:/embedded tools/02-avr tools/03-imt sdk/03- imt sdk/imt_sdk_win_64/winavr/bin/../lib/gcc/avr/4.3.3/avr5\libgcc.a(_eq_sf.o)
                                0x195 (size before relaxing)
 .debug_str     0x00000249        0x8 d:/embedded tools/02-avr tools/03-imt sdk/03- imt sdk/imt_sdk_win_64/winavr/bin/../lib/gcc/avr/4.3.3/avr5\libgcc.a(_ge_sf.o)
                                0x195 (size before relaxing)
 .debug_str     0x00000251        0x8 d:/embedded tools/02-avr tools/03-imt sdk/03- imt sdk/imt_sdk_win_64/winavr/bin/../lib/gcc/avr/4.3.3/avr5\libgcc.a(_lt_sf.o)
                                0x195 (size before relaxing)
 .debug_str     0x00000259        0xa d:/embedded tools/02-avr tools/03-imt sdk/03- imt sdk/imt_sdk_win_64/winavr/bin/../lib/gcc/avr/4.3.3/avr5\libgcc.a(_sf_to_si.o)
                                0x19e (size before relaxing)
 .debug_str     0x00000000      0x103 d:/embedded tools/02-avr tools/03-imt sdk/03- imt sdk/imt_sdk_win_64/winavr/bin/../lib/gcc/avr/4.3.3/avr5\libgcc.a(_thenan_sf.o)
 .debug_str     0x00000263       0x21 d:/embedded tools/02-avr tools/03-imt sdk/03- imt sdk/imt_sdk_win_64/winavr/bin/../lib/gcc/avr/4.3.3/avr5\libgcc.a(_usi_to_sf.o)
                                0x177 (size before relaxing)
 .debug_str     0x00000284       0x20 d:/embedded tools/02-avr tools/03-imt sdk/03- imt sdk/imt_sdk_win_64/winavr/bin/../lib/gcc/avr/4.3.3/avr5\libgcc.a(_clzsi2.o)
                                0x111 (size before relaxing)
 .debug_str     0x000002a4       0x10 d:/embedded tools/02-avr tools/03-imt sdk/03- imt sdk/imt_sdk_win_64/winavr/bin/../lib/gcc/avr/4.3.3/avr5\libgcc.a(_pack_sf.o)
                                0x19d (size before relaxing)
 .debug_str     0x000002b4        0xb d:/embedded tools/02-avr tools/03-imt sdk/03- imt sdk/imt_sdk_win_64/winavr/bin/../lib/gcc/avr/4.3.3/avr5\libgcc.a(_unpack_sf.o)
                                0x17f (size before relaxing)
 .debug_str     0x000002bf       0x10 d:/embedded tools/02-avr tools/03-imt sdk/03- imt sdk/imt_sdk_win_64/winavr/bin/../lib/gcc/avr/4.3.3/avr5\libgcc.a(_fpcmp_parts_sf.o)
                                0x163 (size before relaxing)
 .debug_str     0x00000000       0xf4 d:/embedded tools/02-avr tools/03-imt sdk/03- imt sdk/imt_sdk_win_64/winavr/bin/../lib/gcc/avr/4.3.3/avr5\libgcc.a(_clz.o)

.debug_loc      0x00000000      0x86a
 *(.debug_loc)
 .debug_loc     0x00000000       0x34 d:/embedded tools/02-avr tools/03-imt sdk/03- imt sdk/imt_sdk_win_64/winavr/bin/../lib/gcc/avr/4.3.3/avr5\libgcc.a(_fixunssfsi.o)
 .debug_loc     0x00000034      0x32a d:/embedded tools/02-avr tools/03-imt sdk/03- imt sdk/imt_sdk_win_64/winavr/bin/../lib/gcc/avr/4.3.3/avr5\libgcc.a(_addsub_sf.o)
 .debug_loc     0x0000035e       0xc0 d:/embedded tools/02-avr tools/03-imt sdk/03- imt sdk/imt_sdk_win_64/winavr/bin/../lib/gcc/avr/4.3.3/avr5\libgcc.a(_div_sf.o)
 .debug_loc     0x0000041e       0x3c d:/embedded tools/02-avr tools/03-imt sdk/03- imt sdk/imt_sdk_win_64/winavr/bin/../lib/gcc/avr/4.3.3/avr5\libgcc.a(_eq_sf.o)
 .debug_loc     0x0000045a       0x3c d:/embedded tools/02-avr tools/03-imt sdk/03- imt sdk/imt_sdk_win_64/winavr/bin/../lib/gcc/avr/4.3.3/avr5\libgcc.a(_ge_sf.o)
 .debug_loc     0x00000496       0x3c d:/embedded tools/02-avr tools/03-imt sdk/03- imt sdk/imt_sdk_win_64/winavr/bin/../lib/gcc/avr/4.3.3/avr5\libgcc.a(_lt_sf.o)
 .debug_loc     0x000004d2       0x7e d:/embedded tools/02-avr tools/03-imt sdk/03- imt sdk/imt_sdk_win_64/winavr/bin/../lib/gcc/avr/4.3.3/avr5\libgcc.a(_sf_to_si.o)
 .debug_loc     0x00000550       0x4c d:/embedded tools/02-avr tools/03-imt sdk/03- imt sdk/imt_sdk_win_64/winavr/bin/../lib/gcc/avr/4.3.3/avr5\libgcc.a(_usi_to_sf.o)
 .debug_loc     0x0000059c       0x94 d:/embedded tools/02-avr tools/03-imt sdk/03- imt sdk/imt_sdk_win_64/winavr/bin/../lib/gcc/avr/4.3.3/avr5\libgcc.a(_clzsi2.o)
 .debug_loc     0x00000630      0x13e d:/embedded tools/02-avr tools/03-imt sdk/03- imt sdk/imt_sdk_win_64/winavr/bin/../lib/gcc/avr/4.3.3/avr5\libgcc.a(_pack_sf.o)
 .debug_loc     0x0000076e       0xac d:/embedded tools/02-avr tools/03-imt sdk/03- imt sdk/imt_sdk_win_64/winavr/bin/../lib/gcc/avr/4.3.3/avr5\libgcc.a(_unpack_sf.o)
 .debug_loc     0x0000081a       0x50 d:/embedded tools/02-avr tools/03-imt sdk/03- imt sdk/imt_sdk_win_64/winavr/bin/../lib/gcc/avr/4.3.3/avr5\libgcc.a(_fpcmp_parts_sf.o)

.debug_macinfo
 *(.debug_macinfo)
OUTPUT(On_Demand_Traffic_Light_Control.elf elf32-avr)
LOAD linker stubs
