Archive member included because of file (symbol)

d:/embedded tools/02-avr tools/03-imt sdk/03- imt sdk/imt_sdk_win_64/winavr/bin/../lib/gcc/avr/4.3.3/avr5\libgcc.a(_exit.o)
                              d:/embedded tools/02-avr tools/03-imt sdk/03- imt sdk/imt_sdk_win_64/winavr/bin/../lib/gcc/avr/4.3.3/../../../../avr/lib/avr5/crtm32.o (exit)
d:/embedded tools/02-avr tools/03-imt sdk/03- imt sdk/imt_sdk_win_64/winavr/bin/../lib/gcc/avr/4.3.3/avr5\libgcc.a(_copy_data.o)
                              ./RTOS/tasks.o (__do_copy_data)
d:/embedded tools/02-avr tools/03-imt sdk/03- imt sdk/imt_sdk_win_64/winavr/bin/../lib/gcc/avr/4.3.3/avr5\libgcc.a(_clear_bss.o)
                              ./RTOS/croutine.o (__do_clear_bss)
d:/embedded tools/02-avr tools/03-imt sdk/03- imt sdk/imt_sdk_win_64/winavr/bin/../lib/gcc/avr/4.3.3/avr5\libgcc.a(_ashldi3.o)
                              ./HAL/CLCD/CLCD_program.o (__ashldi3)
d:/embedded tools/02-avr tools/03-imt sdk/03- imt sdk/imt_sdk_win_64/winavr/bin/../lib/gcc/avr/4.3.3/avr5\libgcc.a(_fixunssfsi.o)
                              ./HAL/CLCD/CLCD_program.o (__fixunssfsi)
d:/embedded tools/02-avr tools/03-imt sdk/03- imt sdk/imt_sdk_win_64/winavr/bin/../lib/gcc/avr/4.3.3/avr5\libgcc.a(_udivdi3.o)
                              ./HAL/CLCD/CLCD_program.o (__udivdi3)
d:/embedded tools/02-avr tools/03-imt sdk/03- imt sdk/imt_sdk_win_64/winavr/bin/../lib/gcc/avr/4.3.3/avr5\libgcc.a(_umoddi3.o)
                              ./HAL/CLCD/CLCD_program.o (__umoddi3)
d:/embedded tools/02-avr tools/03-imt sdk/03- imt sdk/imt_sdk_win_64/winavr/bin/../lib/gcc/avr/4.3.3/avr5\libgcc.a(_addsub_sf.o)
                              d:/embedded tools/02-avr tools/03-imt sdk/03- imt sdk/imt_sdk_win_64/winavr/bin/../lib/gcc/avr/4.3.3/avr5\libgcc.a(_fixunssfsi.o) (__subsf3)
d:/embedded tools/02-avr tools/03-imt sdk/03- imt sdk/imt_sdk_win_64/winavr/bin/../lib/gcc/avr/4.3.3/avr5\libgcc.a(_mul_sf.o)
                              ./HAL/CLCD/CLCD_program.o (__mulsf3)
d:/embedded tools/02-avr tools/03-imt sdk/03- imt sdk/imt_sdk_win_64/winavr/bin/../lib/gcc/avr/4.3.3/avr5\libgcc.a(_gt_sf.o)
                              ./HAL/CLCD/CLCD_program.o (__gtsf2)
d:/embedded tools/02-avr tools/03-imt sdk/03- imt sdk/imt_sdk_win_64/winavr/bin/../lib/gcc/avr/4.3.3/avr5\libgcc.a(_ge_sf.o)
                              d:/embedded tools/02-avr tools/03-imt sdk/03- imt sdk/imt_sdk_win_64/winavr/bin/../lib/gcc/avr/4.3.3/avr5\libgcc.a(_fixunssfsi.o) (__gesf2)
d:/embedded tools/02-avr tools/03-imt sdk/03- imt sdk/imt_sdk_win_64/winavr/bin/../lib/gcc/avr/4.3.3/avr5\libgcc.a(_lt_sf.o)
                              ./HAL/CLCD/CLCD_program.o (__ltsf2)
d:/embedded tools/02-avr tools/03-imt sdk/03- imt sdk/imt_sdk_win_64/winavr/bin/../lib/gcc/avr/4.3.3/avr5\libgcc.a(_sf_to_si.o)
                              d:/embedded tools/02-avr tools/03-imt sdk/03- imt sdk/imt_sdk_win_64/winavr/bin/../lib/gcc/avr/4.3.3/avr5\libgcc.a(_fixunssfsi.o) (__fixsfsi)
d:/embedded tools/02-avr tools/03-imt sdk/03- imt sdk/imt_sdk_win_64/winavr/bin/../lib/gcc/avr/4.3.3/avr5\libgcc.a(_thenan_sf.o)
                              d:/embedded tools/02-avr tools/03-imt sdk/03- imt sdk/imt_sdk_win_64/winavr/bin/../lib/gcc/avr/4.3.3/avr5\libgcc.a(_addsub_sf.o) (__thenan_sf)
d:/embedded tools/02-avr tools/03-imt sdk/03- imt sdk/imt_sdk_win_64/winavr/bin/../lib/gcc/avr/4.3.3/avr5\libgcc.a(_mulsi3.o)
                              d:/embedded tools/02-avr tools/03-imt sdk/03- imt sdk/imt_sdk_win_64/winavr/bin/../lib/gcc/avr/4.3.3/avr5\libgcc.a(_udivdi3.o) (__mulsi3)
d:/embedded tools/02-avr tools/03-imt sdk/03- imt sdk/imt_sdk_win_64/winavr/bin/../lib/gcc/avr/4.3.3/avr5\libgcc.a(_udivmodsi4.o)
                              d:/embedded tools/02-avr tools/03-imt sdk/03- imt sdk/imt_sdk_win_64/winavr/bin/../lib/gcc/avr/4.3.3/avr5\libgcc.a(_udivdi3.o) (__udivmodsi4)
d:/embedded tools/02-avr tools/03-imt sdk/03- imt sdk/imt_sdk_win_64/winavr/bin/../lib/gcc/avr/4.3.3/avr5\libgcc.a(_prologue.o)
                              d:/embedded tools/02-avr tools/03-imt sdk/03- imt sdk/imt_sdk_win_64/winavr/bin/../lib/gcc/avr/4.3.3/avr5\libgcc.a(_udivdi3.o) (__prologue_saves__)
d:/embedded tools/02-avr tools/03-imt sdk/03- imt sdk/imt_sdk_win_64/winavr/bin/../lib/gcc/avr/4.3.3/avr5\libgcc.a(_epilogue.o)
                              d:/embedded tools/02-avr tools/03-imt sdk/03- imt sdk/imt_sdk_win_64/winavr/bin/../lib/gcc/avr/4.3.3/avr5\libgcc.a(_udivdi3.o) (__epilogue_restores__)
d:/embedded tools/02-avr tools/03-imt sdk/03- imt sdk/imt_sdk_win_64/winavr/bin/../lib/gcc/avr/4.3.3/avr5\libgcc.a(_clz.o)
                              d:/embedded tools/02-avr tools/03-imt sdk/03- imt sdk/imt_sdk_win_64/winavr/bin/../lib/gcc/avr/4.3.3/avr5\libgcc.a(_udivdi3.o) (__clz_tab)
d:/embedded tools/02-avr tools/03-imt sdk/03- imt sdk/imt_sdk_win_64/winavr/bin/../lib/gcc/avr/4.3.3/avr5\libgcc.a(_pack_sf.o)
                              d:/embedded tools/02-avr tools/03-imt sdk/03- imt sdk/imt_sdk_win_64/winavr/bin/../lib/gcc/avr/4.3.3/avr5\libgcc.a(_addsub_sf.o) (__pack_f)
d:/embedded tools/02-avr tools/03-imt sdk/03- imt sdk/imt_sdk_win_64/winavr/bin/../lib/gcc/avr/4.3.3/avr5\libgcc.a(_unpack_sf.o)
                              d:/embedded tools/02-avr tools/03-imt sdk/03- imt sdk/imt_sdk_win_64/winavr/bin/../lib/gcc/avr/4.3.3/avr5\libgcc.a(_addsub_sf.o) (__unpack_f)
d:/embedded tools/02-avr tools/03-imt sdk/03- imt sdk/imt_sdk_win_64/winavr/bin/../lib/gcc/avr/4.3.3/avr5\libgcc.a(_fpcmp_parts_sf.o)
                              d:/embedded tools/02-avr tools/03-imt sdk/03- imt sdk/imt_sdk_win_64/winavr/bin/../lib/gcc/avr/4.3.3/avr5\libgcc.a(_gt_sf.o) (__fpcmp_parts_f)
d:/embedded tools/02-avr tools/03-imt sdk/03- imt sdk/imt_sdk_win_64/winavr/bin/../lib/gcc/avr/4.3.3/../../../../avr/lib/avr5\libc.a(memcpy.o)
                              ./RTOS/queue.o (memcpy)
d:/embedded tools/02-avr tools/03-imt sdk/03- imt sdk/imt_sdk_win_64/winavr/bin/../lib/gcc/avr/4.3.3/../../../../avr/lib/avr5\libc.a(memset.o)
                              ./RTOS/tasks.o (memset)
d:/embedded tools/02-avr tools/03-imt sdk/03- imt sdk/imt_sdk_win_64/winavr/bin/../lib/gcc/avr/4.3.3/../../../../avr/lib/avr5\libc.a(strncpy.o)
                              ./RTOS/tasks.o (strncpy)

Memory Configuration

Name             Origin             Length             Attributes
text             0x00000000         0x00020000         xr
data             0x00800060         0x0000ffa0         rw !x
eeprom           0x00810000         0x00010000         rw !x
fuse             0x00820000         0x00000400         rw !x
lock             0x00830000         0x00000400         rw !x
signature        0x00840000         0x00000400         rw !x
*default*        0x00000000         0xffffffff

Linker script and memory map

LOAD d:/embedded tools/02-avr tools/03-imt sdk/03- imt sdk/imt_sdk_win_64/winavr/bin/../lib/gcc/avr/4.3.3/../../../../avr/lib/avr5/crtm32.o
LOAD ./RTOS/croutine.o
LOAD ./RTOS/heap_1.o
LOAD ./RTOS/list.o
LOAD ./RTOS/port.o
LOAD ./RTOS/queue.o
LOAD ./RTOS/tasks.o
LOAD ./RTOS/timers.o
LOAD ./MCAL/DIO/DIO_program.o
LOAD ./HAL/CLCD/CLCD_program.o
LOAD ./APP/main.o
LOAD d:/embedded tools/02-avr tools/03-imt sdk/03- imt sdk/imt_sdk_win_64/winavr/bin/../lib/gcc/avr/4.3.3/avr5\libgcc.a
LOAD d:/embedded tools/02-avr tools/03-imt sdk/03- imt sdk/imt_sdk_win_64/winavr/bin/../lib/gcc/avr/4.3.3/../../../../avr/lib/avr5\libc.a
LOAD d:/embedded tools/02-avr tools/03-imt sdk/03- imt sdk/imt_sdk_win_64/winavr/bin/../lib/gcc/avr/4.3.3/avr5\libgcc.a

.hash
 *(.hash)

.dynsym
 *(.dynsym)

.dynstr
 *(.dynstr)

.gnu.version
 *(.gnu.version)

.gnu.version_d
 *(.gnu.version_d)

.gnu.version_r
 *(.gnu.version_r)

.rel.init
 *(.rel.init)

.rela.init
 *(.rela.init)

.rel.text
 *(.rel.text)
 *(.rel.text.*)
 *(.rel.gnu.linkonce.t*)

.rela.text
 *(.rela.text)
 *(.rela.text.*)
 *(.rela.gnu.linkonce.t*)

.rel.fini
 *(.rel.fini)

.rela.fini
 *(.rela.fini)

.rel.rodata
 *(.rel.rodata)
 *(.rel.rodata.*)
 *(.rel.gnu.linkonce.r*)

.rela.rodata
 *(.rela.rodata)
 *(.rela.rodata.*)
 *(.rela.gnu.linkonce.r*)

.rel.data
 *(.rel.data)
 *(.rel.data.*)
 *(.rel.gnu.linkonce.d*)

.rela.data
 *(.rela.data)
 *(.rela.data.*)
 *(.rela.gnu.linkonce.d*)

.rel.ctors
 *(.rel.ctors)

.rela.ctors
 *(.rela.ctors)

.rel.dtors
 *(.rel.dtors)

.rela.dtors
 *(.rela.dtors)

.rel.got
 *(.rel.got)

.rela.got
 *(.rela.got)

.rel.bss
 *(.rel.bss)

.rela.bss
 *(.rela.bss)

.rel.plt
 *(.rel.plt)

.rela.plt
 *(.rela.plt)

.text           0x00000000     0x7100
 *(.vectors)
 .vectors       0x00000000       0x54 d:/embedded tools/02-avr tools/03-imt sdk/03- imt sdk/imt_sdk_win_64/winavr/bin/../lib/gcc/avr/4.3.3/../../../../avr/lib/avr5/crtm32.o
                0x00000000                __vectors
                0x00000000                __vector_default
 *(.vectors)
 *(.progmem.gcc*)
 *(.progmem*)
                0x00000054                . = ALIGN (0x2)
                0x00000054                __trampolines_start = .
 *(.trampolines)
 .trampolines   0x00000054        0x0 linker stubs
 *(.trampolines*)
                0x00000054                __trampolines_end = .
 *(.jumptables)
 *(.jumptables*)
 *(.lowtext)
 *(.lowtext*)
                0x00000054                __ctors_start = .
 *(.ctors)
                0x00000054                __ctors_end = .
                0x00000054                __dtors_start = .
 *(.dtors)
                0x00000054                __dtors_end = .
 SORT(*)(.ctors)
 SORT(*)(.dtors)
 *(.init0)
 .init0         0x00000054        0x0 d:/embedded tools/02-avr tools/03-imt sdk/03- imt sdk/imt_sdk_win_64/winavr/bin/../lib/gcc/avr/4.3.3/../../../../avr/lib/avr5/crtm32.o
                0x00000054                __init
 *(.init0)
 *(.init1)
 *(.init1)
 *(.init2)
 .init2         0x00000054        0xc d:/embedded tools/02-avr tools/03-imt sdk/03- imt sdk/imt_sdk_win_64/winavr/bin/../lib/gcc/avr/4.3.3/../../../../avr/lib/avr5/crtm32.o
 *(.init2)
 *(.init3)
 *(.init3)
 *(.init4)
 .init4         0x00000060       0x16 d:/embedded tools/02-avr tools/03-imt sdk/03- imt sdk/imt_sdk_win_64/winavr/bin/../lib/gcc/avr/4.3.3/avr5\libgcc.a(_copy_data.o)
                0x00000060                __do_copy_data
 .init4         0x00000076       0x10 d:/embedded tools/02-avr tools/03-imt sdk/03- imt sdk/imt_sdk_win_64/winavr/bin/../lib/gcc/avr/4.3.3/avr5\libgcc.a(_clear_bss.o)
                0x00000076                __do_clear_bss
 *(.init4)
 *(.init5)
 *(.init5)
 *(.init6)
 *(.init6)
 *(.init7)
 *(.init7)
 *(.init8)
 *(.init8)
 *(.init9)
 .init9         0x00000086        0x8 d:/embedded tools/02-avr tools/03-imt sdk/03- imt sdk/imt_sdk_win_64/winavr/bin/../lib/gcc/avr/4.3.3/../../../../avr/lib/avr5/crtm32.o
 *(.init9)
 *(.text)
 .text          0x0000008e        0x4 d:/embedded tools/02-avr tools/03-imt sdk/03- imt sdk/imt_sdk_win_64/winavr/bin/../lib/gcc/avr/4.3.3/../../../../avr/lib/avr5/crtm32.o
                0x0000008e                __vector_1
                0x0000008e                __vector_12
                0x0000008e                __bad_interrupt
                0x0000008e                __vector_6
                0x0000008e                __vector_3
                0x0000008e                __vector_11
                0x0000008e                __vector_13
                0x0000008e                __vector_17
                0x0000008e                __vector_19
                0x0000008e                __vector_5
                0x0000008e                __vector_4
                0x0000008e                __vector_9
                0x0000008e                __vector_2
                0x0000008e                __vector_15
                0x0000008e                __vector_8
                0x0000008e                __vector_14
                0x0000008e                __vector_10
                0x0000008e                __vector_16
                0x0000008e                __vector_18
                0x0000008e                __vector_20
 .text          0x00000092        0x0 ./RTOS/croutine.o
 .text          0x00000092        0x0 ./RTOS/heap_1.o
 .text          0x00000092        0x0 ./RTOS/list.o
 .text          0x00000092        0x0 ./RTOS/port.o
 .text          0x00000092        0x0 ./RTOS/queue.o
 .text          0x00000092        0x0 ./RTOS/tasks.o
 .text          0x00000092        0x0 ./RTOS/timers.o
 .text          0x00000092        0x0 ./MCAL/DIO/DIO_program.o
 .text          0x00000092        0x0 ./HAL/CLCD/CLCD_program.o
 .text          0x00000092        0x0 ./APP/main.o
 .text          0x00000092        0x0 d:/embedded tools/02-avr tools/03-imt sdk/03- imt sdk/imt_sdk_win_64/winavr/bin/../lib/gcc/avr/4.3.3/avr5\libgcc.a(_exit.o)
 .text          0x00000092        0x0 d:/embedded tools/02-avr tools/03-imt sdk/03- imt sdk/imt_sdk_win_64/winavr/bin/../lib/gcc/avr/4.3.3/avr5\libgcc.a(_copy_data.o)
 .text          0x00000092        0x0 d:/embedded tools/02-avr tools/03-imt sdk/03- imt sdk/imt_sdk_win_64/winavr/bin/../lib/gcc/avr/4.3.3/avr5\libgcc.a(_clear_bss.o)
 .text          0x00000092       0xfe d:/embedded tools/02-avr tools/03-imt sdk/03- imt sdk/imt_sdk_win_64/winavr/bin/../lib/gcc/avr/4.3.3/avr5\libgcc.a(_ashldi3.o)
                0x00000092                __ashldi3
 .text          0x00000190       0x58 d:/embedded tools/02-avr tools/03-imt sdk/03- imt sdk/imt_sdk_win_64/winavr/bin/../lib/gcc/avr/4.3.3/avr5\libgcc.a(_fixunssfsi.o)
                0x00000190                __fixunssfsi
 .text          0x000001e8      0xcea d:/embedded tools/02-avr tools/03-imt sdk/03- imt sdk/imt_sdk_win_64/winavr/bin/../lib/gcc/avr/4.3.3/avr5\libgcc.a(_udivdi3.o)
                0x000001e8                __udivdi3
 .text          0x00000ed2      0xce0 d:/embedded tools/02-avr tools/03-imt sdk/03- imt sdk/imt_sdk_win_64/winavr/bin/../lib/gcc/avr/4.3.3/avr5\libgcc.a(_umoddi3.o)
                0x00000ed2                __umoddi3
 .text          0x00001bb2      0x354 d:/embedded tools/02-avr tools/03-imt sdk/03- imt sdk/imt_sdk_win_64/winavr/bin/../lib/gcc/avr/4.3.3/avr5\libgcc.a(_addsub_sf.o)
                0x00001e4a                __subsf3
                0x00001eac                __addsf3
 .text          0x00001f06      0x1f4 d:/embedded tools/02-avr tools/03-imt sdk/03- imt sdk/imt_sdk_win_64/winavr/bin/../lib/gcc/avr/4.3.3/avr5\libgcc.a(_mul_sf.o)
                0x00001f06                __mulsf3
 .text          0x000020fa       0x60 d:/embedded tools/02-avr tools/03-imt sdk/03- imt sdk/imt_sdk_win_64/winavr/bin/../lib/gcc/avr/4.3.3/avr5\libgcc.a(_gt_sf.o)
                0x000020fa                __gtsf2
 .text          0x0000215a       0x60 d:/embedded tools/02-avr tools/03-imt sdk/03- imt sdk/imt_sdk_win_64/winavr/bin/../lib/gcc/avr/4.3.3/avr5\libgcc.a(_ge_sf.o)
                0x0000215a                __gesf2
 .text          0x000021ba       0x60 d:/embedded tools/02-avr tools/03-imt sdk/03- imt sdk/imt_sdk_win_64/winavr/bin/../lib/gcc/avr/4.3.3/avr5\libgcc.a(_lt_sf.o)
                0x000021ba                __ltsf2
 .text          0x0000221a       0xa8 d:/embedded tools/02-avr tools/03-imt sdk/03- imt sdk/imt_sdk_win_64/winavr/bin/../lib/gcc/avr/4.3.3/avr5\libgcc.a(_sf_to_si.o)
                0x0000221a                __fixsfsi
 .text          0x000022c2        0x0 d:/embedded tools/02-avr tools/03-imt sdk/03- imt sdk/imt_sdk_win_64/winavr/bin/../lib/gcc/avr/4.3.3/avr5\libgcc.a(_thenan_sf.o)
 .text          0x000022c2        0x0 d:/embedded tools/02-avr tools/03-imt sdk/03- imt sdk/imt_sdk_win_64/winavr/bin/../lib/gcc/avr/4.3.3/avr5\libgcc.a(_mulsi3.o)
 .text          0x000022c2        0x0 d:/embedded tools/02-avr tools/03-imt sdk/03- imt sdk/imt_sdk_win_64/winavr/bin/../lib/gcc/avr/4.3.3/avr5\libgcc.a(_udivmodsi4.o)
 .text          0x000022c2        0x0 d:/embedded tools/02-avr tools/03-imt sdk/03- imt sdk/imt_sdk_win_64/winavr/bin/../lib/gcc/avr/4.3.3/avr5\libgcc.a(_prologue.o)
 .text          0x000022c2        0x0 d:/embedded tools/02-avr tools/03-imt sdk/03- imt sdk/imt_sdk_win_64/winavr/bin/../lib/gcc/avr/4.3.3/avr5\libgcc.a(_epilogue.o)
 .text          0x000022c2        0x0 d:/embedded tools/02-avr tools/03-imt sdk/03- imt sdk/imt_sdk_win_64/winavr/bin/../lib/gcc/avr/4.3.3/avr5\libgcc.a(_clz.o)
 .text          0x000022c2      0x1aa d:/embedded tools/02-avr tools/03-imt sdk/03- imt sdk/imt_sdk_win_64/winavr/bin/../lib/gcc/avr/4.3.3/avr5\libgcc.a(_pack_sf.o)
                0x000022c2                __pack_f
 .text          0x0000246c       0xf0 d:/embedded tools/02-avr tools/03-imt sdk/03- imt sdk/imt_sdk_win_64/winavr/bin/../lib/gcc/avr/4.3.3/avr5\libgcc.a(_unpack_sf.o)
                0x0000246c                __unpack_f
 .text          0x0000255c       0xb2 d:/embedded tools/02-avr tools/03-imt sdk/03- imt sdk/imt_sdk_win_64/winavr/bin/../lib/gcc/avr/4.3.3/avr5\libgcc.a(_fpcmp_parts_sf.o)
                0x0000255c                __fpcmp_parts_f
 .text          0x0000260e        0x0 d:/embedded tools/02-avr tools/03-imt sdk/03- imt sdk/imt_sdk_win_64/winavr/bin/../lib/gcc/avr/4.3.3/../../../../avr/lib/avr5\libc.a(memcpy.o)
 .text          0x0000260e        0x0 d:/embedded tools/02-avr tools/03-imt sdk/03- imt sdk/imt_sdk_win_64/winavr/bin/../lib/gcc/avr/4.3.3/../../../../avr/lib/avr5\libc.a(memset.o)
 .text          0x0000260e        0x0 d:/embedded tools/02-avr tools/03-imt sdk/03- imt sdk/imt_sdk_win_64/winavr/bin/../lib/gcc/avr/4.3.3/../../../../avr/lib/avr5\libc.a(strncpy.o)
                0x0000260e                . = ALIGN (0x2)
 *(.text.*)
 .text.xCoRoutineCreate
                0x0000260e      0x128 ./RTOS/croutine.o
                0x0000260e                xCoRoutineCreate
 .text.vCoRoutineAddToDelayedList
                0x00002736       0xc2 ./RTOS/croutine.o
                0x00002736                vCoRoutineAddToDelayedList
 .text.prvCheckPendingReadyList
                0x000027f8       0x94 ./RTOS/croutine.o
 .text.prvCheckDelayedList
                0x0000288c      0x15c ./RTOS/croutine.o
 .text.vCoRoutineSchedule
                0x000029e8       0xf4 ./RTOS/croutine.o
                0x000029e8                vCoRoutineSchedule
 .text.prvInitialiseCoRoutineLists
                0x00002adc       0x72 ./RTOS/croutine.o
 .text.xCoRoutineRemoveFromEventList
                0x00002b4e       0x70 ./RTOS/croutine.o
                0x00002b4e                xCoRoutineRemoveFromEventList
 .text.pvPortMalloc
                0x00002bbe       0x8c ./RTOS/heap_1.o
                0x00002bbe                pvPortMalloc
 .text.vPortFree
                0x00002c4a       0x18 ./RTOS/heap_1.o
                0x00002c4a                vPortFree
 .text.vPortInitialiseBlocks
                0x00002c62       0x16 ./RTOS/heap_1.o
                0x00002c62                vPortInitialiseBlocks
 .text.xPortGetFreeHeapSize
                0x00002c78       0x1e ./RTOS/heap_1.o
                0x00002c78                xPortGetFreeHeapSize
 .text.vListInitialise
                0x00002c96       0x54 ./RTOS/list.o
                0x00002c96                vListInitialise
 .text.vListInitialiseItem
                0x00002cea       0x20 ./RTOS/list.o
                0x00002cea                vListInitialiseItem
 .text.vListInsertEnd
                0x00002d0a       0x98 ./RTOS/list.o
                0x00002d0a                vListInsertEnd
 .text.vListInsert
                0x00002da2       0xd8 ./RTOS/list.o
                0x00002da2                vListInsert
 .text.vListRemove
                0x00002e7a       0x92 ./RTOS/list.o
                0x00002e7a                vListRemove
 .text.pxPortInitialiseStack
                0x00002f0c      0x306 ./RTOS/port.o
                0x00002f0c                pxPortInitialiseStack
 .text.xPortStartScheduler
                0x00003212       0x6a ./RTOS/port.o
                0x00003212                xPortStartScheduler
 .text.vPortEndScheduler
                0x0000327c        0xe ./RTOS/port.o
                0x0000327c                vPortEndScheduler
 .text.vPortYield
                0x0000328a       0xb2 ./RTOS/port.o
                0x0000328a                vPortYield
 .text.vPortYieldFromTick
                0x0000333c       0xb6 ./RTOS/port.o
                0x0000333c                vPortYieldFromTick
 .text.prvSetupTimerInterrupt
                0x000033f2       0xb8 ./RTOS/port.o
 .text.__vector_7
                0x000034aa       0x54 ./RTOS/port.o
                0x000034aa                __vector_7
 .text.xQueueCreate
                0x000034fe      0x152 ./RTOS/queue.o
                0x000034fe                xQueueCreate
 .text.xQueueGenericSend
                0x00003650      0x13c ./RTOS/queue.o
                0x00003650                xQueueGenericSend
 .text.xQueueGenericSendFromISR
                0x0000378c       0x9a ./RTOS/queue.o
                0x0000378c                xQueueGenericSendFromISR
 .text.xQueueGenericReceive
                0x00003826      0x180 ./RTOS/queue.o
                0x00003826                xQueueGenericReceive
 .text.xQueueReceiveFromISR
                0x000039a6       0x9e ./RTOS/queue.o
                0x000039a6                xQueueReceiveFromISR
 .text.uxQueueMessagesWaiting
                0x00003a44       0x30 ./RTOS/queue.o
                0x00003a44                uxQueueMessagesWaiting
 .text.uxQueueMessagesWaitingFromISR
                0x00003a74       0x26 ./RTOS/queue.o
                0x00003a74                uxQueueMessagesWaitingFromISR
 .text.vQueueDelete
                0x00003a9a       0x2c ./RTOS/queue.o
                0x00003a9a                vQueueDelete
 .text.prvCopyDataToQueue
                0x00003ac6      0x12a ./RTOS/queue.o
 .text.prvCopyDataFromQueue
                0x00003bf0       0x90 ./RTOS/queue.o
 .text.prvUnlockQueue
                0x00003c80       0xa8 ./RTOS/queue.o
 .text.prvIsQueueEmpty
                0x00003d28       0x38 ./RTOS/queue.o
 .text.xQueueIsQueueEmptyFromISR
                0x00003d60       0x2e ./RTOS/queue.o
                0x00003d60                xQueueIsQueueEmptyFromISR
 .text.prvIsQueueFull
                0x00003d8e       0x3e ./RTOS/queue.o
 .text.xQueueIsQueueFullFromISR
                0x00003dcc       0x34 ./RTOS/queue.o
                0x00003dcc                xQueueIsQueueFullFromISR
 .text.xTaskGenericCreate
                0x00003e00      0x1da ./RTOS/tasks.o
                0x00003e00                xTaskGenericCreate
 .text.vTaskDelete
                0x00003fda       0xc6 ./RTOS/tasks.o
                0x00003fda                vTaskDelete
 .text.vTaskDelayUntil
                0x000040a0       0xe8 ./RTOS/tasks.o
                0x000040a0                vTaskDelayUntil
 .text.vTaskDelay
                0x00004188       0x6a ./RTOS/tasks.o
                0x00004188                vTaskDelay
 .text.vTaskStartScheduler
                0x000041f2       0x6e ./RTOS/tasks.o
                0x000041f2                vTaskStartScheduler
 .text.vTaskEndScheduler
                0x00004260       0x18 ./RTOS/tasks.o
                0x00004260                vTaskEndScheduler
 .text.vTaskSuspendAll
                0x00004278       0x18 ./RTOS/tasks.o
                0x00004278                vTaskSuspendAll
 .text.xTaskResumeAll
                0x00004290      0x110 ./RTOS/tasks.o
                0x00004290                xTaskResumeAll
 .text.xTaskGetTickCount
                0x000043a0       0x2e ./RTOS/tasks.o
                0x000043a0                xTaskGetTickCount
 .text.xTaskGetTickCountFromISR
                0x000043ce       0x2a ./RTOS/tasks.o
                0x000043ce                xTaskGetTickCountFromISR
 .text.uxTaskGetNumberOfTasks
                0x000043f8       0x12 ./RTOS/tasks.o
                0x000043f8                uxTaskGetNumberOfTasks
 .text.vTaskIncrementTick
                0x0000440a      0x1aa ./RTOS/tasks.o
                0x0000440a                vTaskIncrementTick
 .text.vTaskSwitchContext
                0x000045b4       0xcc ./RTOS/tasks.o
                0x000045b4                vTaskSwitchContext
 .text.vTaskPlaceOnEventList
                0x00004680       0x6c ./RTOS/tasks.o
                0x00004680                vTaskPlaceOnEventList
 .text.xTaskRemoveFromEventList
                0x000046ec       0xd0 ./RTOS/tasks.o
                0x000046ec                xTaskRemoveFromEventList
 .text.vTaskSetTimeOutState
                0x000047bc       0x32 ./RTOS/tasks.o
                0x000047bc                vTaskSetTimeOutState
 .text.xTaskCheckForTimeOut
                0x000047ee       0xba ./RTOS/tasks.o
                0x000047ee                xTaskCheckForTimeOut
 .text.vTaskMissedYield
                0x000048a8       0x14 ./RTOS/tasks.o
                0x000048a8                vTaskMissedYield
 .text.prvIdleTask
                0x000048bc       0x18 ./RTOS/tasks.o
 .text.prvInitialiseTCBVariables
                0x000048d4       0xae ./RTOS/tasks.o
 .text.prvInitialiseTaskLists
                0x00004982       0x7a ./RTOS/tasks.o
 .text.prvCheckTasksWaitingTermination
                0x000049fc       0x7c ./RTOS/tasks.o
 .text.prvAddCurrentTaskToDelayedList
                0x00004a78       0x92 ./RTOS/tasks.o
 .text.prvAllocateTCBAndStack
                0x00004b0a       0xa0 ./RTOS/tasks.o
 .text.prvDeleteTCB
                0x00004baa       0x2c ./RTOS/tasks.o
 .text.DIO_enumSetPinDirection
                0x00004bd6      0x21e ./MCAL/DIO/DIO_program.o
                0x00004bd6                DIO_enumSetPinDirection
 .text.DIO_enumSetPinValue
                0x00004df4      0x21e ./MCAL/DIO/DIO_program.o
                0x00004df4                DIO_enumSetPinValue
 .text.DIO_enumGetPinValue
                0x00005012      0x18a ./MCAL/DIO/DIO_program.o
                0x00005012                DIO_enumGetPinValue
 .text.DIO_enumTogglePinValue
                0x0000519c      0x110 ./MCAL/DIO/DIO_program.o
                0x0000519c                DIO_enumTogglePinValue
 .text.DIO_enumConnectPullup
                0x000052ac      0x2b2 ./MCAL/DIO/DIO_program.o
                0x000052ac                DIO_enumConnectPullup
 .text.DIO_enumSetPortDirection
                0x0000555e       0x9a ./MCAL/DIO/DIO_program.o
                0x0000555e                DIO_enumSetPortDirection
 .text.DIO_enumSetPortValue
                0x000055f8       0x9a ./MCAL/DIO/DIO_program.o
                0x000055f8                DIO_enumSetPortValue
 .text.DIO_enumTogglePortValue
                0x00005692       0xaa ./MCAL/DIO/DIO_program.o
                0x00005692                DIO_enumTogglePortValue
 .text.DIO_enumGetPortValue
                0x0000573c       0xae ./MCAL/DIO/DIO_program.o
                0x0000573c                DIO_enumGetPortValue
 .text.DIO_voidWriteHighNibbles
                0x000057ea       0xf8 ./MCAL/DIO/DIO_program.o
                0x000057ea                DIO_voidWriteHighNibbles
 .text.DIO_voidWriteLowNibbles
                0x000058e2       0xf6 ./MCAL/DIO/DIO_program.o
                0x000058e2                DIO_voidWriteLowNibbles
 .text.CLCD_voidInit
                0x000059d8      0x50e ./HAL/CLCD/CLCD_program.o
                0x000059d8                CLCD_voidInit
 .text.CLCD_voidSendData
                0x00005ee6      0x12c ./HAL/CLCD/CLCD_program.o
                0x00005ee6                CLCD_voidSendData
 .text.CLCD_voidSendCommand
                0x00006012      0x12c ./HAL/CLCD/CLCD_program.o
                0x00006012                CLCD_voidSendCommand
 .text.CLCD_voidSendString
                0x0000613e       0x52 ./HAL/CLCD/CLCD_program.o
                0x0000613e                CLCD_voidSendString
 .text.CLCD_voidSendNumber
                0x00006190      0x876 ./HAL/CLCD/CLCD_program.o
                0x00006190                CLCD_voidSendNumber
 .text.CLCD_voidSetPosition
                0x00006a06      0x14c ./HAL/CLCD/CLCD_program.o
                0x00006a06                CLCD_voidSetPosition
 .text.CLCD_voidSendExtraChar
                0x00006b52       0x64 ./HAL/CLCD/CLCD_program.o
                0x00006b52                CLCD_voidSendExtraChar
 .text.CLCD_voidClearScreen
                0x00006bb6      0x110 ./HAL/CLCD/CLCD_program.o
                0x00006bb6                CLCD_voidClearScreen
 .text.CLCD_voidSendFallingEdge
                0x00006cc6      0x202 ./HAL/CLCD/CLCD_program.o
 .text.main     0x00006ec8       0x7a ./APP/main.o
                0x00006ec8                main
 .text.CLCD_TASK1
                0x00006f42       0x46 ./APP/main.o
                0x00006f42                CLCD_TASK1
 .text.CLCD_TASK2
                0x00006f88       0x46 ./APP/main.o
                0x00006f88                CLCD_TASK2
 .text.libgcc   0x00006fce        0x0 d:/embedded tools/02-avr tools/03-imt sdk/03- imt sdk/imt_sdk_win_64/winavr/bin/../lib/gcc/avr/4.3.3/avr5\libgcc.a(_exit.o)
 .text.libgcc   0x00006fce        0x0 d:/embedded tools/02-avr tools/03-imt sdk/03- imt sdk/imt_sdk_win_64/winavr/bin/../lib/gcc/avr/4.3.3/avr5\libgcc.a(_copy_data.o)
 .text.libgcc   0x00006fce        0x0 d:/embedded tools/02-avr tools/03-imt sdk/03- imt sdk/imt_sdk_win_64/winavr/bin/../lib/gcc/avr/4.3.3/avr5\libgcc.a(_clear_bss.o)
 .text.libgcc   0x00006fce       0x3e d:/embedded tools/02-avr tools/03-imt sdk/03- imt sdk/imt_sdk_win_64/winavr/bin/../lib/gcc/avr/4.3.3/avr5\libgcc.a(_mulsi3.o)
                0x00006fce                __mulsi3
 .text.libgcc   0x0000700c       0x44 d:/embedded tools/02-avr tools/03-imt sdk/03- imt sdk/imt_sdk_win_64/winavr/bin/../lib/gcc/avr/4.3.3/avr5\libgcc.a(_udivmodsi4.o)
                0x0000700c                __udivmodsi4
 .text.libgcc   0x00007050       0x38 d:/embedded tools/02-avr tools/03-imt sdk/03- imt sdk/imt_sdk_win_64/winavr/bin/../lib/gcc/avr/4.3.3/avr5\libgcc.a(_prologue.o)
                0x00007050                __prologue_saves__
 .text.libgcc   0x00007088       0x36 d:/embedded tools/02-avr tools/03-imt sdk/03- imt sdk/imt_sdk_win_64/winavr/bin/../lib/gcc/avr/4.3.3/avr5\libgcc.a(_epilogue.o)
                0x00007088                __epilogue_restores__
 .text.avr-libc
                0x000070be       0x12 d:/embedded tools/02-avr tools/03-imt sdk/03- imt sdk/imt_sdk_win_64/winavr/bin/../lib/gcc/avr/4.3.3/../../../../avr/lib/avr5\libc.a(memcpy.o)
                0x000070be                memcpy
 .text.avr-libc
                0x000070d0        0xe d:/embedded tools/02-avr tools/03-imt sdk/03- imt sdk/imt_sdk_win_64/winavr/bin/../lib/gcc/avr/4.3.3/../../../../avr/lib/avr5\libc.a(memset.o)
                0x000070d0                memset
 .text.avr-libc
                0x000070de       0x1e d:/embedded tools/02-avr tools/03-imt sdk/03- imt sdk/imt_sdk_win_64/winavr/bin/../lib/gcc/avr/4.3.3/../../../../avr/lib/avr5\libc.a(strncpy.o)
                0x000070de                strncpy
                0x000070fc                . = ALIGN (0x2)
 *(.fini9)
 .fini9         0x000070fc        0x0 d:/embedded tools/02-avr tools/03-imt sdk/03- imt sdk/imt_sdk_win_64/winavr/bin/../lib/gcc/avr/4.3.3/avr5\libgcc.a(_exit.o)
                0x000070fc                exit
                0x000070fc                _exit
 *(.fini9)
 *(.fini8)
 *(.fini8)
 *(.fini7)
 *(.fini7)
 *(.fini6)
 *(.fini6)
 *(.fini5)
 *(.fini5)
 *(.fini4)
 *(.fini4)
 *(.fini3)
 *(.fini3)
 *(.fini2)
 *(.fini2)
 *(.fini1)
 *(.fini1)
 *(.fini0)
 .fini0         0x000070fc        0x4 d:/embedded tools/02-avr tools/03-imt sdk/03- imt sdk/imt_sdk_win_64/winavr/bin/../lib/gcc/avr/4.3.3/avr5\libgcc.a(_exit.o)
 *(.fini0)
                0x00007100                _etext = .

.data           0x00800060      0x17a load address 0x00007100
                0x00800060                PROVIDE (__data_start, .)
 *(.data)
 .data          0x00800060        0x0 d:/embedded tools/02-avr tools/03-imt sdk/03- imt sdk/imt_sdk_win_64/winavr/bin/../lib/gcc/avr/4.3.3/../../../../avr/lib/avr5/crtm32.o
 .data          0x00800060        0x0 ./RTOS/croutine.o
 .data          0x00800060        0x0 ./RTOS/heap_1.o
 .data          0x00800060        0x0 ./RTOS/list.o
 .data          0x00800060        0x0 ./RTOS/port.o
 .data          0x00800060        0x0 ./RTOS/queue.o
 .data          0x00800060        0x5 ./RTOS/tasks.o
 .data          0x00800065        0x0 ./RTOS/timers.o
 .data          0x00800065        0x0 ./MCAL/DIO/DIO_program.o
 .data          0x00800065        0x0 ./HAL/CLCD/CLCD_program.o
 .data          0x00800065       0x2a ./APP/main.o
 .data          0x0080008f        0x0 d:/embedded tools/02-avr tools/03-imt sdk/03- imt sdk/imt_sdk_win_64/winavr/bin/../lib/gcc/avr/4.3.3/avr5\libgcc.a(_exit.o)
 .data          0x0080008f        0x0 d:/embedded tools/02-avr tools/03-imt sdk/03- imt sdk/imt_sdk_win_64/winavr/bin/../lib/gcc/avr/4.3.3/avr5\libgcc.a(_copy_data.o)
 .data          0x0080008f        0x0 d:/embedded tools/02-avr tools/03-imt sdk/03- imt sdk/imt_sdk_win_64/winavr/bin/../lib/gcc/avr/4.3.3/avr5\libgcc.a(_clear_bss.o)
 .data          0x0080008f        0x0 d:/embedded tools/02-avr tools/03-imt sdk/03- imt sdk/imt_sdk_win_64/winavr/bin/../lib/gcc/avr/4.3.3/avr5\libgcc.a(_ashldi3.o)
 .data          0x0080008f        0x0 d:/embedded tools/02-avr tools/03-imt sdk/03- imt sdk/imt_sdk_win_64/winavr/bin/../lib/gcc/avr/4.3.3/avr5\libgcc.a(_fixunssfsi.o)
 .data          0x0080008f        0x0 d:/embedded tools/02-avr tools/03-imt sdk/03- imt sdk/imt_sdk_win_64/winavr/bin/../lib/gcc/avr/4.3.3/avr5\libgcc.a(_udivdi3.o)
 .data          0x0080008f        0x0 d:/embedded tools/02-avr tools/03-imt sdk/03- imt sdk/imt_sdk_win_64/winavr/bin/../lib/gcc/avr/4.3.3/avr5\libgcc.a(_umoddi3.o)
 .data          0x0080008f        0x0 d:/embedded tools/02-avr tools/03-imt sdk/03- imt sdk/imt_sdk_win_64/winavr/bin/../lib/gcc/avr/4.3.3/avr5\libgcc.a(_addsub_sf.o)
 .data          0x0080008f        0x0 d:/embedded tools/02-avr tools/03-imt sdk/03- imt sdk/imt_sdk_win_64/winavr/bin/../lib/gcc/avr/4.3.3/avr5\libgcc.a(_mul_sf.o)
 .data          0x0080008f        0x0 d:/embedded tools/02-avr tools/03-imt sdk/03- imt sdk/imt_sdk_win_64/winavr/bin/../lib/gcc/avr/4.3.3/avr5\libgcc.a(_gt_sf.o)
 .data          0x0080008f        0x0 d:/embedded tools/02-avr tools/03-imt sdk/03- imt sdk/imt_sdk_win_64/winavr/bin/../lib/gcc/avr/4.3.3/avr5\libgcc.a(_ge_sf.o)
 .data          0x0080008f        0x0 d:/embedded tools/02-avr tools/03-imt sdk/03- imt sdk/imt_sdk_win_64/winavr/bin/../lib/gcc/avr/4.3.3/avr5\libgcc.a(_lt_sf.o)
 .data          0x0080008f        0x0 d:/embedded tools/02-avr tools/03-imt sdk/03- imt sdk/imt_sdk_win_64/winavr/bin/../lib/gcc/avr/4.3.3/avr5\libgcc.a(_sf_to_si.o)
 .data          0x0080008f        0x8 d:/embedded tools/02-avr tools/03-imt sdk/03- imt sdk/imt_sdk_win_64/winavr/bin/../lib/gcc/avr/4.3.3/avr5\libgcc.a(_thenan_sf.o)
                0x0080008f                __thenan_sf
 .data          0x00800097        0x0 d:/embedded tools/02-avr tools/03-imt sdk/03- imt sdk/imt_sdk_win_64/winavr/bin/../lib/gcc/avr/4.3.3/avr5\libgcc.a(_mulsi3.o)
 .data          0x00800097        0x0 d:/embedded tools/02-avr tools/03-imt sdk/03- imt sdk/imt_sdk_win_64/winavr/bin/../lib/gcc/avr/4.3.3/avr5\libgcc.a(_udivmodsi4.o)
 .data          0x00800097        0x0 d:/embedded tools/02-avr tools/03-imt sdk/03- imt sdk/imt_sdk_win_64/winavr/bin/../lib/gcc/avr/4.3.3/avr5\libgcc.a(_prologue.o)
 .data          0x00800097        0x0 d:/embedded tools/02-avr tools/03-imt sdk/03- imt sdk/imt_sdk_win_64/winavr/bin/../lib/gcc/avr/4.3.3/avr5\libgcc.a(_epilogue.o)
 .data          0x00800097      0x100 d:/embedded tools/02-avr tools/03-imt sdk/03- imt sdk/imt_sdk_win_64/winavr/bin/../lib/gcc/avr/4.3.3/avr5\libgcc.a(_clz.o)
                0x00800097                __clz_tab
 .data          0x00800197        0x0 d:/embedded tools/02-avr tools/03-imt sdk/03- imt sdk/imt_sdk_win_64/winavr/bin/../lib/gcc/avr/4.3.3/avr5\libgcc.a(_pack_sf.o)
 .data          0x00800197        0x0 d:/embedded tools/02-avr tools/03-imt sdk/03- imt sdk/imt_sdk_win_64/winavr/bin/../lib/gcc/avr/4.3.3/avr5\libgcc.a(_unpack_sf.o)
 .data          0x00800197        0x0 d:/embedded tools/02-avr tools/03-imt sdk/03- imt sdk/imt_sdk_win_64/winavr/bin/../lib/gcc/avr/4.3.3/avr5\libgcc.a(_fpcmp_parts_sf.o)
 .data          0x00800197        0x0 d:/embedded tools/02-avr tools/03-imt sdk/03- imt sdk/imt_sdk_win_64/winavr/bin/../lib/gcc/avr/4.3.3/../../../../avr/lib/avr5\libc.a(memcpy.o)
 .data          0x00800197        0x0 d:/embedded tools/02-avr tools/03-imt sdk/03- imt sdk/imt_sdk_win_64/winavr/bin/../lib/gcc/avr/4.3.3/../../../../avr/lib/avr5\libc.a(memset.o)
 .data          0x00800197        0x0 d:/embedded tools/02-avr tools/03-imt sdk/03- imt sdk/imt_sdk_win_64/winavr/bin/../lib/gcc/avr/4.3.3/../../../../avr/lib/avr5\libc.a(strncpy.o)
 *(.data*)
 .data.xNextTaskUnblockTime
                0x00800197        0x2 ./RTOS/tasks.o
 .data.CLCD_u8ExtraChar
                0x00800199       0x40 ./HAL/CLCD/CLCD_program.o
                0x00800199                CLCD_u8ExtraChar
 .data.CLCD_Flag
                0x008001d9        0x1 ./APP/main.o
                0x008001d9                CLCD_Flag
 *(.rodata)
 *(.rodata*)
 *(.gnu.linkonce.d*)
                0x008001da                . = ALIGN (0x2)
                0x008001da                _edata = .
                0x008001da                PROVIDE (__data_end, .)

.bss            0x008001da      0x31b
                0x008001da                PROVIDE (__bss_start, .)
 *(.bss)
 .bss           0x008001da        0x0 d:/embedded tools/02-avr tools/03-imt sdk/03- imt sdk/imt_sdk_win_64/winavr/bin/../lib/gcc/avr/4.3.3/../../../../avr/lib/avr5/crtm32.o
 .bss           0x008001da        0x0 ./RTOS/croutine.o
 .bss           0x008001da        0x0 ./RTOS/heap_1.o
 .bss           0x008001da        0x0 ./RTOS/list.o
 .bss           0x008001da        0x0 ./RTOS/port.o
 .bss           0x008001da        0x0 ./RTOS/queue.o
 .bss           0x008001da        0x0 ./RTOS/tasks.o
 .bss           0x008001da        0x0 ./RTOS/timers.o
 .bss           0x008001da        0x0 ./MCAL/DIO/DIO_program.o
 .bss           0x008001da        0x0 ./HAL/CLCD/CLCD_program.o
 .bss           0x008001da        0x0 ./APP/main.o
 .bss           0x008001da        0x0 d:/embedded tools/02-avr tools/03-imt sdk/03- imt sdk/imt_sdk_win_64/winavr/bin/../lib/gcc/avr/4.3.3/avr5\libgcc.a(_exit.o)
 .bss           0x008001da        0x0 d:/embedded tools/02-avr tools/03-imt sdk/03- imt sdk/imt_sdk_win_64/winavr/bin/../lib/gcc/avr/4.3.3/avr5\libgcc.a(_copy_data.o)
 .bss           0x008001da        0x0 d:/embedded tools/02-avr tools/03-imt sdk/03- imt sdk/imt_sdk_win_64/winavr/bin/../lib/gcc/avr/4.3.3/avr5\libgcc.a(_clear_bss.o)
 .bss           0x008001da        0x0 d:/embedded tools/02-avr tools/03-imt sdk/03- imt sdk/imt_sdk_win_64/winavr/bin/../lib/gcc/avr/4.3.3/avr5\libgcc.a(_ashldi3.o)
 .bss           0x008001da        0x0 d:/embedded tools/02-avr tools/03-imt sdk/03- imt sdk/imt_sdk_win_64/winavr/bin/../lib/gcc/avr/4.3.3/avr5\libgcc.a(_fixunssfsi.o)
 .bss           0x008001da        0x0 d:/embedded tools/02-avr tools/03-imt sdk/03- imt sdk/imt_sdk_win_64/winavr/bin/../lib/gcc/avr/4.3.3/avr5\libgcc.a(_udivdi3.o)
 .bss           0x008001da        0x0 d:/embedded tools/02-avr tools/03-imt sdk/03- imt sdk/imt_sdk_win_64/winavr/bin/../lib/gcc/avr/4.3.3/avr5\libgcc.a(_umoddi3.o)
 .bss           0x008001da        0x0 d:/embedded tools/02-avr tools/03-imt sdk/03- imt sdk/imt_sdk_win_64/winavr/bin/../lib/gcc/avr/4.3.3/avr5\libgcc.a(_addsub_sf.o)
 .bss           0x008001da        0x0 d:/embedded tools/02-avr tools/03-imt sdk/03- imt sdk/imt_sdk_win_64/winavr/bin/../lib/gcc/avr/4.3.3/avr5\libgcc.a(_mul_sf.o)
 .bss           0x008001da        0x0 d:/embedded tools/02-avr tools/03-imt sdk/03- imt sdk/imt_sdk_win_64/winavr/bin/../lib/gcc/avr/4.3.3/avr5\libgcc.a(_gt_sf.o)
 .bss           0x008001da        0x0 d:/embedded tools/02-avr tools/03-imt sdk/03- imt sdk/imt_sdk_win_64/winavr/bin/../lib/gcc/avr/4.3.3/avr5\libgcc.a(_ge_sf.o)
 .bss           0x008001da        0x0 d:/embedded tools/02-avr tools/03-imt sdk/03- imt sdk/imt_sdk_win_64/winavr/bin/../lib/gcc/avr/4.3.3/avr5\libgcc.a(_lt_sf.o)
 .bss           0x008001da        0x0 d:/embedded tools/02-avr tools/03-imt sdk/03- imt sdk/imt_sdk_win_64/winavr/bin/../lib/gcc/avr/4.3.3/avr5\libgcc.a(_sf_to_si.o)
 .bss           0x008001da        0x0 d:/embedded tools/02-avr tools/03-imt sdk/03- imt sdk/imt_sdk_win_64/winavr/bin/../lib/gcc/avr/4.3.3/avr5\libgcc.a(_thenan_sf.o)
 .bss           0x008001da        0x0 d:/embedded tools/02-avr tools/03-imt sdk/03- imt sdk/imt_sdk_win_64/winavr/bin/../lib/gcc/avr/4.3.3/avr5\libgcc.a(_mulsi3.o)
 .bss           0x008001da        0x0 d:/embedded tools/02-avr tools/03-imt sdk/03- imt sdk/imt_sdk_win_64/winavr/bin/../lib/gcc/avr/4.3.3/avr5\libgcc.a(_udivmodsi4.o)
 .bss           0x008001da        0x0 d:/embedded tools/02-avr tools/03-imt sdk/03- imt sdk/imt_sdk_win_64/winavr/bin/../lib/gcc/avr/4.3.3/avr5\libgcc.a(_prologue.o)
 .bss           0x008001da        0x0 d:/embedded tools/02-avr tools/03-imt sdk/03- imt sdk/imt_sdk_win_64/winavr/bin/../lib/gcc/avr/4.3.3/avr5\libgcc.a(_epilogue.o)
 .bss           0x008001da        0x0 d:/embedded tools/02-avr tools/03-imt sdk/03- imt sdk/imt_sdk_win_64/winavr/bin/../lib/gcc/avr/4.3.3/avr5\libgcc.a(_clz.o)
 .bss           0x008001da        0x0 d:/embedded tools/02-avr tools/03-imt sdk/03- imt sdk/imt_sdk_win_64/winavr/bin/../lib/gcc/avr/4.3.3/avr5\libgcc.a(_pack_sf.o)
 .bss           0x008001da        0x0 d:/embedded tools/02-avr tools/03-imt sdk/03- imt sdk/imt_sdk_win_64/winavr/bin/../lib/gcc/avr/4.3.3/avr5\libgcc.a(_unpack_sf.o)
 .bss           0x008001da        0x0 d:/embedded tools/02-avr tools/03-imt sdk/03- imt sdk/imt_sdk_win_64/winavr/bin/../lib/gcc/avr/4.3.3/avr5\libgcc.a(_fpcmp_parts_sf.o)
 .bss           0x008001da        0x0 d:/embedded tools/02-avr tools/03-imt sdk/03- imt sdk/imt_sdk_win_64/winavr/bin/../lib/gcc/avr/4.3.3/../../../../avr/lib/avr5\libc.a(memcpy.o)
 .bss           0x008001da        0x0 d:/embedded tools/02-avr tools/03-imt sdk/03- imt sdk/imt_sdk_win_64/winavr/bin/../lib/gcc/avr/4.3.3/../../../../avr/lib/avr5\libc.a(memset.o)
 .bss           0x008001da        0x0 d:/embedded tools/02-avr tools/03-imt sdk/03- imt sdk/imt_sdk_win_64/winavr/bin/../lib/gcc/avr/4.3.3/../../../../avr/lib/avr5\libc.a(strncpy.o)
 *(.bss*)
 .bss.pxCurrentCoRoutine
                0x008001da        0x2 ./RTOS/croutine.o
                0x008001da                pxCurrentCoRoutine
 .bss.uxTopCoRoutineReadyPriority
                0x008001dc        0x1 ./RTOS/croutine.o
 .bss.xCoRoutineTickCount
                0x008001dd        0x2 ./RTOS/croutine.o
 .bss.xLastTickCount
                0x008001df        0x2 ./RTOS/croutine.o
 .bss.xPassedTicks
                0x008001e1        0x2 ./RTOS/croutine.o
 .bss.pxReadyCoRoutineLists
                0x008001e3       0x12 ./RTOS/croutine.o
 .bss.xDelayedCoRoutineList1
                0x008001f5        0x9 ./RTOS/croutine.o
 .bss.xDelayedCoRoutineList2
                0x008001fe        0x9 ./RTOS/croutine.o
 .bss.pxDelayedCoRoutineList
                0x00800207        0x2 ./RTOS/croutine.o
 .bss.pxOverflowDelayedCoRoutineList
                0x00800209        0x2 ./RTOS/croutine.o
 .bss.xPendingReadyCoRoutineList
                0x0080020b        0x9 ./RTOS/croutine.o
 .bss.xNextFreeByte
                0x00800214        0x2 ./RTOS/heap_1.o
 .bss.xHeap     0x00800216      0x258 ./RTOS/heap_1.o
 .bss.pxCurrentTCB
                0x0080046e        0x2 ./RTOS/tasks.o
                0x0080046e                pxCurrentTCB
 .bss.uxTasksDeleted
                0x00800470        0x1 ./RTOS/tasks.o
 .bss.uxCurrentNumberOfTasks
                0x00800471        0x1 ./RTOS/tasks.o
 .bss.xTickCount
                0x00800472        0x2 ./RTOS/tasks.o
 .bss.uxTopUsedPriority
                0x00800474        0x1 ./RTOS/tasks.o
 .bss.uxTopReadyPriority
                0x00800475        0x1 ./RTOS/tasks.o
 .bss.xSchedulerRunning
                0x00800476        0x1 ./RTOS/tasks.o
 .bss.uxSchedulerSuspended
                0x00800477        0x1 ./RTOS/tasks.o
 .bss.uxMissedTicks
                0x00800478        0x1 ./RTOS/tasks.o
 .bss.xMissedYield
                0x00800479        0x1 ./RTOS/tasks.o
 .bss.xNumOfOverflows
                0x0080047a        0x1 ./RTOS/tasks.o
 .bss.uxTaskNumber
                0x0080047b        0x1 ./RTOS/tasks.o
 .bss.pxReadyTasksLists
                0x0080047c       0x51 ./RTOS/tasks.o
 .bss.xDelayedTaskList1
                0x008004cd        0x9 ./RTOS/tasks.o
 .bss.xDelayedTaskList2
                0x008004d6        0x9 ./RTOS/tasks.o
 .bss.pxDelayedTaskList
                0x008004df        0x2 ./RTOS/tasks.o
 .bss.pxOverflowDelayedTaskList
                0x008004e1        0x2 ./RTOS/tasks.o
 .bss.xPendingReadyList
                0x008004e3        0x9 ./RTOS/tasks.o
 .bss.xTasksWaitingTermination
                0x008004ec        0x9 ./RTOS/tasks.o
 *(COMMON)
                0x008004f5                PROVIDE (__bss_end, .)
                0x00007100                __data_load_start = LOADADDR (.data)
                0x0000727a                __data_load_end = (__data_load_start + SIZEOF (.data))

.noinit         0x008004f5        0x0
                0x008004f5                PROVIDE (__noinit_start, .)
 *(.noinit*)
                0x008004f5                PROVIDE (__noinit_end, .)
                0x008004f5                _end = .
                0x008004f5                PROVIDE (__heap_start, .)

.eeprom         0x00810000        0x0
 *(.eeprom*)
                0x00810000                __eeprom_end = .

.fuse
 *(.fuse)
 *(.lfuse)
 *(.hfuse)
 *(.efuse)

.lock
 *(.lock*)

.signature
 *(.signature*)

.stab           0x00000000     0x6090
 *(.stab)
 .stab          0x00000000      0xb40 ./RTOS/croutine.o
 .stab          0x00000b40      0x354 ./RTOS/heap_1.o
                                0x624 (size before relaxing)
 .stab          0x00000e94      0x474 ./RTOS/list.o
                                0x750 (size before relaxing)
 .stab          0x00001308      0x834 ./RTOS/port.o
                                0xb64 (size before relaxing)
 .stab          0x00001b3c      0xe94 ./RTOS/queue.o
                               0x11d0 (size before relaxing)
 .stab          0x000029d0     0x1578 ./RTOS/tasks.o
                               0x17d0 (size before relaxing)
 .stab          0x00003f48      0x1c8 ./RTOS/timers.o
                                0x4c8 (size before relaxing)
 .stab          0x00004110      0xcb4 ./MCAL/DIO/DIO_program.o
                                0xcc0 (size before relaxing)
 .stab          0x00004dc4      0xe28 ./HAL/CLCD/CLCD_program.o
                                0xfb4 (size before relaxing)
 .stab          0x00005bec      0x4a4 ./APP/main.o
                                0x690 (size before relaxing)

.stabstr        0x00000000     0x38a6
 *(.stabstr)
 .stabstr       0x00000000     0x38a6 ./RTOS/croutine.o

.stab.excl
 *(.stab.excl)

.stab.exclstr
 *(.stab.exclstr)

.stab.index
 *(.stab.index)

.stab.indexstr
 *(.stab.indexstr)

.comment
 *(.comment)

.debug
 *(.debug)

.line
 *(.line)

.debug_srcinfo
 *(.debug_srcinfo)

.debug_sfnames
 *(.debug_sfnames)

.debug_aranges  0x00000000      0x1a0
 *(.debug_aranges)
 .debug_aranges
                0x00000000       0x20 d:/embedded tools/02-avr tools/03-imt sdk/03- imt sdk/imt_sdk_win_64/winavr/bin/../lib/gcc/avr/4.3.3/avr5\libgcc.a(_ashldi3.o)
 .debug_aranges
                0x00000020       0x20 d:/embedded tools/02-avr tools/03-imt sdk/03- imt sdk/imt_sdk_win_64/winavr/bin/../lib/gcc/avr/4.3.3/avr5\libgcc.a(_fixunssfsi.o)
 .debug_aranges
                0x00000040       0x20 d:/embedded tools/02-avr tools/03-imt sdk/03- imt sdk/imt_sdk_win_64/winavr/bin/../lib/gcc/avr/4.3.3/avr5\libgcc.a(_udivdi3.o)
 .debug_aranges
                0x00000060       0x20 d:/embedded tools/02-avr tools/03-imt sdk/03- imt sdk/imt_sdk_win_64/winavr/bin/../lib/gcc/avr/4.3.3/avr5\libgcc.a(_umoddi3.o)
 .debug_aranges
                0x00000080       0x20 d:/embedded tools/02-avr tools/03-imt sdk/03- imt sdk/imt_sdk_win_64/winavr/bin/../lib/gcc/avr/4.3.3/avr5\libgcc.a(_addsub_sf.o)
 .debug_aranges
                0x000000a0       0x20 d:/embedded tools/02-avr tools/03-imt sdk/03- imt sdk/imt_sdk_win_64/winavr/bin/../lib/gcc/avr/4.3.3/avr5\libgcc.a(_mul_sf.o)
 .debug_aranges
                0x000000c0       0x20 d:/embedded tools/02-avr tools/03-imt sdk/03- imt sdk/imt_sdk_win_64/winavr/bin/../lib/gcc/avr/4.3.3/avr5\libgcc.a(_gt_sf.o)
 .debug_aranges
                0x000000e0       0x20 d:/embedded tools/02-avr tools/03-imt sdk/03- imt sdk/imt_sdk_win_64/winavr/bin/../lib/gcc/avr/4.3.3/avr5\libgcc.a(_ge_sf.o)
 .debug_aranges
                0x00000100       0x20 d:/embedded tools/02-avr tools/03-imt sdk/03- imt sdk/imt_sdk_win_64/winavr/bin/../lib/gcc/avr/4.3.3/avr5\libgcc.a(_lt_sf.o)
 .debug_aranges
                0x00000120       0x20 d:/embedded tools/02-avr tools/03-imt sdk/03- imt sdk/imt_sdk_win_64/winavr/bin/../lib/gcc/avr/4.3.3/avr5\libgcc.a(_sf_to_si.o)
 .debug_aranges
                0x00000140       0x20 d:/embedded tools/02-avr tools/03-imt sdk/03- imt sdk/imt_sdk_win_64/winavr/bin/../lib/gcc/avr/4.3.3/avr5\libgcc.a(_pack_sf.o)
 .debug_aranges
                0x00000160       0x20 d:/embedded tools/02-avr tools/03-imt sdk/03- imt sdk/imt_sdk_win_64/winavr/bin/../lib/gcc/avr/4.3.3/avr5\libgcc.a(_unpack_sf.o)
 .debug_aranges
                0x00000180       0x20 d:/embedded tools/02-avr tools/03-imt sdk/03- imt sdk/imt_sdk_win_64/winavr/bin/../lib/gcc/avr/4.3.3/avr5\libgcc.a(_fpcmp_parts_sf.o)

.debug_pubnames
                0x00000000      0x1f0
 *(.debug_pubnames)
 .debug_pubnames
                0x00000000       0x20 d:/embedded tools/02-avr tools/03-imt sdk/03- imt sdk/imt_sdk_win_64/winavr/bin/../lib/gcc/avr/4.3.3/avr5\libgcc.a(_ashldi3.o)
 .debug_pubnames
                0x00000020       0x23 d:/embedded tools/02-avr tools/03-imt sdk/03- imt sdk/imt_sdk_win_64/winavr/bin/../lib/gcc/avr/4.3.3/avr5\libgcc.a(_fixunssfsi.o)
 .debug_pubnames
                0x00000043       0x20 d:/embedded tools/02-avr tools/03-imt sdk/03- imt sdk/imt_sdk_win_64/winavr/bin/../lib/gcc/avr/4.3.3/avr5\libgcc.a(_udivdi3.o)
 .debug_pubnames
                0x00000063       0x20 d:/embedded tools/02-avr tools/03-imt sdk/03- imt sdk/imt_sdk_win_64/winavr/bin/../lib/gcc/avr/4.3.3/avr5\libgcc.a(_umoddi3.o)
 .debug_pubnames
                0x00000083       0x2c d:/embedded tools/02-avr tools/03-imt sdk/03- imt sdk/imt_sdk_win_64/winavr/bin/../lib/gcc/avr/4.3.3/avr5\libgcc.a(_addsub_sf.o)
 .debug_pubnames
                0x000000af       0x1f d:/embedded tools/02-avr tools/03-imt sdk/03- imt sdk/imt_sdk_win_64/winavr/bin/../lib/gcc/avr/4.3.3/avr5\libgcc.a(_mul_sf.o)
 .debug_pubnames
                0x000000ce       0x1e d:/embedded tools/02-avr tools/03-imt sdk/03- imt sdk/imt_sdk_win_64/winavr/bin/../lib/gcc/avr/4.3.3/avr5\libgcc.a(_gt_sf.o)
 .debug_pubnames
                0x000000ec       0x1e d:/embedded tools/02-avr tools/03-imt sdk/03- imt sdk/imt_sdk_win_64/winavr/bin/../lib/gcc/avr/4.3.3/avr5\libgcc.a(_ge_sf.o)
 .debug_pubnames
                0x0000010a       0x1e d:/embedded tools/02-avr tools/03-imt sdk/03- imt sdk/imt_sdk_win_64/winavr/bin/../lib/gcc/avr/4.3.3/avr5\libgcc.a(_lt_sf.o)
 .debug_pubnames
                0x00000128       0x20 d:/embedded tools/02-avr tools/03-imt sdk/03- imt sdk/imt_sdk_win_64/winavr/bin/../lib/gcc/avr/4.3.3/avr5\libgcc.a(_sf_to_si.o)
 .debug_pubnames
                0x00000148       0x22 d:/embedded tools/02-avr tools/03-imt sdk/03- imt sdk/imt_sdk_win_64/winavr/bin/../lib/gcc/avr/4.3.3/avr5\libgcc.a(_thenan_sf.o)
 .debug_pubnames
                0x0000016a       0x20 d:/embedded tools/02-avr tools/03-imt sdk/03- imt sdk/imt_sdk_win_64/winavr/bin/../lib/gcc/avr/4.3.3/avr5\libgcc.a(_clz.o)
 .debug_pubnames
                0x0000018a       0x1f d:/embedded tools/02-avr tools/03-imt sdk/03- imt sdk/imt_sdk_win_64/winavr/bin/../lib/gcc/avr/4.3.3/avr5\libgcc.a(_pack_sf.o)
 .debug_pubnames
                0x000001a9       0x21 d:/embedded tools/02-avr tools/03-imt sdk/03- imt sdk/imt_sdk_win_64/winavr/bin/../lib/gcc/avr/4.3.3/avr5\libgcc.a(_unpack_sf.o)
 .debug_pubnames
                0x000001ca       0x26 d:/embedded tools/02-avr tools/03-imt sdk/03- imt sdk/imt_sdk_win_64/winavr/bin/../lib/gcc/avr/4.3.3/avr5\libgcc.a(_fpcmp_parts_sf.o)

.debug_info     0x00000000     0x2ce6
 *(.debug_info)
 .debug_info    0x00000000      0x17f d:/embedded tools/02-avr tools/03-imt sdk/03- imt sdk/imt_sdk_win_64/winavr/bin/../lib/gcc/avr/4.3.3/avr5\libgcc.a(_ashldi3.o)
 .debug_info    0x0000017f       0xb1 d:/embedded tools/02-avr tools/03-imt sdk/03- imt sdk/imt_sdk_win_64/winavr/bin/../lib/gcc/avr/4.3.3/avr5\libgcc.a(_fixunssfsi.o)
 .debug_info    0x00000230      0x71e d:/embedded tools/02-avr tools/03-imt sdk/03- imt sdk/imt_sdk_win_64/winavr/bin/../lib/gcc/avr/4.3.3/avr5\libgcc.a(_udivdi3.o)
 .debug_info    0x0000094e      0x757 d:/embedded tools/02-avr tools/03-imt sdk/03- imt sdk/imt_sdk_win_64/winavr/bin/../lib/gcc/avr/4.3.3/avr5\libgcc.a(_umoddi3.o)
 .debug_info    0x000010a5      0x47a d:/embedded tools/02-avr tools/03-imt sdk/03- imt sdk/imt_sdk_win_64/winavr/bin/../lib/gcc/avr/4.3.3/avr5\libgcc.a(_addsub_sf.o)
 .debug_info    0x0000151f      0x485 d:/embedded tools/02-avr tools/03-imt sdk/03- imt sdk/imt_sdk_win_64/winavr/bin/../lib/gcc/avr/4.3.3/avr5\libgcc.a(_mul_sf.o)
 .debug_info    0x000019a4      0x27f d:/embedded tools/02-avr tools/03-imt sdk/03- imt sdk/imt_sdk_win_64/winavr/bin/../lib/gcc/avr/4.3.3/avr5\libgcc.a(_gt_sf.o)
 .debug_info    0x00001c23      0x27f d:/embedded tools/02-avr tools/03-imt sdk/03- imt sdk/imt_sdk_win_64/winavr/bin/../lib/gcc/avr/4.3.3/avr5\libgcc.a(_ge_sf.o)
 .debug_info    0x00001ea2      0x27f d:/embedded tools/02-avr tools/03-imt sdk/03- imt sdk/imt_sdk_win_64/winavr/bin/../lib/gcc/avr/4.3.3/avr5\libgcc.a(_lt_sf.o)
 .debug_info    0x00002121      0x2b0 d:/embedded tools/02-avr tools/03-imt sdk/03- imt sdk/imt_sdk_win_64/winavr/bin/../lib/gcc/avr/4.3.3/avr5\libgcc.a(_sf_to_si.o)
 .debug_info    0x000023d1      0x12c d:/embedded tools/02-avr tools/03-imt sdk/03- imt sdk/imt_sdk_win_64/winavr/bin/../lib/gcc/avr/4.3.3/avr5\libgcc.a(_thenan_sf.o)
 .debug_info    0x000024fd       0xa9 d:/embedded tools/02-avr tools/03-imt sdk/03- imt sdk/imt_sdk_win_64/winavr/bin/../lib/gcc/avr/4.3.3/avr5\libgcc.a(_clz.o)
 .debug_info    0x000025a6      0x2df d:/embedded tools/02-avr tools/03-imt sdk/03- imt sdk/imt_sdk_win_64/winavr/bin/../lib/gcc/avr/4.3.3/avr5\libgcc.a(_pack_sf.o)
 .debug_info    0x00002885      0x251 d:/embedded tools/02-avr tools/03-imt sdk/03- imt sdk/imt_sdk_win_64/winavr/bin/../lib/gcc/avr/4.3.3/avr5\libgcc.a(_unpack_sf.o)
 .debug_info    0x00002ad6      0x210 d:/embedded tools/02-avr tools/03-imt sdk/03- imt sdk/imt_sdk_win_64/winavr/bin/../lib/gcc/avr/4.3.3/avr5\libgcc.a(_fpcmp_parts_sf.o)
 *(.gnu.linkonce.wi.*)

.debug_abbrev   0x00000000     0x1354
 *(.debug_abbrev)
 .debug_abbrev  0x00000000       0xee d:/embedded tools/02-avr tools/03-imt sdk/03- imt sdk/imt_sdk_win_64/winavr/bin/../lib/gcc/avr/4.3.3/avr5\libgcc.a(_ashldi3.o)
 .debug_abbrev  0x000000ee       0x5d d:/embedded tools/02-avr tools/03-imt sdk/03- imt sdk/imt_sdk_win_64/winavr/bin/../lib/gcc/avr/4.3.3/avr5\libgcc.a(_fixunssfsi.o)
 .debug_abbrev  0x0000014b      0x181 d:/embedded tools/02-avr tools/03-imt sdk/03- imt sdk/imt_sdk_win_64/winavr/bin/../lib/gcc/avr/4.3.3/avr5\libgcc.a(_udivdi3.o)
 .debug_abbrev  0x000002cc      0x190 d:/embedded tools/02-avr tools/03-imt sdk/03- imt sdk/imt_sdk_win_64/winavr/bin/../lib/gcc/avr/4.3.3/avr5\libgcc.a(_umoddi3.o)
 .debug_abbrev  0x0000045c      0x1ea d:/embedded tools/02-avr tools/03-imt sdk/03- imt sdk/imt_sdk_win_64/winavr/bin/../lib/gcc/avr/4.3.3/avr5\libgcc.a(_addsub_sf.o)
 .debug_abbrev  0x00000646      0x21b d:/embedded tools/02-avr tools/03-imt sdk/03- imt sdk/imt_sdk_win_64/winavr/bin/../lib/gcc/avr/4.3.3/avr5\libgcc.a(_mul_sf.o)
 .debug_abbrev  0x00000861      0x15a d:/embedded tools/02-avr tools/03-imt sdk/03- imt sdk/imt_sdk_win_64/winavr/bin/../lib/gcc/avr/4.3.3/avr5\libgcc.a(_gt_sf.o)
 .debug_abbrev  0x000009bb      0x15a d:/embedded tools/02-avr tools/03-imt sdk/03- imt sdk/imt_sdk_win_64/winavr/bin/../lib/gcc/avr/4.3.3/avr5\libgcc.a(_ge_sf.o)
 .debug_abbrev  0x00000b15      0x15a d:/embedded tools/02-avr tools/03-imt sdk/03- imt sdk/imt_sdk_win_64/winavr/bin/../lib/gcc/avr/4.3.3/avr5\libgcc.a(_lt_sf.o)
 .debug_abbrev  0x00000c6f      0x17f d:/embedded tools/02-avr tools/03-imt sdk/03- imt sdk/imt_sdk_win_64/winavr/bin/../lib/gcc/avr/4.3.3/avr5\libgcc.a(_sf_to_si.o)
 .debug_abbrev  0x00000dee       0xad d:/embedded tools/02-avr tools/03-imt sdk/03- imt sdk/imt_sdk_win_64/winavr/bin/../lib/gcc/avr/4.3.3/avr5\libgcc.a(_thenan_sf.o)
 .debug_abbrev  0x00000e9b       0x6a d:/embedded tools/02-avr tools/03-imt sdk/03- imt sdk/imt_sdk_win_64/winavr/bin/../lib/gcc/avr/4.3.3/avr5\libgcc.a(_clz.o)
 .debug_abbrev  0x00000f05      0x1c0 d:/embedded tools/02-avr tools/03-imt sdk/03- imt sdk/imt_sdk_win_64/winavr/bin/../lib/gcc/avr/4.3.3/avr5\libgcc.a(_pack_sf.o)
 .debug_abbrev  0x000010c5      0x154 d:/embedded tools/02-avr tools/03-imt sdk/03- imt sdk/imt_sdk_win_64/winavr/bin/../lib/gcc/avr/4.3.3/avr5\libgcc.a(_unpack_sf.o)
 .debug_abbrev  0x00001219      0x13b d:/embedded tools/02-avr tools/03-imt sdk/03- imt sdk/imt_sdk_win_64/winavr/bin/../lib/gcc/avr/4.3.3/avr5\libgcc.a(_fpcmp_parts_sf.o)

.debug_line     0x00000000     0x1308
 *(.debug_line)
 .debug_line    0x00000000       0xd7 d:/embedded tools/02-avr tools/03-imt sdk/03- imt sdk/imt_sdk_win_64/winavr/bin/../lib/gcc/avr/4.3.3/avr5\libgcc.a(_ashldi3.o)
 .debug_line    0x000000d7       0xa7 d:/embedded tools/02-avr tools/03-imt sdk/03- imt sdk/imt_sdk_win_64/winavr/bin/../lib/gcc/avr/4.3.3/avr5\libgcc.a(_fixunssfsi.o)
 .debug_line    0x0000017e      0x1d8 d:/embedded tools/02-avr tools/03-imt sdk/03- imt sdk/imt_sdk_win_64/winavr/bin/../lib/gcc/avr/4.3.3/avr5\libgcc.a(_udivdi3.o)
 .debug_line    0x00000356      0x230 d:/embedded tools/02-avr tools/03-imt sdk/03- imt sdk/imt_sdk_win_64/winavr/bin/../lib/gcc/avr/4.3.3/avr5\libgcc.a(_umoddi3.o)
 .debug_line    0x00000586      0x2af d:/embedded tools/02-avr tools/03-imt sdk/03- imt sdk/imt_sdk_win_64/winavr/bin/../lib/gcc/avr/4.3.3/avr5\libgcc.a(_addsub_sf.o)
 .debug_line    0x00000835      0x239 d:/embedded tools/02-avr tools/03-imt sdk/03- imt sdk/imt_sdk_win_64/winavr/bin/../lib/gcc/avr/4.3.3/avr5\libgcc.a(_mul_sf.o)
 .debug_line    0x00000a6e       0xd3 d:/embedded tools/02-avr tools/03-imt sdk/03- imt sdk/imt_sdk_win_64/winavr/bin/../lib/gcc/avr/4.3.3/avr5\libgcc.a(_gt_sf.o)
 .debug_line    0x00000b41       0xd3 d:/embedded tools/02-avr tools/03-imt sdk/03- imt sdk/imt_sdk_win_64/winavr/bin/../lib/gcc/avr/4.3.3/avr5\libgcc.a(_ge_sf.o)
 .debug_line    0x00000c14       0xd3 d:/embedded tools/02-avr tools/03-imt sdk/03- imt sdk/imt_sdk_win_64/winavr/bin/../lib/gcc/avr/4.3.3/avr5\libgcc.a(_lt_sf.o)
 .debug_line    0x00000ce7      0x109 d:/embedded tools/02-avr tools/03-imt sdk/03- imt sdk/imt_sdk_win_64/winavr/bin/../lib/gcc/avr/4.3.3/avr5\libgcc.a(_sf_to_si.o)
 .debug_line    0x00000df0       0x90 d:/embedded tools/02-avr tools/03-imt sdk/03- imt sdk/imt_sdk_win_64/winavr/bin/../lib/gcc/avr/4.3.3/avr5\libgcc.a(_thenan_sf.o)
 .debug_line    0x00000e80       0x7c d:/embedded tools/02-avr tools/03-imt sdk/03- imt sdk/imt_sdk_win_64/winavr/bin/../lib/gcc/avr/4.3.3/avr5\libgcc.a(_clz.o)
 .debug_line    0x00000efc      0x18a d:/embedded tools/02-avr tools/03-imt sdk/03- imt sdk/imt_sdk_win_64/winavr/bin/../lib/gcc/avr/4.3.3/avr5\libgcc.a(_pack_sf.o)
 .debug_line    0x00001086      0x14b d:/embedded tools/02-avr tools/03-imt sdk/03- imt sdk/imt_sdk_win_64/winavr/bin/../lib/gcc/avr/4.3.3/avr5\libgcc.a(_unpack_sf.o)
 .debug_line    0x000011d1      0x137 d:/embedded tools/02-avr tools/03-imt sdk/03- imt sdk/imt_sdk_win_64/winavr/bin/../lib/gcc/avr/4.3.3/avr5\libgcc.a(_fpcmp_parts_sf.o)

.debug_frame    0x00000000      0x1c0
 *(.debug_frame)
 .debug_frame   0x00000000       0x20 d:/embedded tools/02-avr tools/03-imt sdk/03- imt sdk/imt_sdk_win_64/winavr/bin/../lib/gcc/avr/4.3.3/avr5\libgcc.a(_ashldi3.o)
 .debug_frame   0x00000020       0x20 d:/embedded tools/02-avr tools/03-imt sdk/03- imt sdk/imt_sdk_win_64/winavr/bin/../lib/gcc/avr/4.3.3/avr5\libgcc.a(_fixunssfsi.o)
 .debug_frame   0x00000040       0x20 d:/embedded tools/02-avr tools/03-imt sdk/03- imt sdk/imt_sdk_win_64/winavr/bin/../lib/gcc/avr/4.3.3/avr5\libgcc.a(_udivdi3.o)
 .debug_frame   0x00000060       0x20 d:/embedded tools/02-avr tools/03-imt sdk/03- imt sdk/imt_sdk_win_64/winavr/bin/../lib/gcc/avr/4.3.3/avr5\libgcc.a(_umoddi3.o)
 .debug_frame   0x00000080       0x40 d:/embedded tools/02-avr tools/03-imt sdk/03- imt sdk/imt_sdk_win_64/winavr/bin/../lib/gcc/avr/4.3.3/avr5\libgcc.a(_addsub_sf.o)
 .debug_frame   0x000000c0       0x20 d:/embedded tools/02-avr tools/03-imt sdk/03- imt sdk/imt_sdk_win_64/winavr/bin/../lib/gcc/avr/4.3.3/avr5\libgcc.a(_mul_sf.o)
 .debug_frame   0x000000e0       0x20 d:/embedded tools/02-avr tools/03-imt sdk/03- imt sdk/imt_sdk_win_64/winavr/bin/../lib/gcc/avr/4.3.3/avr5\libgcc.a(_gt_sf.o)
 .debug_frame   0x00000100       0x20 d:/embedded tools/02-avr tools/03-imt sdk/03- imt sdk/imt_sdk_win_64/winavr/bin/../lib/gcc/avr/4.3.3/avr5\libgcc.a(_ge_sf.o)
 .debug_frame   0x00000120       0x20 d:/embedded tools/02-avr tools/03-imt sdk/03- imt sdk/imt_sdk_win_64/winavr/bin/../lib/gcc/avr/4.3.3/avr5\libgcc.a(_lt_sf.o)
 .debug_frame   0x00000140       0x20 d:/embedded tools/02-avr tools/03-imt sdk/03- imt sdk/imt_sdk_win_64/winavr/bin/../lib/gcc/avr/4.3.3/avr5\libgcc.a(_sf_to_si.o)
 .debug_frame   0x00000160       0x20 d:/embedded tools/02-avr tools/03-imt sdk/03- imt sdk/imt_sdk_win_64/winavr/bin/../lib/gcc/avr/4.3.3/avr5\libgcc.a(_pack_sf.o)
 .debug_frame   0x00000180       0x20 d:/embedded tools/02-avr tools/03-imt sdk/03- imt sdk/imt_sdk_win_64/winavr/bin/../lib/gcc/avr/4.3.3/avr5\libgcc.a(_unpack_sf.o)
 .debug_frame   0x000001a0       0x20 d:/embedded tools/02-avr tools/03-imt sdk/03- imt sdk/imt_sdk_win_64/winavr/bin/../lib/gcc/avr/4.3.3/avr5\libgcc.a(_fpcmp_parts_sf.o)

.debug_str      0x00000000      0x340
 *(.debug_str)
 .debug_str     0x00000000       0xdf d:/embedded tools/02-avr tools/03-imt sdk/03- imt sdk/imt_sdk_win_64/winavr/bin/../lib/gcc/avr/4.3.3/avr5\libgcc.a(_ashldi3.o)
                                0x131 (size before relaxing)
 .debug_str     0x000000df       0x14 d:/embedded tools/02-avr tools/03-imt sdk/03- imt sdk/imt_sdk_win_64/winavr/bin/../lib/gcc/avr/4.3.3/avr5\libgcc.a(_fixunssfsi.o)
                                 0xfe (size before relaxing)
 .debug_str     0x000000f3       0x7c d:/embedded tools/02-avr tools/03-imt sdk/03- imt sdk/imt_sdk_win_64/winavr/bin/../lib/gcc/avr/4.3.3/avr5\libgcc.a(_udivdi3.o)
                                0x18a (size before relaxing)
 .debug_str     0x0000016f        0xa d:/embedded tools/02-avr tools/03-imt sdk/03- imt sdk/imt_sdk_win_64/winavr/bin/../lib/gcc/avr/4.3.3/avr5\libgcc.a(_umoddi3.o)
                                0x18a (size before relaxing)
 .debug_str     0x00000179      0x14d d:/embedded tools/02-avr tools/03-imt sdk/03- imt sdk/imt_sdk_win_64/winavr/bin/../lib/gcc/avr/4.3.3/avr5\libgcc.a(_addsub_sf.o)
                                0x206 (size before relaxing)
 .debug_str     0x000002c6       0x27 d:/embedded tools/02-avr tools/03-imt sdk/03- imt sdk/imt_sdk_win_64/winavr/bin/../lib/gcc/avr/4.3.3/avr5\libgcc.a(_mul_sf.o)
                                0x1bf (size before relaxing)
 .debug_str     0x000002ed        0x8 d:/embedded tools/02-avr tools/03-imt sdk/03- imt sdk/imt_sdk_win_64/winavr/bin/../lib/gcc/avr/4.3.3/avr5\libgcc.a(_gt_sf.o)
                                0x195 (size before relaxing)
 .debug_str     0x000002f5        0x8 d:/embedded tools/02-avr tools/03-imt sdk/03- imt sdk/imt_sdk_win_64/winavr/bin/../lib/gcc/avr/4.3.3/avr5\libgcc.a(_ge_sf.o)
                                0x195 (size before relaxing)
 .debug_str     0x000002fd        0x8 d:/embedded tools/02-avr tools/03-imt sdk/03- imt sdk/imt_sdk_win_64/winavr/bin/../lib/gcc/avr/4.3.3/avr5\libgcc.a(_lt_sf.o)
                                0x195 (size before relaxing)
 .debug_str     0x00000305        0xa d:/embedded tools/02-avr tools/03-imt sdk/03- imt sdk/imt_sdk_win_64/winavr/bin/../lib/gcc/avr/4.3.3/avr5\libgcc.a(_sf_to_si.o)
                                0x19e (size before relaxing)
 .debug_str     0x00000000      0x103 d:/embedded tools/02-avr tools/03-imt sdk/03- imt sdk/imt_sdk_win_64/winavr/bin/../lib/gcc/avr/4.3.3/avr5\libgcc.a(_thenan_sf.o)
 .debug_str     0x00000000       0xf4 d:/embedded tools/02-avr tools/03-imt sdk/03- imt sdk/imt_sdk_win_64/winavr/bin/../lib/gcc/avr/4.3.3/avr5\libgcc.a(_clz.o)
 .debug_str     0x0000030f       0x16 d:/embedded tools/02-avr tools/03-imt sdk/03- imt sdk/imt_sdk_win_64/winavr/bin/../lib/gcc/avr/4.3.3/avr5\libgcc.a(_pack_sf.o)
                                0x19d (size before relaxing)
 .debug_str     0x00000325        0xb d:/embedded tools/02-avr tools/03-imt sdk/03- imt sdk/imt_sdk_win_64/winavr/bin/../lib/gcc/avr/4.3.3/avr5\libgcc.a(_unpack_sf.o)
                                0x17f (size before relaxing)
 .debug_str     0x00000330       0x10 d:/embedded tools/02-avr tools/03-imt sdk/03- imt sdk/imt_sdk_win_64/winavr/bin/../lib/gcc/avr/4.3.3/avr5\libgcc.a(_fpcmp_parts_sf.o)
                                0x163 (size before relaxing)

.debug_loc      0x00000000     0x21ec
 *(.debug_loc)
 .debug_loc     0x00000000       0xf8 d:/embedded tools/02-avr tools/03-imt sdk/03- imt sdk/imt_sdk_win_64/winavr/bin/../lib/gcc/avr/4.3.3/avr5\libgcc.a(_ashldi3.o)
 .debug_loc     0x000000f8       0x34 d:/embedded tools/02-avr tools/03-imt sdk/03- imt sdk/imt_sdk_win_64/winavr/bin/../lib/gcc/avr/4.3.3/avr5\libgcc.a(_fixunssfsi.o)
 .debug_loc     0x0000012c      0xe74 d:/embedded tools/02-avr tools/03-imt sdk/03- imt sdk/imt_sdk_win_64/winavr/bin/../lib/gcc/avr/4.3.3/avr5\libgcc.a(_udivdi3.o)
 .debug_loc     0x00000fa0      0xab2 d:/embedded tools/02-avr tools/03-imt sdk/03- imt sdk/imt_sdk_win_64/winavr/bin/../lib/gcc/avr/4.3.3/avr5\libgcc.a(_umoddi3.o)
 .debug_loc     0x00001a52      0x32a d:/embedded tools/02-avr tools/03-imt sdk/03- imt sdk/imt_sdk_win_64/winavr/bin/../lib/gcc/avr/4.3.3/avr5\libgcc.a(_addsub_sf.o)
 .debug_loc     0x00001d7c      0x104 d:/embedded tools/02-avr tools/03-imt sdk/03- imt sdk/imt_sdk_win_64/winavr/bin/../lib/gcc/avr/4.3.3/avr5\libgcc.a(_mul_sf.o)
 .debug_loc     0x00001e80       0x3c d:/embedded tools/02-avr tools/03-imt sdk/03- imt sdk/imt_sdk_win_64/winavr/bin/../lib/gcc/avr/4.3.3/avr5\libgcc.a(_gt_sf.o)
 .debug_loc     0x00001ebc       0x3c d:/embedded tools/02-avr tools/03-imt sdk/03- imt sdk/imt_sdk_win_64/winavr/bin/../lib/gcc/avr/4.3.3/avr5\libgcc.a(_ge_sf.o)
 .debug_loc     0x00001ef8       0x3c d:/embedded tools/02-avr tools/03-imt sdk/03- imt sdk/imt_sdk_win_64/winavr/bin/../lib/gcc/avr/4.3.3/avr5\libgcc.a(_lt_sf.o)
 .debug_loc     0x00001f34       0x7e d:/embedded tools/02-avr tools/03-imt sdk/03- imt sdk/imt_sdk_win_64/winavr/bin/../lib/gcc/avr/4.3.3/avr5\libgcc.a(_sf_to_si.o)
 .debug_loc     0x00001fb2      0x13e d:/embedded tools/02-avr tools/03-imt sdk/03- imt sdk/imt_sdk_win_64/winavr/bin/../lib/gcc/avr/4.3.3/avr5\libgcc.a(_pack_sf.o)
 .debug_loc     0x000020f0       0xac d:/embedded tools/02-avr tools/03-imt sdk/03- imt sdk/imt_sdk_win_64/winavr/bin/../lib/gcc/avr/4.3.3/avr5\libgcc.a(_unpack_sf.o)
 .debug_loc     0x0000219c       0x50 d:/embedded tools/02-avr tools/03-imt sdk/03- imt sdk/imt_sdk_win_64/winavr/bin/../lib/gcc/avr/4.3.3/avr5\libgcc.a(_fpcmp_parts_sf.o)

.debug_macinfo
 *(.debug_macinfo)
OUTPUT(FreeRTOS_LCD_1.elf elf32-avr)
LOAD linker stubs

.debug_ranges   0x00000000       0x80
 .debug_ranges  0x00000000       0x18 d:/embedded tools/02-avr tools/03-imt sdk/03- imt sdk/imt_sdk_win_64/winavr/bin/../lib/gcc/avr/4.3.3/avr5\libgcc.a(_udivdi3.o)
 .debug_ranges  0x00000018       0x18 d:/embedded tools/02-avr tools/03-imt sdk/03- imt sdk/imt_sdk_win_64/winavr/bin/../lib/gcc/avr/4.3.3/avr5\libgcc.a(_umoddi3.o)
 .debug_ranges  0x00000030       0x50 d:/embedded tools/02-avr tools/03-imt sdk/03- imt sdk/imt_sdk_win_64/winavr/bin/../lib/gcc/avr/4.3.3/avr5\libgcc.a(_mul_sf.o)
