Archive member included because of file (symbol)

d:/embedded tools/02-avr tools/03-imt sdk/03- imt sdk/imt_sdk_win_64/winavr/bin/../lib/gcc/avr/4.3.3/avr5\libgcc.a(_exit.o)
                              d:/embedded tools/02-avr tools/03-imt sdk/03- imt sdk/imt_sdk_win_64/winavr/bin/../lib/gcc/avr/4.3.3/../../../../avr/lib/avr5/crtm32.o (exit)
d:/embedded tools/02-avr tools/03-imt sdk/03- imt sdk/imt_sdk_win_64/winavr/bin/../lib/gcc/avr/4.3.3/avr5\libgcc.a(_copy_data.o)
                              ./HAL/KPD/KPD_program.o (__do_copy_data)
d:/embedded tools/02-avr tools/03-imt sdk/03- imt sdk/imt_sdk_win_64/winavr/bin/../lib/gcc/avr/4.3.3/avr5\libgcc.a(_clear_bss.o)
                              ./APP/APP_program.o (__do_clear_bss)
d:/embedded tools/02-avr tools/03-imt sdk/03- imt sdk/imt_sdk_win_64/winavr/bin/../lib/gcc/avr/4.3.3/avr5\libgcc.a(_ashldi3.o)
                              ./HAL/CLCD/CLCD_program.o (__ashldi3)
d:/embedded tools/02-avr tools/03-imt sdk/03- imt sdk/imt_sdk_win_64/winavr/bin/../lib/gcc/avr/4.3.3/avr5\libgcc.a(_fixunssfdi.o)
                              ./HAL/CLCD/CLCD_program.o (__fixunssfdi)
d:/embedded tools/02-avr tools/03-imt sdk/03- imt sdk/imt_sdk_win_64/winavr/bin/../lib/gcc/avr/4.3.3/avr5\libgcc.a(_udivdi3.o)
                              ./HAL/CLCD/CLCD_program.o (__udivdi3)
d:/embedded tools/02-avr tools/03-imt sdk/03- imt sdk/imt_sdk_win_64/winavr/bin/../lib/gcc/avr/4.3.3/avr5\libgcc.a(_umoddi3.o)
                              ./HAL/CLCD/CLCD_program.o (__umoddi3)
d:/embedded tools/02-avr tools/03-imt sdk/03- imt sdk/imt_sdk_win_64/winavr/bin/../lib/gcc/avr/4.3.3/avr5\libgcc.a(_addsub_sf.o)
                              ./HAL/CLCD/CLCD_program.o (__subsf3)
d:/embedded tools/02-avr tools/03-imt sdk/03- imt sdk/imt_sdk_win_64/winavr/bin/../lib/gcc/avr/4.3.3/avr5\libgcc.a(_mul_sf.o)
                              ./HAL/CLCD/CLCD_program.o (__mulsf3)
d:/embedded tools/02-avr tools/03-imt sdk/03- imt sdk/imt_sdk_win_64/winavr/bin/../lib/gcc/avr/4.3.3/avr5\libgcc.a(_div_sf.o)
                              ./APP/APP_program.o (__divsf3)
d:/embedded tools/02-avr tools/03-imt sdk/03- imt sdk/imt_sdk_win_64/winavr/bin/../lib/gcc/avr/4.3.3/avr5\libgcc.a(_eq_sf.o)
                              ./APP/APP_program.o (__eqsf2)
d:/embedded tools/02-avr tools/03-imt sdk/03- imt sdk/imt_sdk_win_64/winavr/bin/../lib/gcc/avr/4.3.3/avr5\libgcc.a(_ge_sf.o)
                              d:/embedded tools/02-avr tools/03-imt sdk/03- imt sdk/imt_sdk_win_64/winavr/bin/../lib/gcc/avr/4.3.3/avr5\libgcc.a(_fixunssfdi.o) (__gesf2)
d:/embedded tools/02-avr tools/03-imt sdk/03- imt sdk/imt_sdk_win_64/winavr/bin/../lib/gcc/avr/4.3.3/avr5\libgcc.a(_lt_sf.o)
                              ./HAL/CLCD/CLCD_program.o (__ltsf2)
d:/embedded tools/02-avr tools/03-imt sdk/03- imt sdk/imt_sdk_win_64/winavr/bin/../lib/gcc/avr/4.3.3/avr5\libgcc.a(_si_to_sf.o)
                              ./HAL/CLCD/CLCD_program.o (__floatsisf)
d:/embedded tools/02-avr tools/03-imt sdk/03- imt sdk/imt_sdk_win_64/winavr/bin/../lib/gcc/avr/4.3.3/avr5\libgcc.a(_sf_to_si.o)
                              ./HAL/CLCD/CLCD_program.o (__fixsfsi)
d:/embedded tools/02-avr tools/03-imt sdk/03- imt sdk/imt_sdk_win_64/winavr/bin/../lib/gcc/avr/4.3.3/avr5\libgcc.a(_thenan_sf.o)
                              d:/embedded tools/02-avr tools/03-imt sdk/03- imt sdk/imt_sdk_win_64/winavr/bin/../lib/gcc/avr/4.3.3/avr5\libgcc.a(_addsub_sf.o) (__thenan_sf)
d:/embedded tools/02-avr tools/03-imt sdk/03- imt sdk/imt_sdk_win_64/winavr/bin/../lib/gcc/avr/4.3.3/avr5\libgcc.a(_usi_to_sf.o)
                              d:/embedded tools/02-avr tools/03-imt sdk/03- imt sdk/imt_sdk_win_64/winavr/bin/../lib/gcc/avr/4.3.3/avr5\libgcc.a(_fixunssfdi.o) (__floatunsisf)
d:/embedded tools/02-avr tools/03-imt sdk/03- imt sdk/imt_sdk_win_64/winavr/bin/../lib/gcc/avr/4.3.3/avr5\libgcc.a(_mulsi3.o)
                              d:/embedded tools/02-avr tools/03-imt sdk/03- imt sdk/imt_sdk_win_64/winavr/bin/../lib/gcc/avr/4.3.3/avr5\libgcc.a(_udivdi3.o) (__mulsi3)
d:/embedded tools/02-avr tools/03-imt sdk/03- imt sdk/imt_sdk_win_64/winavr/bin/../lib/gcc/avr/4.3.3/avr5\libgcc.a(_udivmodsi4.o)
                              d:/embedded tools/02-avr tools/03-imt sdk/03- imt sdk/imt_sdk_win_64/winavr/bin/../lib/gcc/avr/4.3.3/avr5\libgcc.a(_udivdi3.o) (__udivmodsi4)
d:/embedded tools/02-avr tools/03-imt sdk/03- imt sdk/imt_sdk_win_64/winavr/bin/../lib/gcc/avr/4.3.3/avr5\libgcc.a(_prologue.o)
                              d:/embedded tools/02-avr tools/03-imt sdk/03- imt sdk/imt_sdk_win_64/winavr/bin/../lib/gcc/avr/4.3.3/avr5\libgcc.a(_fixunssfdi.o) (__prologue_saves__)
d:/embedded tools/02-avr tools/03-imt sdk/03- imt sdk/imt_sdk_win_64/winavr/bin/../lib/gcc/avr/4.3.3/avr5\libgcc.a(_epilogue.o)
                              d:/embedded tools/02-avr tools/03-imt sdk/03- imt sdk/imt_sdk_win_64/winavr/bin/../lib/gcc/avr/4.3.3/avr5\libgcc.a(_fixunssfdi.o) (__epilogue_restores__)
d:/embedded tools/02-avr tools/03-imt sdk/03- imt sdk/imt_sdk_win_64/winavr/bin/../lib/gcc/avr/4.3.3/avr5\libgcc.a(_clz.o)
                              d:/embedded tools/02-avr tools/03-imt sdk/03- imt sdk/imt_sdk_win_64/winavr/bin/../lib/gcc/avr/4.3.3/avr5\libgcc.a(_udivdi3.o) (__clz_tab)
d:/embedded tools/02-avr tools/03-imt sdk/03- imt sdk/imt_sdk_win_64/winavr/bin/../lib/gcc/avr/4.3.3/avr5\libgcc.a(_clzsi2.o)
                              d:/embedded tools/02-avr tools/03-imt sdk/03- imt sdk/imt_sdk_win_64/winavr/bin/../lib/gcc/avr/4.3.3/avr5\libgcc.a(_si_to_sf.o) (__clzsi2)
d:/embedded tools/02-avr tools/03-imt sdk/03- imt sdk/imt_sdk_win_64/winavr/bin/../lib/gcc/avr/4.3.3/avr5\libgcc.a(_fixunssfsi.o)
                              d:/embedded tools/02-avr tools/03-imt sdk/03- imt sdk/imt_sdk_win_64/winavr/bin/../lib/gcc/avr/4.3.3/avr5\libgcc.a(_fixunssfdi.o) (__fixunssfsi)
d:/embedded tools/02-avr tools/03-imt sdk/03- imt sdk/imt_sdk_win_64/winavr/bin/../lib/gcc/avr/4.3.3/avr5\libgcc.a(_pack_sf.o)
                              d:/embedded tools/02-avr tools/03-imt sdk/03- imt sdk/imt_sdk_win_64/winavr/bin/../lib/gcc/avr/4.3.3/avr5\libgcc.a(_addsub_sf.o) (__pack_f)
d:/embedded tools/02-avr tools/03-imt sdk/03- imt sdk/imt_sdk_win_64/winavr/bin/../lib/gcc/avr/4.3.3/avr5\libgcc.a(_unpack_sf.o)
                              d:/embedded tools/02-avr tools/03-imt sdk/03- imt sdk/imt_sdk_win_64/winavr/bin/../lib/gcc/avr/4.3.3/avr5\libgcc.a(_addsub_sf.o) (__unpack_f)
d:/embedded tools/02-avr tools/03-imt sdk/03- imt sdk/imt_sdk_win_64/winavr/bin/../lib/gcc/avr/4.3.3/avr5\libgcc.a(_fpcmp_parts_sf.o)
                              d:/embedded tools/02-avr tools/03-imt sdk/03- imt sdk/imt_sdk_win_64/winavr/bin/../lib/gcc/avr/4.3.3/avr5\libgcc.a(_eq_sf.o) (__fpcmp_parts_f)

Allocating common symbols
Common symbol       size              file

sign                0x1               ./APP/APP_program.o
arr                 0x40              ./APP/APP_program.o
x                   0x4               ./APP/APP_program.o
n                   0x1               ./APP/APP_program.o
Sstate              0x1               ./APP/APP_program.o
Sop                 0x1               ./APP/APP_program.o
Pstate              0x1               ./APP/APP_program.o
KPD_enter           0x1               ./APP/APP_program.o
k                   0x1               ./APP/APP_program.o
state               0x1               ./APP/APP_program.o
z                   0x1               ./APP/APP_program.o
enteranceArr        0x10              ./APP/APP_program.o
cleanSc             0x1               ./APP/APP_program.o
d                   0x1               ./APP/APP_program.o
keyPressed          0x1               ./APP/APP_program.o
MdArr               0x40              ./APP/APP_program.o
s                   0x1               ./APP/APP_program.o
Preset              0x1               ./APP/APP_program.o
sumArr              0x40              ./APP/APP_program.o
Pop                 0x1               ./APP/APP_program.o
opArr               0x40              ./APP/APP_program.o

Memory Configuration

Name             Origin             Length             Attributes
text             0x00000000         0x00020000         xr
data             0x00800060         0x0000ffa0         rw !x
eeprom           0x00810000         0x00010000         rw !x
fuse             0x00820000         0x00000400         rw !x
lock             0x00830000         0x00000400         rw !x
signature        0x00840000         0x00000400         rw !x
*default*        0x00000000         0xffffffff

Linker script and memory map

LOAD d:/embedded tools/02-avr tools/03-imt sdk/03- imt sdk/imt_sdk_win_64/winavr/bin/../lib/gcc/avr/4.3.3/../../../../avr/lib/avr5/crtm32.o
LOAD ./MCAL/DIO/DIO_program.o
LOAD ./HAL/KPD/KPD_program.o
LOAD ./HAL/CLCD/CLCD_program.o
LOAD ./APP/APP_program.o
LOAD ./main.o
LOAD d:/embedded tools/02-avr tools/03-imt sdk/03- imt sdk/imt_sdk_win_64/winavr/bin/../lib/gcc/avr/4.3.3/avr5\libgcc.a
LOAD d:/embedded tools/02-avr tools/03-imt sdk/03- imt sdk/imt_sdk_win_64/winavr/bin/../lib/gcc/avr/4.3.3/../../../../avr/lib/avr5\libc.a
LOAD d:/embedded tools/02-avr tools/03-imt sdk/03- imt sdk/imt_sdk_win_64/winavr/bin/../lib/gcc/avr/4.3.3/avr5\libgcc.a

.hash
 *(.hash)

.dynsym
 *(.dynsym)

.dynstr
 *(.dynstr)

.gnu.version
 *(.gnu.version)

.gnu.version_d
 *(.gnu.version_d)

.gnu.version_r
 *(.gnu.version_r)

.rel.init
 *(.rel.init)

.rela.init
 *(.rela.init)

.rel.text
 *(.rel.text)
 *(.rel.text.*)
 *(.rel.gnu.linkonce.t*)

.rela.text
 *(.rela.text)
 *(.rela.text.*)
 *(.rela.gnu.linkonce.t*)

.rel.fini
 *(.rel.fini)

.rela.fini
 *(.rela.fini)

.rel.rodata
 *(.rel.rodata)
 *(.rel.rodata.*)
 *(.rel.gnu.linkonce.r*)

.rela.rodata
 *(.rela.rodata)
 *(.rela.rodata.*)
 *(.rela.gnu.linkonce.r*)

.rel.data
 *(.rel.data)
 *(.rel.data.*)
 *(.rel.gnu.linkonce.d*)

.rela.data
 *(.rela.data)
 *(.rela.data.*)
 *(.rela.gnu.linkonce.d*)

.rel.ctors
 *(.rel.ctors)

.rela.ctors
 *(.rela.ctors)

.rel.dtors
 *(.rel.dtors)

.rela.dtors
 *(.rela.dtors)

.rel.got
 *(.rel.got)

.rela.got
 *(.rela.got)

.rel.bss
 *(.rel.bss)

.rela.bss
 *(.rela.bss)

.rel.plt
 *(.rel.plt)

.rela.plt
 *(.rela.plt)

.text           0x00000000     0x5d20
 *(.vectors)
 .vectors       0x00000000       0x54 d:/embedded tools/02-avr tools/03-imt sdk/03- imt sdk/imt_sdk_win_64/winavr/bin/../lib/gcc/avr/4.3.3/../../../../avr/lib/avr5/crtm32.o
                0x00000000                __vectors
                0x00000000                __vector_default
 *(.vectors)
 *(.progmem.gcc*)
 *(.progmem*)
                0x00000054                . = ALIGN (0x2)
                0x00000054                __trampolines_start = .
 *(.trampolines)
 .trampolines   0x00000054        0x0 linker stubs
 *(.trampolines*)
                0x00000054                __trampolines_end = .
 *(.jumptables)
 *(.jumptables*)
 *(.lowtext)
 *(.lowtext*)
                0x00000054                __ctors_start = .
 *(.ctors)
                0x00000054                __ctors_end = .
                0x00000054                __dtors_start = .
 *(.dtors)
                0x00000054                __dtors_end = .
 SORT(*)(.ctors)
 SORT(*)(.dtors)
 *(.init0)
 .init0         0x00000054        0x0 d:/embedded tools/02-avr tools/03-imt sdk/03- imt sdk/imt_sdk_win_64/winavr/bin/../lib/gcc/avr/4.3.3/../../../../avr/lib/avr5/crtm32.o
                0x00000054                __init
 *(.init0)
 *(.init1)
 *(.init1)
 *(.init2)
 .init2         0x00000054        0xc d:/embedded tools/02-avr tools/03-imt sdk/03- imt sdk/imt_sdk_win_64/winavr/bin/../lib/gcc/avr/4.3.3/../../../../avr/lib/avr5/crtm32.o
 *(.init2)
 *(.init3)
 *(.init3)
 *(.init4)
 .init4         0x00000060       0x16 d:/embedded tools/02-avr tools/03-imt sdk/03- imt sdk/imt_sdk_win_64/winavr/bin/../lib/gcc/avr/4.3.3/avr5\libgcc.a(_copy_data.o)
                0x00000060                __do_copy_data
 .init4         0x00000076       0x10 d:/embedded tools/02-avr tools/03-imt sdk/03- imt sdk/imt_sdk_win_64/winavr/bin/../lib/gcc/avr/4.3.3/avr5\libgcc.a(_clear_bss.o)
                0x00000076                __do_clear_bss
 *(.init4)
 *(.init5)
 *(.init5)
 *(.init6)
 *(.init6)
 *(.init7)
 *(.init7)
 *(.init8)
 *(.init8)
 *(.init9)
 .init9         0x00000086        0x8 d:/embedded tools/02-avr tools/03-imt sdk/03- imt sdk/imt_sdk_win_64/winavr/bin/../lib/gcc/avr/4.3.3/../../../../avr/lib/avr5/crtm32.o
 *(.init9)
 *(.text)
 .text          0x0000008e        0x4 d:/embedded tools/02-avr tools/03-imt sdk/03- imt sdk/imt_sdk_win_64/winavr/bin/../lib/gcc/avr/4.3.3/../../../../avr/lib/avr5/crtm32.o
                0x0000008e                __vector_1
                0x0000008e                __vector_12
                0x0000008e                __bad_interrupt
                0x0000008e                __vector_6
                0x0000008e                __vector_3
                0x0000008e                __vector_11
                0x0000008e                __vector_13
                0x0000008e                __vector_17
                0x0000008e                __vector_19
                0x0000008e                __vector_7
                0x0000008e                __vector_5
                0x0000008e                __vector_4
                0x0000008e                __vector_9
                0x0000008e                __vector_2
                0x0000008e                __vector_15
                0x0000008e                __vector_8
                0x0000008e                __vector_14
                0x0000008e                __vector_10
                0x0000008e                __vector_16
                0x0000008e                __vector_18
                0x0000008e                __vector_20
 .text          0x00000092        0x0 ./MCAL/DIO/DIO_program.o
 .text          0x00000092        0x0 ./HAL/KPD/KPD_program.o
 .text          0x00000092        0x0 ./HAL/CLCD/CLCD_program.o
 .text          0x00000092        0x0 ./APP/APP_program.o
 .text          0x00000092        0x0 ./main.o
 .text          0x00000092        0x0 d:/embedded tools/02-avr tools/03-imt sdk/03- imt sdk/imt_sdk_win_64/winavr/bin/../lib/gcc/avr/4.3.3/avr5\libgcc.a(_exit.o)
 .text          0x00000092        0x0 d:/embedded tools/02-avr tools/03-imt sdk/03- imt sdk/imt_sdk_win_64/winavr/bin/../lib/gcc/avr/4.3.3/avr5\libgcc.a(_copy_data.o)
 .text          0x00000092        0x0 d:/embedded tools/02-avr tools/03-imt sdk/03- imt sdk/imt_sdk_win_64/winavr/bin/../lib/gcc/avr/4.3.3/avr5\libgcc.a(_clear_bss.o)
 .text          0x00000092       0xfe d:/embedded tools/02-avr tools/03-imt sdk/03- imt sdk/imt_sdk_win_64/winavr/bin/../lib/gcc/avr/4.3.3/avr5\libgcc.a(_ashldi3.o)
                0x00000092                __ashldi3
 .text          0x00000190      0x150 d:/embedded tools/02-avr tools/03-imt sdk/03- imt sdk/imt_sdk_win_64/winavr/bin/../lib/gcc/avr/4.3.3/avr5\libgcc.a(_fixunssfdi.o)
                0x00000190                __fixunssfdi
 .text          0x000002e0      0xcea d:/embedded tools/02-avr tools/03-imt sdk/03- imt sdk/imt_sdk_win_64/winavr/bin/../lib/gcc/avr/4.3.3/avr5\libgcc.a(_udivdi3.o)
                0x000002e0                __udivdi3
 .text          0x00000fca      0xce0 d:/embedded tools/02-avr tools/03-imt sdk/03- imt sdk/imt_sdk_win_64/winavr/bin/../lib/gcc/avr/4.3.3/avr5\libgcc.a(_umoddi3.o)
                0x00000fca                __umoddi3
 .text          0x00001caa      0x354 d:/embedded tools/02-avr tools/03-imt sdk/03- imt sdk/imt_sdk_win_64/winavr/bin/../lib/gcc/avr/4.3.3/avr5\libgcc.a(_addsub_sf.o)
                0x00001f42                __subsf3
                0x00001fa4                __addsf3
 .text          0x00001ffe      0x1f4 d:/embedded tools/02-avr tools/03-imt sdk/03- imt sdk/imt_sdk_win_64/winavr/bin/../lib/gcc/avr/4.3.3/avr5\libgcc.a(_mul_sf.o)
                0x00001ffe                __mulsf3
 .text          0x000021f2      0x158 d:/embedded tools/02-avr tools/03-imt sdk/03- imt sdk/imt_sdk_win_64/winavr/bin/../lib/gcc/avr/4.3.3/avr5\libgcc.a(_div_sf.o)
                0x000021f2                __divsf3
 .text          0x0000234a       0x60 d:/embedded tools/02-avr tools/03-imt sdk/03- imt sdk/imt_sdk_win_64/winavr/bin/../lib/gcc/avr/4.3.3/avr5\libgcc.a(_eq_sf.o)
                0x0000234a                __eqsf2
 .text          0x000023aa       0x60 d:/embedded tools/02-avr tools/03-imt sdk/03- imt sdk/imt_sdk_win_64/winavr/bin/../lib/gcc/avr/4.3.3/avr5\libgcc.a(_ge_sf.o)
                0x000023aa                __gesf2
 .text          0x0000240a       0x60 d:/embedded tools/02-avr tools/03-imt sdk/03- imt sdk/imt_sdk_win_64/winavr/bin/../lib/gcc/avr/4.3.3/avr5\libgcc.a(_lt_sf.o)
                0x0000240a                __ltsf2
 .text          0x0000246a       0xbc d:/embedded tools/02-avr tools/03-imt sdk/03- imt sdk/imt_sdk_win_64/winavr/bin/../lib/gcc/avr/4.3.3/avr5\libgcc.a(_si_to_sf.o)
                0x0000246a                __floatsisf
 .text          0x00002526       0xa8 d:/embedded tools/02-avr tools/03-imt sdk/03- imt sdk/imt_sdk_win_64/winavr/bin/../lib/gcc/avr/4.3.3/avr5\libgcc.a(_sf_to_si.o)
                0x00002526                __fixsfsi
 .text          0x000025ce        0x0 d:/embedded tools/02-avr tools/03-imt sdk/03- imt sdk/imt_sdk_win_64/winavr/bin/../lib/gcc/avr/4.3.3/avr5\libgcc.a(_thenan_sf.o)
 .text          0x000025ce       0xf2 d:/embedded tools/02-avr tools/03-imt sdk/03- imt sdk/imt_sdk_win_64/winavr/bin/../lib/gcc/avr/4.3.3/avr5\libgcc.a(_usi_to_sf.o)
                0x000025ce                __floatunsisf
 .text          0x000026c0        0x0 d:/embedded tools/02-avr tools/03-imt sdk/03- imt sdk/imt_sdk_win_64/winavr/bin/../lib/gcc/avr/4.3.3/avr5\libgcc.a(_mulsi3.o)
 .text          0x000026c0        0x0 d:/embedded tools/02-avr tools/03-imt sdk/03- imt sdk/imt_sdk_win_64/winavr/bin/../lib/gcc/avr/4.3.3/avr5\libgcc.a(_udivmodsi4.o)
 .text          0x000026c0        0x0 d:/embedded tools/02-avr tools/03-imt sdk/03- imt sdk/imt_sdk_win_64/winavr/bin/../lib/gcc/avr/4.3.3/avr5\libgcc.a(_prologue.o)
 .text          0x000026c0        0x0 d:/embedded tools/02-avr tools/03-imt sdk/03- imt sdk/imt_sdk_win_64/winavr/bin/../lib/gcc/avr/4.3.3/avr5\libgcc.a(_epilogue.o)
 .text          0x000026c0        0x0 d:/embedded tools/02-avr tools/03-imt sdk/03- imt sdk/imt_sdk_win_64/winavr/bin/../lib/gcc/avr/4.3.3/avr5\libgcc.a(_clz.o)
 .text          0x000026c0       0x9e d:/embedded tools/02-avr tools/03-imt sdk/03- imt sdk/imt_sdk_win_64/winavr/bin/../lib/gcc/avr/4.3.3/avr5\libgcc.a(_clzsi2.o)
                0x000026c0                __clzsi2
 .text          0x0000275e       0x58 d:/embedded tools/02-avr tools/03-imt sdk/03- imt sdk/imt_sdk_win_64/winavr/bin/../lib/gcc/avr/4.3.3/avr5\libgcc.a(_fixunssfsi.o)
                0x0000275e                __fixunssfsi
 .text          0x000027b6      0x1aa d:/embedded tools/02-avr tools/03-imt sdk/03- imt sdk/imt_sdk_win_64/winavr/bin/../lib/gcc/avr/4.3.3/avr5\libgcc.a(_pack_sf.o)
                0x000027b6                __pack_f
 .text          0x00002960       0xf0 d:/embedded tools/02-avr tools/03-imt sdk/03- imt sdk/imt_sdk_win_64/winavr/bin/../lib/gcc/avr/4.3.3/avr5\libgcc.a(_unpack_sf.o)
                0x00002960                __unpack_f
 .text          0x00002a50       0xb2 d:/embedded tools/02-avr tools/03-imt sdk/03- imt sdk/imt_sdk_win_64/winavr/bin/../lib/gcc/avr/4.3.3/avr5\libgcc.a(_fpcmp_parts_sf.o)
                0x00002a50                __fpcmp_parts_f
                0x00002b02                . = ALIGN (0x2)
 *(.text.*)
 .text.DIO_enumSetPinDirection
                0x00002b02      0x108 ./MCAL/DIO/DIO_program.o
                0x00002b02                DIO_enumSetPinDirection
 .text.DIO_enumSetPinValue
                0x00002c0a      0x108 ./MCAL/DIO/DIO_program.o
                0x00002c0a                DIO_enumSetPinValue
 .text.DIO_enumGetPinValue
                0x00002d12       0x7a ./MCAL/DIO/DIO_program.o
                0x00002d12                DIO_enumGetPinValue
 .text.DIO_enumTogglePinValue
                0x00002d8c       0x7c ./MCAL/DIO/DIO_program.o
                0x00002d8c                DIO_enumTogglePinValue
 .text.DIO_enumConnectPullup
                0x00002e08      0x13c ./MCAL/DIO/DIO_program.o
                0x00002e08                DIO_enumConnectPullup
 .text.DIO_enumSetPortDirection
                0x00002f44       0x30 ./MCAL/DIO/DIO_program.o
                0x00002f44                DIO_enumSetPortDirection
 .text.DIO_enumSetPortValue
                0x00002f74       0x30 ./MCAL/DIO/DIO_program.o
                0x00002f74                DIO_enumSetPortValue
 .text.DIO_enumTogglePortValue
                0x00002fa4       0x44 ./MCAL/DIO/DIO_program.o
                0x00002fa4                DIO_enumTogglePortValue
 .text.DIO_enumGetPortValue
                0x00002fe8       0x3a ./MCAL/DIO/DIO_program.o
                0x00002fe8                DIO_enumGetPortValue
 .text.DIO_voidWriteHighNibbles
                0x00003022       0x60 ./MCAL/DIO/DIO_program.o
                0x00003022                DIO_voidWriteHighNibbles
 .text.DIO_voidWriteLowNibbles
                0x00003082       0x5e ./MCAL/DIO/DIO_program.o
                0x00003082                DIO_voidWriteLowNibbles
 .text.KPD_u8GetPressed
                0x000030e0      0x11c ./HAL/KPD/KPD_program.o
                0x000030e0                KPD_u8GetPressed
 .text.KPD_Init
                0x000031fc       0x7a ./HAL/KPD/KPD_program.o
                0x000031fc                KPD_Init
 .text.CLCD_voidSendCommand
                0x00003276       0x86 ./HAL/CLCD/CLCD_program.o
                0x00003276                CLCD_voidSendCommand
 .text.CLCD_voidSendData
                0x000032fc       0x86 ./HAL/CLCD/CLCD_program.o
                0x000032fc                CLCD_voidSendData
 .text.CLCD_voidSendString
                0x00003382       0xaa ./HAL/CLCD/CLCD_program.o
                0x00003382                CLCD_voidSendString
 .text.CLCD_voidClearScreen
                0x0000342c       0x80 ./HAL/CLCD/CLCD_program.o
                0x0000342c                CLCD_voidClearScreen
 .text.CLCD_voidSetPosition
                0x000034ac       0xba ./HAL/CLCD/CLCD_program.o
                0x000034ac                CLCD_voidSetPosition
 .text.CLCD_voidInit
                0x00003566      0x2a2 ./HAL/CLCD/CLCD_program.o
                0x00003566                CLCD_voidInit
 .text.CLCD_voidSendNumber
                0x00003808      0x430 ./HAL/CLCD/CLCD_program.o
                0x00003808                CLCD_voidSendNumber
 .text.CLCD_voidSendFloat
                0x00003c38      0x11c ./HAL/CLCD/CLCD_program.o
                0x00003c38                CLCD_voidSendFloat
 .text.CLCD_voidSendExtraChar
                0x00003d54      0x522 ./HAL/CLCD/CLCD_program.o
                0x00003d54                CLCD_voidSendExtraChar
 .text.NUM      0x00004276       0x7c ./APP/APP_program.o
                0x00004276                NUM
 .text.reset    0x000042f2       0x82 ./APP/APP_program.o
                0x000042f2                reset
 .text.APP_voidInit
                0x00004374       0x38 ./APP/APP_program.o
                0x00004374                APP_voidInit
 .text.P_fun    0x000043ac      0x156 ./APP/APP_program.o
                0x000043ac                P_fun
 .text.operat   0x00004502      0x770 ./APP/APP_program.o
                0x00004502                operat
 .text.S_fun    0x00004c72      0x2a0 ./APP/APP_program.o
                0x00004c72                S_fun
 .text.APP_voidCalculatorMode
                0x00004f12      0x9e6 ./APP/APP_program.o
                0x00004f12                APP_voidCalculatorMode
 .text.Equal_fun
                0x000058f8      0x32a ./APP/APP_program.o
                0x000058f8                Equal_fun
 .text.main     0x00005c22        0xa ./main.o
                0x00005c22                main
 .text.libgcc   0x00005c2c        0x0 d:/embedded tools/02-avr tools/03-imt sdk/03- imt sdk/imt_sdk_win_64/winavr/bin/../lib/gcc/avr/4.3.3/avr5\libgcc.a(_exit.o)
 .text.libgcc   0x00005c2c        0x0 d:/embedded tools/02-avr tools/03-imt sdk/03- imt sdk/imt_sdk_win_64/winavr/bin/../lib/gcc/avr/4.3.3/avr5\libgcc.a(_copy_data.o)
 .text.libgcc   0x00005c2c        0x0 d:/embedded tools/02-avr tools/03-imt sdk/03- imt sdk/imt_sdk_win_64/winavr/bin/../lib/gcc/avr/4.3.3/avr5\libgcc.a(_clear_bss.o)
 .text.libgcc   0x00005c2c       0x3e d:/embedded tools/02-avr tools/03-imt sdk/03- imt sdk/imt_sdk_win_64/winavr/bin/../lib/gcc/avr/4.3.3/avr5\libgcc.a(_mulsi3.o)
                0x00005c2c                __mulsi3
 .text.libgcc   0x00005c6a       0x44 d:/embedded tools/02-avr tools/03-imt sdk/03- imt sdk/imt_sdk_win_64/winavr/bin/../lib/gcc/avr/4.3.3/avr5\libgcc.a(_udivmodsi4.o)
                0x00005c6a                __udivmodsi4
 .text.libgcc   0x00005cae       0x38 d:/embedded tools/02-avr tools/03-imt sdk/03- imt sdk/imt_sdk_win_64/winavr/bin/../lib/gcc/avr/4.3.3/avr5\libgcc.a(_prologue.o)
                0x00005cae                __prologue_saves__
 .text.libgcc   0x00005ce6       0x36 d:/embedded tools/02-avr tools/03-imt sdk/03- imt sdk/imt_sdk_win_64/winavr/bin/../lib/gcc/avr/4.3.3/avr5\libgcc.a(_epilogue.o)
                0x00005ce6                __epilogue_restores__
                0x00005d1c                . = ALIGN (0x2)
 *(.fini9)
 .fini9         0x00005d1c        0x0 d:/embedded tools/02-avr tools/03-imt sdk/03- imt sdk/imt_sdk_win_64/winavr/bin/../lib/gcc/avr/4.3.3/avr5\libgcc.a(_exit.o)
                0x00005d1c                exit
                0x00005d1c                _exit
 *(.fini9)
 *(.fini8)
 *(.fini8)
 *(.fini7)
 *(.fini7)
 *(.fini6)
 *(.fini6)
 *(.fini5)
 *(.fini5)
 *(.fini4)
 *(.fini4)
 *(.fini3)
 *(.fini3)
 *(.fini2)
 *(.fini2)
 *(.fini1)
 *(.fini1)
 *(.fini0)
 .fini0         0x00005d1c        0x4 d:/embedded tools/02-avr tools/03-imt sdk/03- imt sdk/imt_sdk_win_64/winavr/bin/../lib/gcc/avr/4.3.3/avr5\libgcc.a(_exit.o)
 *(.fini0)
                0x00005d20                _etext = .

.data           0x00800060      0x17c load address 0x00005d20
                0x00800060                PROVIDE (__data_start, .)
 *(.data)
 .data          0x00800060        0x0 d:/embedded tools/02-avr tools/03-imt sdk/03- imt sdk/imt_sdk_win_64/winavr/bin/../lib/gcc/avr/4.3.3/../../../../avr/lib/avr5/crtm32.o
 .data          0x00800060        0x0 ./MCAL/DIO/DIO_program.o
 .data          0x00800060        0x0 ./HAL/KPD/KPD_program.o
 .data          0x00800060        0x2 ./HAL/CLCD/CLCD_program.o
 .data          0x00800062       0x22 ./APP/APP_program.o
 .data          0x00800084        0x0 ./main.o
 .data          0x00800084        0x0 d:/embedded tools/02-avr tools/03-imt sdk/03- imt sdk/imt_sdk_win_64/winavr/bin/../lib/gcc/avr/4.3.3/avr5\libgcc.a(_exit.o)
 .data          0x00800084        0x0 d:/embedded tools/02-avr tools/03-imt sdk/03- imt sdk/imt_sdk_win_64/winavr/bin/../lib/gcc/avr/4.3.3/avr5\libgcc.a(_copy_data.o)
 .data          0x00800084        0x0 d:/embedded tools/02-avr tools/03-imt sdk/03- imt sdk/imt_sdk_win_64/winavr/bin/../lib/gcc/avr/4.3.3/avr5\libgcc.a(_clear_bss.o)
 .data          0x00800084        0x0 d:/embedded tools/02-avr tools/03-imt sdk/03- imt sdk/imt_sdk_win_64/winavr/bin/../lib/gcc/avr/4.3.3/avr5\libgcc.a(_ashldi3.o)
 .data          0x00800084        0x0 d:/embedded tools/02-avr tools/03-imt sdk/03- imt sdk/imt_sdk_win_64/winavr/bin/../lib/gcc/avr/4.3.3/avr5\libgcc.a(_fixunssfdi.o)
 .data          0x00800084        0x0 d:/embedded tools/02-avr tools/03-imt sdk/03- imt sdk/imt_sdk_win_64/winavr/bin/../lib/gcc/avr/4.3.3/avr5\libgcc.a(_udivdi3.o)
 .data          0x00800084        0x0 d:/embedded tools/02-avr tools/03-imt sdk/03- imt sdk/imt_sdk_win_64/winavr/bin/../lib/gcc/avr/4.3.3/avr5\libgcc.a(_umoddi3.o)
 .data          0x00800084        0x0 d:/embedded tools/02-avr tools/03-imt sdk/03- imt sdk/imt_sdk_win_64/winavr/bin/../lib/gcc/avr/4.3.3/avr5\libgcc.a(_addsub_sf.o)
 .data          0x00800084        0x0 d:/embedded tools/02-avr tools/03-imt sdk/03- imt sdk/imt_sdk_win_64/winavr/bin/../lib/gcc/avr/4.3.3/avr5\libgcc.a(_mul_sf.o)
 .data          0x00800084        0x0 d:/embedded tools/02-avr tools/03-imt sdk/03- imt sdk/imt_sdk_win_64/winavr/bin/../lib/gcc/avr/4.3.3/avr5\libgcc.a(_div_sf.o)
 .data          0x00800084        0x0 d:/embedded tools/02-avr tools/03-imt sdk/03- imt sdk/imt_sdk_win_64/winavr/bin/../lib/gcc/avr/4.3.3/avr5\libgcc.a(_eq_sf.o)
 .data          0x00800084        0x0 d:/embedded tools/02-avr tools/03-imt sdk/03- imt sdk/imt_sdk_win_64/winavr/bin/../lib/gcc/avr/4.3.3/avr5\libgcc.a(_ge_sf.o)
 .data          0x00800084        0x0 d:/embedded tools/02-avr tools/03-imt sdk/03- imt sdk/imt_sdk_win_64/winavr/bin/../lib/gcc/avr/4.3.3/avr5\libgcc.a(_lt_sf.o)
 .data          0x00800084        0x0 d:/embedded tools/02-avr tools/03-imt sdk/03- imt sdk/imt_sdk_win_64/winavr/bin/../lib/gcc/avr/4.3.3/avr5\libgcc.a(_si_to_sf.o)
 .data          0x00800084        0x0 d:/embedded tools/02-avr tools/03-imt sdk/03- imt sdk/imt_sdk_win_64/winavr/bin/../lib/gcc/avr/4.3.3/avr5\libgcc.a(_sf_to_si.o)
 .data          0x00800084        0x8 d:/embedded tools/02-avr tools/03-imt sdk/03- imt sdk/imt_sdk_win_64/winavr/bin/../lib/gcc/avr/4.3.3/avr5\libgcc.a(_thenan_sf.o)
                0x00800084                __thenan_sf
 .data          0x0080008c        0x0 d:/embedded tools/02-avr tools/03-imt sdk/03- imt sdk/imt_sdk_win_64/winavr/bin/../lib/gcc/avr/4.3.3/avr5\libgcc.a(_usi_to_sf.o)
 .data          0x0080008c        0x0 d:/embedded tools/02-avr tools/03-imt sdk/03- imt sdk/imt_sdk_win_64/winavr/bin/../lib/gcc/avr/4.3.3/avr5\libgcc.a(_mulsi3.o)
 .data          0x0080008c        0x0 d:/embedded tools/02-avr tools/03-imt sdk/03- imt sdk/imt_sdk_win_64/winavr/bin/../lib/gcc/avr/4.3.3/avr5\libgcc.a(_udivmodsi4.o)
 .data          0x0080008c        0x0 d:/embedded tools/02-avr tools/03-imt sdk/03- imt sdk/imt_sdk_win_64/winavr/bin/../lib/gcc/avr/4.3.3/avr5\libgcc.a(_prologue.o)
 .data          0x0080008c        0x0 d:/embedded tools/02-avr tools/03-imt sdk/03- imt sdk/imt_sdk_win_64/winavr/bin/../lib/gcc/avr/4.3.3/avr5\libgcc.a(_epilogue.o)
 .data          0x0080008c      0x100 d:/embedded tools/02-avr tools/03-imt sdk/03- imt sdk/imt_sdk_win_64/winavr/bin/../lib/gcc/avr/4.3.3/avr5\libgcc.a(_clz.o)
                0x0080008c                __clz_tab
 .data          0x0080018c        0x0 d:/embedded tools/02-avr tools/03-imt sdk/03- imt sdk/imt_sdk_win_64/winavr/bin/../lib/gcc/avr/4.3.3/avr5\libgcc.a(_clzsi2.o)
 .data          0x0080018c        0x0 d:/embedded tools/02-avr tools/03-imt sdk/03- imt sdk/imt_sdk_win_64/winavr/bin/../lib/gcc/avr/4.3.3/avr5\libgcc.a(_fixunssfsi.o)
 .data          0x0080018c        0x0 d:/embedded tools/02-avr tools/03-imt sdk/03- imt sdk/imt_sdk_win_64/winavr/bin/../lib/gcc/avr/4.3.3/avr5\libgcc.a(_pack_sf.o)
 .data          0x0080018c        0x0 d:/embedded tools/02-avr tools/03-imt sdk/03- imt sdk/imt_sdk_win_64/winavr/bin/../lib/gcc/avr/4.3.3/avr5\libgcc.a(_unpack_sf.o)
 .data          0x0080018c        0x0 d:/embedded tools/02-avr tools/03-imt sdk/03- imt sdk/imt_sdk_win_64/winavr/bin/../lib/gcc/avr/4.3.3/avr5\libgcc.a(_fpcmp_parts_sf.o)
 *(.data*)
 .data.KPD_u8Buttons
                0x0080018c       0x10 ./HAL/KPD/KPD_program.o
                0x0080018c                KPD_u8Buttons
 .data.CLCD_u8ExtraChar
                0x0080019c       0x40 ./HAL/CLCD/CLCD_program.o
                0x0080019c                CLCD_u8ExtraChar
 *(.rodata)
 *(.rodata*)
 *(.gnu.linkonce.d*)
                0x008001dc                . = ALIGN (0x2)
                0x008001dc                _edata = .
                0x008001dc                PROVIDE (__data_end, .)

.bss            0x008001dc      0x124
                0x008001dc                PROVIDE (__bss_start, .)
 *(.bss)
 .bss           0x008001dc        0x0 d:/embedded tools/02-avr tools/03-imt sdk/03- imt sdk/imt_sdk_win_64/winavr/bin/../lib/gcc/avr/4.3.3/../../../../avr/lib/avr5/crtm32.o
 .bss           0x008001dc        0x0 ./MCAL/DIO/DIO_program.o
 .bss           0x008001dc        0x0 ./HAL/KPD/KPD_program.o
 .bss           0x008001dc        0x0 ./HAL/CLCD/CLCD_program.o
 .bss           0x008001dc        0x0 ./APP/APP_program.o
 .bss           0x008001dc        0x0 ./main.o
 .bss           0x008001dc        0x0 d:/embedded tools/02-avr tools/03-imt sdk/03- imt sdk/imt_sdk_win_64/winavr/bin/../lib/gcc/avr/4.3.3/avr5\libgcc.a(_exit.o)
 .bss           0x008001dc        0x0 d:/embedded tools/02-avr tools/03-imt sdk/03- imt sdk/imt_sdk_win_64/winavr/bin/../lib/gcc/avr/4.3.3/avr5\libgcc.a(_copy_data.o)
 .bss           0x008001dc        0x0 d:/embedded tools/02-avr tools/03-imt sdk/03- imt sdk/imt_sdk_win_64/winavr/bin/../lib/gcc/avr/4.3.3/avr5\libgcc.a(_clear_bss.o)
 .bss           0x008001dc        0x0 d:/embedded tools/02-avr tools/03-imt sdk/03- imt sdk/imt_sdk_win_64/winavr/bin/../lib/gcc/avr/4.3.3/avr5\libgcc.a(_ashldi3.o)
 .bss           0x008001dc        0x0 d:/embedded tools/02-avr tools/03-imt sdk/03- imt sdk/imt_sdk_win_64/winavr/bin/../lib/gcc/avr/4.3.3/avr5\libgcc.a(_fixunssfdi.o)
 .bss           0x008001dc        0x0 d:/embedded tools/02-avr tools/03-imt sdk/03- imt sdk/imt_sdk_win_64/winavr/bin/../lib/gcc/avr/4.3.3/avr5\libgcc.a(_udivdi3.o)
 .bss           0x008001dc        0x0 d:/embedded tools/02-avr tools/03-imt sdk/03- imt sdk/imt_sdk_win_64/winavr/bin/../lib/gcc/avr/4.3.3/avr5\libgcc.a(_umoddi3.o)
 .bss           0x008001dc        0x0 d:/embedded tools/02-avr tools/03-imt sdk/03- imt sdk/imt_sdk_win_64/winavr/bin/../lib/gcc/avr/4.3.3/avr5\libgcc.a(_addsub_sf.o)
 .bss           0x008001dc        0x0 d:/embedded tools/02-avr tools/03-imt sdk/03- imt sdk/imt_sdk_win_64/winavr/bin/../lib/gcc/avr/4.3.3/avr5\libgcc.a(_mul_sf.o)
 .bss           0x008001dc        0x0 d:/embedded tools/02-avr tools/03-imt sdk/03- imt sdk/imt_sdk_win_64/winavr/bin/../lib/gcc/avr/4.3.3/avr5\libgcc.a(_div_sf.o)
 .bss           0x008001dc        0x0 d:/embedded tools/02-avr tools/03-imt sdk/03- imt sdk/imt_sdk_win_64/winavr/bin/../lib/gcc/avr/4.3.3/avr5\libgcc.a(_eq_sf.o)
 .bss           0x008001dc        0x0 d:/embedded tools/02-avr tools/03-imt sdk/03- imt sdk/imt_sdk_win_64/winavr/bin/../lib/gcc/avr/4.3.3/avr5\libgcc.a(_ge_sf.o)
 .bss           0x008001dc        0x0 d:/embedded tools/02-avr tools/03-imt sdk/03- imt sdk/imt_sdk_win_64/winavr/bin/../lib/gcc/avr/4.3.3/avr5\libgcc.a(_lt_sf.o)
 .bss           0x008001dc        0x0 d:/embedded tools/02-avr tools/03-imt sdk/03- imt sdk/imt_sdk_win_64/winavr/bin/../lib/gcc/avr/4.3.3/avr5\libgcc.a(_si_to_sf.o)
 .bss           0x008001dc        0x0 d:/embedded tools/02-avr tools/03-imt sdk/03- imt sdk/imt_sdk_win_64/winavr/bin/../lib/gcc/avr/4.3.3/avr5\libgcc.a(_sf_to_si.o)
 .bss           0x008001dc        0x0 d:/embedded tools/02-avr tools/03-imt sdk/03- imt sdk/imt_sdk_win_64/winavr/bin/../lib/gcc/avr/4.3.3/avr5\libgcc.a(_thenan_sf.o)
 .bss           0x008001dc        0x0 d:/embedded tools/02-avr tools/03-imt sdk/03- imt sdk/imt_sdk_win_64/winavr/bin/../lib/gcc/avr/4.3.3/avr5\libgcc.a(_usi_to_sf.o)
 .bss           0x008001dc        0x0 d:/embedded tools/02-avr tools/03-imt sdk/03- imt sdk/imt_sdk_win_64/winavr/bin/../lib/gcc/avr/4.3.3/avr5\libgcc.a(_mulsi3.o)
 .bss           0x008001dc        0x0 d:/embedded tools/02-avr tools/03-imt sdk/03- imt sdk/imt_sdk_win_64/winavr/bin/../lib/gcc/avr/4.3.3/avr5\libgcc.a(_udivmodsi4.o)
 .bss           0x008001dc        0x0 d:/embedded tools/02-avr tools/03-imt sdk/03- imt sdk/imt_sdk_win_64/winavr/bin/../lib/gcc/avr/4.3.3/avr5\libgcc.a(_prologue.o)
 .bss           0x008001dc        0x0 d:/embedded tools/02-avr tools/03-imt sdk/03- imt sdk/imt_sdk_win_64/winavr/bin/../lib/gcc/avr/4.3.3/avr5\libgcc.a(_epilogue.o)
 .bss           0x008001dc        0x0 d:/embedded tools/02-avr tools/03-imt sdk/03- imt sdk/imt_sdk_win_64/winavr/bin/../lib/gcc/avr/4.3.3/avr5\libgcc.a(_clz.o)
 .bss           0x008001dc        0x0 d:/embedded tools/02-avr tools/03-imt sdk/03- imt sdk/imt_sdk_win_64/winavr/bin/../lib/gcc/avr/4.3.3/avr5\libgcc.a(_clzsi2.o)
 .bss           0x008001dc        0x0 d:/embedded tools/02-avr tools/03-imt sdk/03- imt sdk/imt_sdk_win_64/winavr/bin/../lib/gcc/avr/4.3.3/avr5\libgcc.a(_fixunssfsi.o)
 .bss           0x008001dc        0x0 d:/embedded tools/02-avr tools/03-imt sdk/03- imt sdk/imt_sdk_win_64/winavr/bin/../lib/gcc/avr/4.3.3/avr5\libgcc.a(_pack_sf.o)
 .bss           0x008001dc        0x0 d:/embedded tools/02-avr tools/03-imt sdk/03- imt sdk/imt_sdk_win_64/winavr/bin/../lib/gcc/avr/4.3.3/avr5\libgcc.a(_unpack_sf.o)
 .bss           0x008001dc        0x0 d:/embedded tools/02-avr tools/03-imt sdk/03- imt sdk/imt_sdk_win_64/winavr/bin/../lib/gcc/avr/4.3.3/avr5\libgcc.a(_fpcmp_parts_sf.o)
 *(.bss*)
 .bss.i         0x008001dc        0x1 ./APP/APP_program.o
                0x008001dc                i
 *(COMMON)
 COMMON         0x008001dd      0x123 ./APP/APP_program.o
                0x008001dd                sign
                0x008001de                arr
                0x0080021e                x
                0x00800222                n
                0x00800223                Sstate
                0x00800224                Sop
                0x00800225                Pstate
                0x00800226                KPD_enter
                0x00800227                k
                0x00800228                state
                0x00800229                z
                0x0080022a                enteranceArr
                0x0080023a                cleanSc
                0x0080023b                d
                0x0080023c                keyPressed
                0x0080023d                MdArr
                0x0080027d                s
                0x0080027e                Preset
                0x0080027f                sumArr
                0x008002bf                Pop
                0x008002c0                opArr
                0x00800300                PROVIDE (__bss_end, .)
                0x00005d20                __data_load_start = LOADADDR (.data)
                0x00005e9c                __data_load_end = (__data_load_start + SIZEOF (.data))

.noinit         0x00800300        0x0
                0x00800300                PROVIDE (__noinit_start, .)
 *(.noinit*)
                0x00800300                PROVIDE (__noinit_end, .)
                0x00800300                _end = .
                0x00800300                PROVIDE (__heap_start, .)

.eeprom         0x00810000        0x0
 *(.eeprom*)
                0x00810000                __eeprom_end = .

.fuse
 *(.fuse)
 *(.lfuse)
 *(.hfuse)
 *(.efuse)

.lock
 *(.lock*)

.signature
 *(.signature*)

.stab           0x00000000     0x5514
 *(.stab)
 .stab          0x00000000      0xbe8 ./MCAL/DIO/DIO_program.o
 .stab          0x00000be8      0x5dc ./HAL/KPD/KPD_program.o
                                0x5e8 (size before relaxing)
 .stab          0x000011c4     0x2d78 ./HAL/CLCD/CLCD_program.o
                               0x2f10 (size before relaxing)
 .stab          0x00003f3c     0x14d0 ./APP/APP_program.o
                               0x1668 (size before relaxing)
 .stab          0x0000540c      0x108 ./main.o
                                0x114 (size before relaxing)

.stabstr        0x00000000     0x114a
 *(.stabstr)
 .stabstr       0x00000000     0x114a ./MCAL/DIO/DIO_program.o

.stab.excl
 *(.stab.excl)

.stab.exclstr
 *(.stab.exclstr)

.stab.index
 *(.stab.index)

.stab.indexstr
 *(.stab.indexstr)

.comment
 *(.comment)

.debug
 *(.debug)

.line
 *(.line)

.debug_srcinfo
 *(.debug_srcinfo)

.debug_sfnames
 *(.debug_sfnames)

.debug_aranges  0x00000000      0x240
 *(.debug_aranges)
 .debug_aranges
                0x00000000       0x20 d:/embedded tools/02-avr tools/03-imt sdk/03- imt sdk/imt_sdk_win_64/winavr/bin/../lib/gcc/avr/4.3.3/avr5\libgcc.a(_ashldi3.o)
 .debug_aranges
                0x00000020       0x20 d:/embedded tools/02-avr tools/03-imt sdk/03- imt sdk/imt_sdk_win_64/winavr/bin/../lib/gcc/avr/4.3.3/avr5\libgcc.a(_fixunssfdi.o)
 .debug_aranges
                0x00000040       0x20 d:/embedded tools/02-avr tools/03-imt sdk/03- imt sdk/imt_sdk_win_64/winavr/bin/../lib/gcc/avr/4.3.3/avr5\libgcc.a(_udivdi3.o)
 .debug_aranges
                0x00000060       0x20 d:/embedded tools/02-avr tools/03-imt sdk/03- imt sdk/imt_sdk_win_64/winavr/bin/../lib/gcc/avr/4.3.3/avr5\libgcc.a(_umoddi3.o)
 .debug_aranges
                0x00000080       0x20 d:/embedded tools/02-avr tools/03-imt sdk/03- imt sdk/imt_sdk_win_64/winavr/bin/../lib/gcc/avr/4.3.3/avr5\libgcc.a(_addsub_sf.o)
 .debug_aranges
                0x000000a0       0x20 d:/embedded tools/02-avr tools/03-imt sdk/03- imt sdk/imt_sdk_win_64/winavr/bin/../lib/gcc/avr/4.3.3/avr5\libgcc.a(_mul_sf.o)
 .debug_aranges
                0x000000c0       0x20 d:/embedded tools/02-avr tools/03-imt sdk/03- imt sdk/imt_sdk_win_64/winavr/bin/../lib/gcc/avr/4.3.3/avr5\libgcc.a(_div_sf.o)
 .debug_aranges
                0x000000e0       0x20 d:/embedded tools/02-avr tools/03-imt sdk/03- imt sdk/imt_sdk_win_64/winavr/bin/../lib/gcc/avr/4.3.3/avr5\libgcc.a(_eq_sf.o)
 .debug_aranges
                0x00000100       0x20 d:/embedded tools/02-avr tools/03-imt sdk/03- imt sdk/imt_sdk_win_64/winavr/bin/../lib/gcc/avr/4.3.3/avr5\libgcc.a(_ge_sf.o)
 .debug_aranges
                0x00000120       0x20 d:/embedded tools/02-avr tools/03-imt sdk/03- imt sdk/imt_sdk_win_64/winavr/bin/../lib/gcc/avr/4.3.3/avr5\libgcc.a(_lt_sf.o)
 .debug_aranges
                0x00000140       0x20 d:/embedded tools/02-avr tools/03-imt sdk/03- imt sdk/imt_sdk_win_64/winavr/bin/../lib/gcc/avr/4.3.3/avr5\libgcc.a(_si_to_sf.o)
 .debug_aranges
                0x00000160       0x20 d:/embedded tools/02-avr tools/03-imt sdk/03- imt sdk/imt_sdk_win_64/winavr/bin/../lib/gcc/avr/4.3.3/avr5\libgcc.a(_sf_to_si.o)
 .debug_aranges
                0x00000180       0x20 d:/embedded tools/02-avr tools/03-imt sdk/03- imt sdk/imt_sdk_win_64/winavr/bin/../lib/gcc/avr/4.3.3/avr5\libgcc.a(_usi_to_sf.o)
 .debug_aranges
                0x000001a0       0x20 d:/embedded tools/02-avr tools/03-imt sdk/03- imt sdk/imt_sdk_win_64/winavr/bin/../lib/gcc/avr/4.3.3/avr5\libgcc.a(_clzsi2.o)
 .debug_aranges
                0x000001c0       0x20 d:/embedded tools/02-avr tools/03-imt sdk/03- imt sdk/imt_sdk_win_64/winavr/bin/../lib/gcc/avr/4.3.3/avr5\libgcc.a(_fixunssfsi.o)
 .debug_aranges
                0x000001e0       0x20 d:/embedded tools/02-avr tools/03-imt sdk/03- imt sdk/imt_sdk_win_64/winavr/bin/../lib/gcc/avr/4.3.3/avr5\libgcc.a(_pack_sf.o)
 .debug_aranges
                0x00000200       0x20 d:/embedded tools/02-avr tools/03-imt sdk/03- imt sdk/imt_sdk_win_64/winavr/bin/../lib/gcc/avr/4.3.3/avr5\libgcc.a(_unpack_sf.o)
 .debug_aranges
                0x00000220       0x20 d:/embedded tools/02-avr tools/03-imt sdk/03- imt sdk/imt_sdk_win_64/winavr/bin/../lib/gcc/avr/4.3.3/avr5\libgcc.a(_fpcmp_parts_sf.o)

.debug_pubnames
                0x00000000      0x297
 *(.debug_pubnames)
 .debug_pubnames
                0x00000000       0x20 d:/embedded tools/02-avr tools/03-imt sdk/03- imt sdk/imt_sdk_win_64/winavr/bin/../lib/gcc/avr/4.3.3/avr5\libgcc.a(_ashldi3.o)
 .debug_pubnames
                0x00000020       0x23 d:/embedded tools/02-avr tools/03-imt sdk/03- imt sdk/imt_sdk_win_64/winavr/bin/../lib/gcc/avr/4.3.3/avr5\libgcc.a(_fixunssfdi.o)
 .debug_pubnames
                0x00000043       0x20 d:/embedded tools/02-avr tools/03-imt sdk/03- imt sdk/imt_sdk_win_64/winavr/bin/../lib/gcc/avr/4.3.3/avr5\libgcc.a(_udivdi3.o)
 .debug_pubnames
                0x00000063       0x20 d:/embedded tools/02-avr tools/03-imt sdk/03- imt sdk/imt_sdk_win_64/winavr/bin/../lib/gcc/avr/4.3.3/avr5\libgcc.a(_umoddi3.o)
 .debug_pubnames
                0x00000083       0x2c d:/embedded tools/02-avr tools/03-imt sdk/03- imt sdk/imt_sdk_win_64/winavr/bin/../lib/gcc/avr/4.3.3/avr5\libgcc.a(_addsub_sf.o)
 .debug_pubnames
                0x000000af       0x1f d:/embedded tools/02-avr tools/03-imt sdk/03- imt sdk/imt_sdk_win_64/winavr/bin/../lib/gcc/avr/4.3.3/avr5\libgcc.a(_mul_sf.o)
 .debug_pubnames
                0x000000ce       0x1f d:/embedded tools/02-avr tools/03-imt sdk/03- imt sdk/imt_sdk_win_64/winavr/bin/../lib/gcc/avr/4.3.3/avr5\libgcc.a(_div_sf.o)
 .debug_pubnames
                0x000000ed       0x1e d:/embedded tools/02-avr tools/03-imt sdk/03- imt sdk/imt_sdk_win_64/winavr/bin/../lib/gcc/avr/4.3.3/avr5\libgcc.a(_eq_sf.o)
 .debug_pubnames
                0x0000010b       0x1e d:/embedded tools/02-avr tools/03-imt sdk/03- imt sdk/imt_sdk_win_64/winavr/bin/../lib/gcc/avr/4.3.3/avr5\libgcc.a(_ge_sf.o)
 .debug_pubnames
                0x00000129       0x1e d:/embedded tools/02-avr tools/03-imt sdk/03- imt sdk/imt_sdk_win_64/winavr/bin/../lib/gcc/avr/4.3.3/avr5\libgcc.a(_lt_sf.o)
 .debug_pubnames
                0x00000147       0x22 d:/embedded tools/02-avr tools/03-imt sdk/03- imt sdk/imt_sdk_win_64/winavr/bin/../lib/gcc/avr/4.3.3/avr5\libgcc.a(_si_to_sf.o)
 .debug_pubnames
                0x00000169       0x20 d:/embedded tools/02-avr tools/03-imt sdk/03- imt sdk/imt_sdk_win_64/winavr/bin/../lib/gcc/avr/4.3.3/avr5\libgcc.a(_sf_to_si.o)
 .debug_pubnames
                0x00000189       0x22 d:/embedded tools/02-avr tools/03-imt sdk/03- imt sdk/imt_sdk_win_64/winavr/bin/../lib/gcc/avr/4.3.3/avr5\libgcc.a(_thenan_sf.o)
 .debug_pubnames
                0x000001ab       0x24 d:/embedded tools/02-avr tools/03-imt sdk/03- imt sdk/imt_sdk_win_64/winavr/bin/../lib/gcc/avr/4.3.3/avr5\libgcc.a(_usi_to_sf.o)
 .debug_pubnames
                0x000001cf       0x20 d:/embedded tools/02-avr tools/03-imt sdk/03- imt sdk/imt_sdk_win_64/winavr/bin/../lib/gcc/avr/4.3.3/avr5\libgcc.a(_clz.o)
 .debug_pubnames
                0x000001ef       0x1f d:/embedded tools/02-avr tools/03-imt sdk/03- imt sdk/imt_sdk_win_64/winavr/bin/../lib/gcc/avr/4.3.3/avr5\libgcc.a(_clzsi2.o)
 .debug_pubnames
                0x0000020e       0x23 d:/embedded tools/02-avr tools/03-imt sdk/03- imt sdk/imt_sdk_win_64/winavr/bin/../lib/gcc/avr/4.3.3/avr5\libgcc.a(_fixunssfsi.o)
 .debug_pubnames
                0x00000231       0x1f d:/embedded tools/02-avr tools/03-imt sdk/03- imt sdk/imt_sdk_win_64/winavr/bin/../lib/gcc/avr/4.3.3/avr5\libgcc.a(_pack_sf.o)
 .debug_pubnames
                0x00000250       0x21 d:/embedded tools/02-avr tools/03-imt sdk/03- imt sdk/imt_sdk_win_64/winavr/bin/../lib/gcc/avr/4.3.3/avr5\libgcc.a(_unpack_sf.o)
 .debug_pubnames
                0x00000271       0x26 d:/embedded tools/02-avr tools/03-imt sdk/03- imt sdk/imt_sdk_win_64/winavr/bin/../lib/gcc/avr/4.3.3/avr5\libgcc.a(_fpcmp_parts_sf.o)

.debug_info     0x00000000     0x3717
 *(.debug_info)
 .debug_info    0x00000000      0x17f d:/embedded tools/02-avr tools/03-imt sdk/03- imt sdk/imt_sdk_win_64/winavr/bin/../lib/gcc/avr/4.3.3/avr5\libgcc.a(_ashldi3.o)
 .debug_info    0x0000017f      0x111 d:/embedded tools/02-avr tools/03-imt sdk/03- imt sdk/imt_sdk_win_64/winavr/bin/../lib/gcc/avr/4.3.3/avr5\libgcc.a(_fixunssfdi.o)
 .debug_info    0x00000290      0x71e d:/embedded tools/02-avr tools/03-imt sdk/03- imt sdk/imt_sdk_win_64/winavr/bin/../lib/gcc/avr/4.3.3/avr5\libgcc.a(_udivdi3.o)
 .debug_info    0x000009ae      0x757 d:/embedded tools/02-avr tools/03-imt sdk/03- imt sdk/imt_sdk_win_64/winavr/bin/../lib/gcc/avr/4.3.3/avr5\libgcc.a(_umoddi3.o)
 .debug_info    0x00001105      0x47a d:/embedded tools/02-avr tools/03-imt sdk/03- imt sdk/imt_sdk_win_64/winavr/bin/../lib/gcc/avr/4.3.3/avr5\libgcc.a(_addsub_sf.o)
 .debug_info    0x0000157f      0x485 d:/embedded tools/02-avr tools/03-imt sdk/03- imt sdk/imt_sdk_win_64/winavr/bin/../lib/gcc/avr/4.3.3/avr5\libgcc.a(_mul_sf.o)
 .debug_info    0x00001a04      0x3fc d:/embedded tools/02-avr tools/03-imt sdk/03- imt sdk/imt_sdk_win_64/winavr/bin/../lib/gcc/avr/4.3.3/avr5\libgcc.a(_div_sf.o)
 .debug_info    0x00001e00      0x27f d:/embedded tools/02-avr tools/03-imt sdk/03- imt sdk/imt_sdk_win_64/winavr/bin/../lib/gcc/avr/4.3.3/avr5\libgcc.a(_eq_sf.o)
 .debug_info    0x0000207f      0x27f d:/embedded tools/02-avr tools/03-imt sdk/03- imt sdk/imt_sdk_win_64/winavr/bin/../lib/gcc/avr/4.3.3/avr5\libgcc.a(_ge_sf.o)
 .debug_info    0x000022fe      0x27f d:/embedded tools/02-avr tools/03-imt sdk/03- imt sdk/imt_sdk_win_64/winavr/bin/../lib/gcc/avr/4.3.3/avr5\libgcc.a(_lt_sf.o)
 .debug_info    0x0000257d      0x207 d:/embedded tools/02-avr tools/03-imt sdk/03- imt sdk/imt_sdk_win_64/winavr/bin/../lib/gcc/avr/4.3.3/avr5\libgcc.a(_si_to_sf.o)
 .debug_info    0x00002784      0x2b0 d:/embedded tools/02-avr tools/03-imt sdk/03- imt sdk/imt_sdk_win_64/winavr/bin/../lib/gcc/avr/4.3.3/avr5\libgcc.a(_sf_to_si.o)
 .debug_info    0x00002a34      0x12c d:/embedded tools/02-avr tools/03-imt sdk/03- imt sdk/imt_sdk_win_64/winavr/bin/../lib/gcc/avr/4.3.3/avr5\libgcc.a(_thenan_sf.o)
 .debug_info    0x00002b60      0x206 d:/embedded tools/02-avr tools/03-imt sdk/03- imt sdk/imt_sdk_win_64/winavr/bin/../lib/gcc/avr/4.3.3/avr5\libgcc.a(_usi_to_sf.o)
 .debug_info    0x00002d66       0xa9 d:/embedded tools/02-avr tools/03-imt sdk/03- imt sdk/imt_sdk_win_64/winavr/bin/../lib/gcc/avr/4.3.3/avr5\libgcc.a(_clz.o)
 .debug_info    0x00002e0f      0x117 d:/embedded tools/02-avr tools/03-imt sdk/03- imt sdk/imt_sdk_win_64/winavr/bin/../lib/gcc/avr/4.3.3/avr5\libgcc.a(_clzsi2.o)
 .debug_info    0x00002f26       0xb1 d:/embedded tools/02-avr tools/03-imt sdk/03- imt sdk/imt_sdk_win_64/winavr/bin/../lib/gcc/avr/4.3.3/avr5\libgcc.a(_fixunssfsi.o)
 .debug_info    0x00002fd7      0x2df d:/embedded tools/02-avr tools/03-imt sdk/03- imt sdk/imt_sdk_win_64/winavr/bin/../lib/gcc/avr/4.3.3/avr5\libgcc.a(_pack_sf.o)
 .debug_info    0x000032b6      0x251 d:/embedded tools/02-avr tools/03-imt sdk/03- imt sdk/imt_sdk_win_64/winavr/bin/../lib/gcc/avr/4.3.3/avr5\libgcc.a(_unpack_sf.o)
 .debug_info    0x00003507      0x210 d:/embedded tools/02-avr tools/03-imt sdk/03- imt sdk/imt_sdk_win_64/winavr/bin/../lib/gcc/avr/4.3.3/avr5\libgcc.a(_fpcmp_parts_sf.o)
 *(.gnu.linkonce.wi.*)

.debug_abbrev   0x00000000     0x196b
 *(.debug_abbrev)
 .debug_abbrev  0x00000000       0xee d:/embedded tools/02-avr tools/03-imt sdk/03- imt sdk/imt_sdk_win_64/winavr/bin/../lib/gcc/avr/4.3.3/avr5\libgcc.a(_ashldi3.o)
 .debug_abbrev  0x000000ee       0x9e d:/embedded tools/02-avr tools/03-imt sdk/03- imt sdk/imt_sdk_win_64/winavr/bin/../lib/gcc/avr/4.3.3/avr5\libgcc.a(_fixunssfdi.o)
 .debug_abbrev  0x0000018c      0x181 d:/embedded tools/02-avr tools/03-imt sdk/03- imt sdk/imt_sdk_win_64/winavr/bin/../lib/gcc/avr/4.3.3/avr5\libgcc.a(_udivdi3.o)
 .debug_abbrev  0x0000030d      0x190 d:/embedded tools/02-avr tools/03-imt sdk/03- imt sdk/imt_sdk_win_64/winavr/bin/../lib/gcc/avr/4.3.3/avr5\libgcc.a(_umoddi3.o)
 .debug_abbrev  0x0000049d      0x1ea d:/embedded tools/02-avr tools/03-imt sdk/03- imt sdk/imt_sdk_win_64/winavr/bin/../lib/gcc/avr/4.3.3/avr5\libgcc.a(_addsub_sf.o)
 .debug_abbrev  0x00000687      0x21b d:/embedded tools/02-avr tools/03-imt sdk/03- imt sdk/imt_sdk_win_64/winavr/bin/../lib/gcc/avr/4.3.3/avr5\libgcc.a(_mul_sf.o)
 .debug_abbrev  0x000008a2      0x216 d:/embedded tools/02-avr tools/03-imt sdk/03- imt sdk/imt_sdk_win_64/winavr/bin/../lib/gcc/avr/4.3.3/avr5\libgcc.a(_div_sf.o)
 .debug_abbrev  0x00000ab8      0x15a d:/embedded tools/02-avr tools/03-imt sdk/03- imt sdk/imt_sdk_win_64/winavr/bin/../lib/gcc/avr/4.3.3/avr5\libgcc.a(_eq_sf.o)
 .debug_abbrev  0x00000c12      0x15a d:/embedded tools/02-avr tools/03-imt sdk/03- imt sdk/imt_sdk_win_64/winavr/bin/../lib/gcc/avr/4.3.3/avr5\libgcc.a(_ge_sf.o)
 .debug_abbrev  0x00000d6c      0x15a d:/embedded tools/02-avr tools/03-imt sdk/03- imt sdk/imt_sdk_win_64/winavr/bin/../lib/gcc/avr/4.3.3/avr5\libgcc.a(_lt_sf.o)
 .debug_abbrev  0x00000ec6      0x148 d:/embedded tools/02-avr tools/03-imt sdk/03- imt sdk/imt_sdk_win_64/winavr/bin/../lib/gcc/avr/4.3.3/avr5\libgcc.a(_si_to_sf.o)
 .debug_abbrev  0x0000100e      0x17f d:/embedded tools/02-avr tools/03-imt sdk/03- imt sdk/imt_sdk_win_64/winavr/bin/../lib/gcc/avr/4.3.3/avr5\libgcc.a(_sf_to_si.o)
 .debug_abbrev  0x0000118d       0xad d:/embedded tools/02-avr tools/03-imt sdk/03- imt sdk/imt_sdk_win_64/winavr/bin/../lib/gcc/avr/4.3.3/avr5\libgcc.a(_thenan_sf.o)
 .debug_abbrev  0x0000123a      0x157 d:/embedded tools/02-avr tools/03-imt sdk/03- imt sdk/imt_sdk_win_64/winavr/bin/../lib/gcc/avr/4.3.3/avr5\libgcc.a(_usi_to_sf.o)
 .debug_abbrev  0x00001391       0x6a d:/embedded tools/02-avr tools/03-imt sdk/03- imt sdk/imt_sdk_win_64/winavr/bin/../lib/gcc/avr/4.3.3/avr5\libgcc.a(_clz.o)
 .debug_abbrev  0x000013fb       0xc4 d:/embedded tools/02-avr tools/03-imt sdk/03- imt sdk/imt_sdk_win_64/winavr/bin/../lib/gcc/avr/4.3.3/avr5\libgcc.a(_clzsi2.o)
 .debug_abbrev  0x000014bf       0x5d d:/embedded tools/02-avr tools/03-imt sdk/03- imt sdk/imt_sdk_win_64/winavr/bin/../lib/gcc/avr/4.3.3/avr5\libgcc.a(_fixunssfsi.o)
 .debug_abbrev  0x0000151c      0x1c0 d:/embedded tools/02-avr tools/03-imt sdk/03- imt sdk/imt_sdk_win_64/winavr/bin/../lib/gcc/avr/4.3.3/avr5\libgcc.a(_pack_sf.o)
 .debug_abbrev  0x000016dc      0x154 d:/embedded tools/02-avr tools/03-imt sdk/03- imt sdk/imt_sdk_win_64/winavr/bin/../lib/gcc/avr/4.3.3/avr5\libgcc.a(_unpack_sf.o)
 .debug_abbrev  0x00001830      0x13b d:/embedded tools/02-avr tools/03-imt sdk/03- imt sdk/imt_sdk_win_64/winavr/bin/../lib/gcc/avr/4.3.3/avr5\libgcc.a(_fpcmp_parts_sf.o)

.debug_line     0x00000000     0x18d1
 *(.debug_line)
 .debug_line    0x00000000       0xd7 d:/embedded tools/02-avr tools/03-imt sdk/03- imt sdk/imt_sdk_win_64/winavr/bin/../lib/gcc/avr/4.3.3/avr5\libgcc.a(_ashldi3.o)
 .debug_line    0x000000d7       0xe7 d:/embedded tools/02-avr tools/03-imt sdk/03- imt sdk/imt_sdk_win_64/winavr/bin/../lib/gcc/avr/4.3.3/avr5\libgcc.a(_fixunssfdi.o)
 .debug_line    0x000001be      0x1d8 d:/embedded tools/02-avr tools/03-imt sdk/03- imt sdk/imt_sdk_win_64/winavr/bin/../lib/gcc/avr/4.3.3/avr5\libgcc.a(_udivdi3.o)
 .debug_line    0x00000396      0x230 d:/embedded tools/02-avr tools/03-imt sdk/03- imt sdk/imt_sdk_win_64/winavr/bin/../lib/gcc/avr/4.3.3/avr5\libgcc.a(_umoddi3.o)
 .debug_line    0x000005c6      0x2af d:/embedded tools/02-avr tools/03-imt sdk/03- imt sdk/imt_sdk_win_64/winavr/bin/../lib/gcc/avr/4.3.3/avr5\libgcc.a(_addsub_sf.o)
 .debug_line    0x00000875      0x239 d:/embedded tools/02-avr tools/03-imt sdk/03- imt sdk/imt_sdk_win_64/winavr/bin/../lib/gcc/avr/4.3.3/avr5\libgcc.a(_mul_sf.o)
 .debug_line    0x00000aae      0x1d5 d:/embedded tools/02-avr tools/03-imt sdk/03- imt sdk/imt_sdk_win_64/winavr/bin/../lib/gcc/avr/4.3.3/avr5\libgcc.a(_div_sf.o)
 .debug_line    0x00000c83       0xd3 d:/embedded tools/02-avr tools/03-imt sdk/03- imt sdk/imt_sdk_win_64/winavr/bin/../lib/gcc/avr/4.3.3/avr5\libgcc.a(_eq_sf.o)
 .debug_line    0x00000d56       0xd3 d:/embedded tools/02-avr tools/03-imt sdk/03- imt sdk/imt_sdk_win_64/winavr/bin/../lib/gcc/avr/4.3.3/avr5\libgcc.a(_ge_sf.o)
 .debug_line    0x00000e29       0xd3 d:/embedded tools/02-avr tools/03-imt sdk/03- imt sdk/imt_sdk_win_64/winavr/bin/../lib/gcc/avr/4.3.3/avr5\libgcc.a(_lt_sf.o)
 .debug_line    0x00000efc      0x135 d:/embedded tools/02-avr tools/03-imt sdk/03- imt sdk/imt_sdk_win_64/winavr/bin/../lib/gcc/avr/4.3.3/avr5\libgcc.a(_si_to_sf.o)
 .debug_line    0x00001031      0x109 d:/embedded tools/02-avr tools/03-imt sdk/03- imt sdk/imt_sdk_win_64/winavr/bin/../lib/gcc/avr/4.3.3/avr5\libgcc.a(_sf_to_si.o)
 .debug_line    0x0000113a       0x90 d:/embedded tools/02-avr tools/03-imt sdk/03- imt sdk/imt_sdk_win_64/winavr/bin/../lib/gcc/avr/4.3.3/avr5\libgcc.a(_thenan_sf.o)
 .debug_line    0x000011ca      0x133 d:/embedded tools/02-avr tools/03-imt sdk/03- imt sdk/imt_sdk_win_64/winavr/bin/../lib/gcc/avr/4.3.3/avr5\libgcc.a(_usi_to_sf.o)
 .debug_line    0x000012fd       0x7c d:/embedded tools/02-avr tools/03-imt sdk/03- imt sdk/imt_sdk_win_64/winavr/bin/../lib/gcc/avr/4.3.3/avr5\libgcc.a(_clz.o)
 .debug_line    0x00001379       0xa5 d:/embedded tools/02-avr tools/03-imt sdk/03- imt sdk/imt_sdk_win_64/winavr/bin/../lib/gcc/avr/4.3.3/avr5\libgcc.a(_clzsi2.o)
 .debug_line    0x0000141e       0xa7 d:/embedded tools/02-avr tools/03-imt sdk/03- imt sdk/imt_sdk_win_64/winavr/bin/../lib/gcc/avr/4.3.3/avr5\libgcc.a(_fixunssfsi.o)
 .debug_line    0x000014c5      0x18a d:/embedded tools/02-avr tools/03-imt sdk/03- imt sdk/imt_sdk_win_64/winavr/bin/../lib/gcc/avr/4.3.3/avr5\libgcc.a(_pack_sf.o)
 .debug_line    0x0000164f      0x14b d:/embedded tools/02-avr tools/03-imt sdk/03- imt sdk/imt_sdk_win_64/winavr/bin/../lib/gcc/avr/4.3.3/avr5\libgcc.a(_unpack_sf.o)
 .debug_line    0x0000179a      0x137 d:/embedded tools/02-avr tools/03-imt sdk/03- imt sdk/imt_sdk_win_64/winavr/bin/../lib/gcc/avr/4.3.3/avr5\libgcc.a(_fpcmp_parts_sf.o)

.debug_frame    0x00000000      0x260
 *(.debug_frame)
 .debug_frame   0x00000000       0x20 d:/embedded tools/02-avr tools/03-imt sdk/03- imt sdk/imt_sdk_win_64/winavr/bin/../lib/gcc/avr/4.3.3/avr5\libgcc.a(_ashldi3.o)
 .debug_frame   0x00000020       0x20 d:/embedded tools/02-avr tools/03-imt sdk/03- imt sdk/imt_sdk_win_64/winavr/bin/../lib/gcc/avr/4.3.3/avr5\libgcc.a(_fixunssfdi.o)
 .debug_frame   0x00000040       0x20 d:/embedded tools/02-avr tools/03-imt sdk/03- imt sdk/imt_sdk_win_64/winavr/bin/../lib/gcc/avr/4.3.3/avr5\libgcc.a(_udivdi3.o)
 .debug_frame   0x00000060       0x20 d:/embedded tools/02-avr tools/03-imt sdk/03- imt sdk/imt_sdk_win_64/winavr/bin/../lib/gcc/avr/4.3.3/avr5\libgcc.a(_umoddi3.o)
 .debug_frame   0x00000080       0x40 d:/embedded tools/02-avr tools/03-imt sdk/03- imt sdk/imt_sdk_win_64/winavr/bin/../lib/gcc/avr/4.3.3/avr5\libgcc.a(_addsub_sf.o)
 .debug_frame   0x000000c0       0x20 d:/embedded tools/02-avr tools/03-imt sdk/03- imt sdk/imt_sdk_win_64/winavr/bin/../lib/gcc/avr/4.3.3/avr5\libgcc.a(_mul_sf.o)
 .debug_frame   0x000000e0       0x20 d:/embedded tools/02-avr tools/03-imt sdk/03- imt sdk/imt_sdk_win_64/winavr/bin/../lib/gcc/avr/4.3.3/avr5\libgcc.a(_div_sf.o)
 .debug_frame   0x00000100       0x20 d:/embedded tools/02-avr tools/03-imt sdk/03- imt sdk/imt_sdk_win_64/winavr/bin/../lib/gcc/avr/4.3.3/avr5\libgcc.a(_eq_sf.o)
 .debug_frame   0x00000120       0x20 d:/embedded tools/02-avr tools/03-imt sdk/03- imt sdk/imt_sdk_win_64/winavr/bin/../lib/gcc/avr/4.3.3/avr5\libgcc.a(_ge_sf.o)
 .debug_frame   0x00000140       0x20 d:/embedded tools/02-avr tools/03-imt sdk/03- imt sdk/imt_sdk_win_64/winavr/bin/../lib/gcc/avr/4.3.3/avr5\libgcc.a(_lt_sf.o)
 .debug_frame   0x00000160       0x20 d:/embedded tools/02-avr tools/03-imt sdk/03- imt sdk/imt_sdk_win_64/winavr/bin/../lib/gcc/avr/4.3.3/avr5\libgcc.a(_si_to_sf.o)
 .debug_frame   0x00000180       0x20 d:/embedded tools/02-avr tools/03-imt sdk/03- imt sdk/imt_sdk_win_64/winavr/bin/../lib/gcc/avr/4.3.3/avr5\libgcc.a(_sf_to_si.o)
 .debug_frame   0x000001a0       0x20 d:/embedded tools/02-avr tools/03-imt sdk/03- imt sdk/imt_sdk_win_64/winavr/bin/../lib/gcc/avr/4.3.3/avr5\libgcc.a(_usi_to_sf.o)
 .debug_frame   0x000001c0       0x20 d:/embedded tools/02-avr tools/03-imt sdk/03- imt sdk/imt_sdk_win_64/winavr/bin/../lib/gcc/avr/4.3.3/avr5\libgcc.a(_clzsi2.o)
 .debug_frame   0x000001e0       0x20 d:/embedded tools/02-avr tools/03-imt sdk/03- imt sdk/imt_sdk_win_64/winavr/bin/../lib/gcc/avr/4.3.3/avr5\libgcc.a(_fixunssfsi.o)
 .debug_frame   0x00000200       0x20 d:/embedded tools/02-avr tools/03-imt sdk/03- imt sdk/imt_sdk_win_64/winavr/bin/../lib/gcc/avr/4.3.3/avr5\libgcc.a(_pack_sf.o)
 .debug_frame   0x00000220       0x20 d:/embedded tools/02-avr tools/03-imt sdk/03- imt sdk/imt_sdk_win_64/winavr/bin/../lib/gcc/avr/4.3.3/avr5\libgcc.a(_unpack_sf.o)
 .debug_frame   0x00000240       0x20 d:/embedded tools/02-avr tools/03-imt sdk/03- imt sdk/imt_sdk_win_64/winavr/bin/../lib/gcc/avr/4.3.3/avr5\libgcc.a(_fpcmp_parts_sf.o)

.debug_str      0x00000000      0x3c8
 *(.debug_str)
 .debug_str     0x00000000       0xdf d:/embedded tools/02-avr tools/03-imt sdk/03- imt sdk/imt_sdk_win_64/winavr/bin/../lib/gcc/avr/4.3.3/avr5\libgcc.a(_ashldi3.o)
                                0x131 (size before relaxing)
 .debug_str     0x000000df       0x33 d:/embedded tools/02-avr tools/03-imt sdk/03- imt sdk/imt_sdk_win_64/winavr/bin/../lib/gcc/avr/4.3.3/avr5\libgcc.a(_fixunssfdi.o)
                                0x11d (size before relaxing)
 .debug_str     0x00000112       0x74 d:/embedded tools/02-avr tools/03-imt sdk/03- imt sdk/imt_sdk_win_64/winavr/bin/../lib/gcc/avr/4.3.3/avr5\libgcc.a(_udivdi3.o)
                                0x18a (size before relaxing)
 .debug_str     0x00000186        0xa d:/embedded tools/02-avr tools/03-imt sdk/03- imt sdk/imt_sdk_win_64/winavr/bin/../lib/gcc/avr/4.3.3/avr5\libgcc.a(_umoddi3.o)
                                0x18a (size before relaxing)
 .debug_str     0x00000190      0x14d d:/embedded tools/02-avr tools/03-imt sdk/03- imt sdk/imt_sdk_win_64/winavr/bin/../lib/gcc/avr/4.3.3/avr5\libgcc.a(_addsub_sf.o)
                                0x206 (size before relaxing)
 .debug_str     0x000002dd       0x27 d:/embedded tools/02-avr tools/03-imt sdk/03- imt sdk/imt_sdk_win_64/winavr/bin/../lib/gcc/avr/4.3.3/avr5\libgcc.a(_mul_sf.o)
                                0x1bf (size before relaxing)
 .debug_str     0x00000304       0x35 d:/embedded tools/02-avr tools/03-imt sdk/03- imt sdk/imt_sdk_win_64/winavr/bin/../lib/gcc/avr/4.3.3/avr5\libgcc.a(_div_sf.o)
                                0x1c8 (size before relaxing)
 .debug_str     0x00000339        0x8 d:/embedded tools/02-avr tools/03-imt sdk/03- imt sdk/imt_sdk_win_64/winavr/bin/../lib/gcc/avr/4.3.3/avr5\libgcc.a(_eq_sf.o)
                                0x195 (size before relaxing)
 .debug_str     0x00000341        0x8 d:/embedded tools/02-avr tools/03-imt sdk/03- imt sdk/imt_sdk_win_64/winavr/bin/../lib/gcc/avr/4.3.3/avr5\libgcc.a(_ge_sf.o)
                                0x195 (size before relaxing)
 .debug_str     0x00000349        0x8 d:/embedded tools/02-avr tools/03-imt sdk/03- imt sdk/imt_sdk_win_64/winavr/bin/../lib/gcc/avr/4.3.3/avr5\libgcc.a(_lt_sf.o)
                                0x195 (size before relaxing)
 .debug_str     0x00000351       0x18 d:/embedded tools/02-avr tools/03-imt sdk/03- imt sdk/imt_sdk_win_64/winavr/bin/../lib/gcc/avr/4.3.3/avr5\libgcc.a(_si_to_sf.o)
                                0x17b (size before relaxing)
 .debug_str     0x00000369        0xa d:/embedded tools/02-avr tools/03-imt sdk/03- imt sdk/imt_sdk_win_64/winavr/bin/../lib/gcc/avr/4.3.3/avr5\libgcc.a(_sf_to_si.o)
                                0x19e (size before relaxing)
 .debug_str     0x00000000      0x103 d:/embedded tools/02-avr tools/03-imt sdk/03- imt sdk/imt_sdk_win_64/winavr/bin/../lib/gcc/avr/4.3.3/avr5\libgcc.a(_thenan_sf.o)
 .debug_str     0x00000373       0x14 d:/embedded tools/02-avr tools/03-imt sdk/03- imt sdk/imt_sdk_win_64/winavr/bin/../lib/gcc/avr/4.3.3/avr5\libgcc.a(_usi_to_sf.o)
                                0x177 (size before relaxing)
 .debug_str     0x00000000       0xf4 d:/embedded tools/02-avr tools/03-imt sdk/03- imt sdk/imt_sdk_win_64/winavr/bin/../lib/gcc/avr/4.3.3/avr5\libgcc.a(_clz.o)
 .debug_str     0x00000387        0x9 d:/embedded tools/02-avr tools/03-imt sdk/03- imt sdk/imt_sdk_win_64/winavr/bin/../lib/gcc/avr/4.3.3/avr5\libgcc.a(_clzsi2.o)
                                0x111 (size before relaxing)
 .debug_str     0x00000390        0xd d:/embedded tools/02-avr tools/03-imt sdk/03- imt sdk/imt_sdk_win_64/winavr/bin/../lib/gcc/avr/4.3.3/avr5\libgcc.a(_fixunssfsi.o)
                                 0xfe (size before relaxing)
 .debug_str     0x0000039d       0x10 d:/embedded tools/02-avr tools/03-imt sdk/03- imt sdk/imt_sdk_win_64/winavr/bin/../lib/gcc/avr/4.3.3/avr5\libgcc.a(_pack_sf.o)
                                0x19d (size before relaxing)
 .debug_str     0x000003ad        0xb d:/embedded tools/02-avr tools/03-imt sdk/03- imt sdk/imt_sdk_win_64/winavr/bin/../lib/gcc/avr/4.3.3/avr5\libgcc.a(_unpack_sf.o)
                                0x17f (size before relaxing)
 .debug_str     0x000003b8       0x10 d:/embedded tools/02-avr tools/03-imt sdk/03- imt sdk/imt_sdk_win_64/winavr/bin/../lib/gcc/avr/4.3.3/avr5\libgcc.a(_fpcmp_parts_sf.o)
                                0x163 (size before relaxing)

.debug_loc      0x00000000     0x24cc
 *(.debug_loc)
 .debug_loc     0x00000000       0xf8 d:/embedded tools/02-avr tools/03-imt sdk/03- imt sdk/imt_sdk_win_64/winavr/bin/../lib/gcc/avr/4.3.3/avr5\libgcc.a(_ashldi3.o)
 .debug_loc     0x000000f8       0x94 d:/embedded tools/02-avr tools/03-imt sdk/03- imt sdk/imt_sdk_win_64/winavr/bin/../lib/gcc/avr/4.3.3/avr5\libgcc.a(_fixunssfdi.o)
 .debug_loc     0x0000018c      0xe74 d:/embedded tools/02-avr tools/03-imt sdk/03- imt sdk/imt_sdk_win_64/winavr/bin/../lib/gcc/avr/4.3.3/avr5\libgcc.a(_udivdi3.o)
 .debug_loc     0x00001000      0xab2 d:/embedded tools/02-avr tools/03-imt sdk/03- imt sdk/imt_sdk_win_64/winavr/bin/../lib/gcc/avr/4.3.3/avr5\libgcc.a(_umoddi3.o)
 .debug_loc     0x00001ab2      0x32a d:/embedded tools/02-avr tools/03-imt sdk/03- imt sdk/imt_sdk_win_64/winavr/bin/../lib/gcc/avr/4.3.3/avr5\libgcc.a(_addsub_sf.o)
 .debug_loc     0x00001ddc      0x104 d:/embedded tools/02-avr tools/03-imt sdk/03- imt sdk/imt_sdk_win_64/winavr/bin/../lib/gcc/avr/4.3.3/avr5\libgcc.a(_mul_sf.o)
 .debug_loc     0x00001ee0       0xc0 d:/embedded tools/02-avr tools/03-imt sdk/03- imt sdk/imt_sdk_win_64/winavr/bin/../lib/gcc/avr/4.3.3/avr5\libgcc.a(_div_sf.o)
 .debug_loc     0x00001fa0       0x3c d:/embedded tools/02-avr tools/03-imt sdk/03- imt sdk/imt_sdk_win_64/winavr/bin/../lib/gcc/avr/4.3.3/avr5\libgcc.a(_eq_sf.o)
 .debug_loc     0x00001fdc       0x3c d:/embedded tools/02-avr tools/03-imt sdk/03- imt sdk/imt_sdk_win_64/winavr/bin/../lib/gcc/avr/4.3.3/avr5\libgcc.a(_ge_sf.o)
 .debug_loc     0x00002018       0x3c d:/embedded tools/02-avr tools/03-imt sdk/03- imt sdk/imt_sdk_win_64/winavr/bin/../lib/gcc/avr/4.3.3/avr5\libgcc.a(_lt_sf.o)
 .debug_loc     0x00002054       0xac d:/embedded tools/02-avr tools/03-imt sdk/03- imt sdk/imt_sdk_win_64/winavr/bin/../lib/gcc/avr/4.3.3/avr5\libgcc.a(_si_to_sf.o)
 .debug_loc     0x00002100       0x7e d:/embedded tools/02-avr tools/03-imt sdk/03- imt sdk/imt_sdk_win_64/winavr/bin/../lib/gcc/avr/4.3.3/avr5\libgcc.a(_sf_to_si.o)
 .debug_loc     0x0000217e       0x4c d:/embedded tools/02-avr tools/03-imt sdk/03- imt sdk/imt_sdk_win_64/winavr/bin/../lib/gcc/avr/4.3.3/avr5\libgcc.a(_usi_to_sf.o)
 .debug_loc     0x000021ca       0x94 d:/embedded tools/02-avr tools/03-imt sdk/03- imt sdk/imt_sdk_win_64/winavr/bin/../lib/gcc/avr/4.3.3/avr5\libgcc.a(_clzsi2.o)
 .debug_loc     0x0000225e       0x34 d:/embedded tools/02-avr tools/03-imt sdk/03- imt sdk/imt_sdk_win_64/winavr/bin/../lib/gcc/avr/4.3.3/avr5\libgcc.a(_fixunssfsi.o)
 .debug_loc     0x00002292      0x13e d:/embedded tools/02-avr tools/03-imt sdk/03- imt sdk/imt_sdk_win_64/winavr/bin/../lib/gcc/avr/4.3.3/avr5\libgcc.a(_pack_sf.o)
 .debug_loc     0x000023d0       0xac d:/embedded tools/02-avr tools/03-imt sdk/03- imt sdk/imt_sdk_win_64/winavr/bin/../lib/gcc/avr/4.3.3/avr5\libgcc.a(_unpack_sf.o)
 .debug_loc     0x0000247c       0x50 d:/embedded tools/02-avr tools/03-imt sdk/03- imt sdk/imt_sdk_win_64/winavr/bin/../lib/gcc/avr/4.3.3/avr5\libgcc.a(_fpcmp_parts_sf.o)

.debug_macinfo
 *(.debug_macinfo)
OUTPUT(TheCalculator.elf elf32-avr)
LOAD linker stubs

.debug_ranges   0x00000000       0x80
 .debug_ranges  0x00000000       0x18 d:/embedded tools/02-avr tools/03-imt sdk/03- imt sdk/imt_sdk_win_64/winavr/bin/../lib/gcc/avr/4.3.3/avr5\libgcc.a(_udivdi3.o)
 .debug_ranges  0x00000018       0x18 d:/embedded tools/02-avr tools/03-imt sdk/03- imt sdk/imt_sdk_win_64/winavr/bin/../lib/gcc/avr/4.3.3/avr5\libgcc.a(_umoddi3.o)
 .debug_ranges  0x00000030       0x50 d:/embedded tools/02-avr tools/03-imt sdk/03- imt sdk/imt_sdk_win_64/winavr/bin/../lib/gcc/avr/4.3.3/avr5\libgcc.a(_mul_sf.o)
