Archive member included because of file (symbol)

d:/embedded tools/02-avr tools/03-imt sdk/03- imt sdk/imt_sdk_win_64/winavr/bin/../lib/gcc/avr/4.3.3/avr5\libgcc.a(_exit.o)
                              d:/embedded tools/02-avr tools/03-imt sdk/03- imt sdk/imt_sdk_win_64/winavr/bin/../lib/gcc/avr/4.3.3/../../../../avr/lib/avr5/crtm32.o (exit)
d:/embedded tools/02-avr tools/03-imt sdk/03- imt sdk/imt_sdk_win_64/winavr/bin/../lib/gcc/avr/4.3.3/avr5\libgcc.a(_copy_data.o)
                              ./HAL/SSD/SSD_program.o (__do_copy_data)
d:/embedded tools/02-avr tools/03-imt sdk/03- imt sdk/imt_sdk_win_64/winavr/bin/../lib/gcc/avr/4.3.3/avr5\libgcc.a(_clear_bss.o)
                              ./APP/APP_program.o (__do_clear_bss)
d:/embedded tools/02-avr tools/03-imt sdk/03- imt sdk/imt_sdk_win_64/winavr/bin/../lib/gcc/avr/4.3.3/avr5\libgcc.a(_ashldi3.o)
                              ./HAL/CLCD/CLCD_program.o (__ashldi3)
d:/embedded tools/02-avr tools/03-imt sdk/03- imt sdk/imt_sdk_win_64/winavr/bin/../lib/gcc/avr/4.3.3/avr5\libgcc.a(_udivdi3.o)
                              ./HAL/CLCD/CLCD_program.o (__udivdi3)
d:/embedded tools/02-avr tools/03-imt sdk/03- imt sdk/imt_sdk_win_64/winavr/bin/../lib/gcc/avr/4.3.3/avr5\libgcc.a(_umoddi3.o)
                              ./HAL/CLCD/CLCD_program.o (__umoddi3)
d:/embedded tools/02-avr tools/03-imt sdk/03- imt sdk/imt_sdk_win_64/winavr/bin/../lib/gcc/avr/4.3.3/avr5\libgcc.a(_mulsi3.o)
                              d:/embedded tools/02-avr tools/03-imt sdk/03- imt sdk/imt_sdk_win_64/winavr/bin/../lib/gcc/avr/4.3.3/avr5\libgcc.a(_udivdi3.o) (__mulsi3)
d:/embedded tools/02-avr tools/03-imt sdk/03- imt sdk/imt_sdk_win_64/winavr/bin/../lib/gcc/avr/4.3.3/avr5\libgcc.a(_udivmodsi4.o)
                              d:/embedded tools/02-avr tools/03-imt sdk/03- imt sdk/imt_sdk_win_64/winavr/bin/../lib/gcc/avr/4.3.3/avr5\libgcc.a(_udivdi3.o) (__udivmodsi4)
d:/embedded tools/02-avr tools/03-imt sdk/03- imt sdk/imt_sdk_win_64/winavr/bin/../lib/gcc/avr/4.3.3/avr5\libgcc.a(_prologue.o)
                              d:/embedded tools/02-avr tools/03-imt sdk/03- imt sdk/imt_sdk_win_64/winavr/bin/../lib/gcc/avr/4.3.3/avr5\libgcc.a(_udivdi3.o) (__prologue_saves__)
d:/embedded tools/02-avr tools/03-imt sdk/03- imt sdk/imt_sdk_win_64/winavr/bin/../lib/gcc/avr/4.3.3/avr5\libgcc.a(_epilogue.o)
                              d:/embedded tools/02-avr tools/03-imt sdk/03- imt sdk/imt_sdk_win_64/winavr/bin/../lib/gcc/avr/4.3.3/avr5\libgcc.a(_udivdi3.o) (__epilogue_restores__)
d:/embedded tools/02-avr tools/03-imt sdk/03- imt sdk/imt_sdk_win_64/winavr/bin/../lib/gcc/avr/4.3.3/avr5\libgcc.a(_clz.o)
                              d:/embedded tools/02-avr tools/03-imt sdk/03- imt sdk/imt_sdk_win_64/winavr/bin/../lib/gcc/avr/4.3.3/avr5\libgcc.a(_udivdi3.o) (__clz_tab)

Allocating common symbols
Common symbol       size              file

My_PW_Arr           0x4               ./APP/APP_program.o

Memory Configuration

Name             Origin             Length             Attributes
text             0x00000000         0x00020000         xr
data             0x00800060         0x0000ffa0         rw !x
eeprom           0x00810000         0x00010000         rw !x
fuse             0x00820000         0x00000400         rw !x
lock             0x00830000         0x00000400         rw !x
signature        0x00840000         0x00000400         rw !x
*default*        0x00000000         0xffffffff

Linker script and memory map

LOAD d:/embedded tools/02-avr tools/03-imt sdk/03- imt sdk/imt_sdk_win_64/winavr/bin/../lib/gcc/avr/4.3.3/../../../../avr/lib/avr5/crtm32.o
LOAD ./MCAL/EEPROM/EEPROM_driver.o
LOAD ./MCAL/DIO/DIO_program.o
LOAD ./HAL/SWITCH/SW_program.o
LOAD ./HAL/SSD/SSD_program.o
LOAD ./HAL/LED/LED_program.o
LOAD ./HAL/KPD/KPD_program.o
LOAD ./HAL/CLCD/CLCD_program.o
LOAD ./APP/APP_program.o
LOAD ./main.o
LOAD d:/embedded tools/02-avr tools/03-imt sdk/03- imt sdk/imt_sdk_win_64/winavr/bin/../lib/gcc/avr/4.3.3/avr5\libgcc.a
LOAD d:/embedded tools/02-avr tools/03-imt sdk/03- imt sdk/imt_sdk_win_64/winavr/bin/../lib/gcc/avr/4.3.3/../../../../avr/lib/avr5\libc.a
LOAD d:/embedded tools/02-avr tools/03-imt sdk/03- imt sdk/imt_sdk_win_64/winavr/bin/../lib/gcc/avr/4.3.3/avr5\libgcc.a

.hash
 *(.hash)

.dynsym
 *(.dynsym)

.dynstr
 *(.dynstr)

.gnu.version
 *(.gnu.version)

.gnu.version_d
 *(.gnu.version_d)

.gnu.version_r
 *(.gnu.version_r)

.rel.init
 *(.rel.init)

.rela.init
 *(.rela.init)

.rel.text
 *(.rel.text)
 *(.rel.text.*)
 *(.rel.gnu.linkonce.t*)

.rela.text
 *(.rela.text)
 *(.rela.text.*)
 *(.rela.gnu.linkonce.t*)

.rel.fini
 *(.rel.fini)

.rela.fini
 *(.rela.fini)

.rel.rodata
 *(.rel.rodata)
 *(.rel.rodata.*)
 *(.rel.gnu.linkonce.r*)

.rela.rodata
 *(.rela.rodata)
 *(.rela.rodata.*)
 *(.rela.gnu.linkonce.r*)

.rel.data
 *(.rel.data)
 *(.rel.data.*)
 *(.rel.gnu.linkonce.d*)

.rela.data
 *(.rela.data)
 *(.rela.data.*)
 *(.rela.gnu.linkonce.d*)

.rel.ctors
 *(.rel.ctors)

.rela.ctors
 *(.rela.ctors)

.rel.dtors
 *(.rel.dtors)

.rela.dtors
 *(.rela.dtors)

.rel.got
 *(.rel.got)

.rela.got
 *(.rela.got)

.rel.bss
 *(.rel.bss)

.rela.bss
 *(.rela.bss)

.rel.plt
 *(.rel.plt)

.rela.plt
 *(.rela.plt)

.text           0x00000000     0x3ca2
 *(.vectors)
 .vectors       0x00000000       0x54 d:/embedded tools/02-avr tools/03-imt sdk/03- imt sdk/imt_sdk_win_64/winavr/bin/../lib/gcc/avr/4.3.3/../../../../avr/lib/avr5/crtm32.o
                0x00000000                __vectors
                0x00000000                __vector_default
 *(.vectors)
 *(.progmem.gcc*)
 *(.progmem*)
                0x00000054                . = ALIGN (0x2)
                0x00000054                __trampolines_start = .
 *(.trampolines)
 .trampolines   0x00000054        0x0 linker stubs
 *(.trampolines*)
                0x00000054                __trampolines_end = .
 *(.jumptables)
 *(.jumptables*)
 *(.lowtext)
 *(.lowtext*)
                0x00000054                __ctors_start = .
 *(.ctors)
                0x00000054                __ctors_end = .
                0x00000054                __dtors_start = .
 *(.dtors)
                0x00000054                __dtors_end = .
 SORT(*)(.ctors)
 SORT(*)(.dtors)
 *(.init0)
 .init0         0x00000054        0x0 d:/embedded tools/02-avr tools/03-imt sdk/03- imt sdk/imt_sdk_win_64/winavr/bin/../lib/gcc/avr/4.3.3/../../../../avr/lib/avr5/crtm32.o
                0x00000054                __init
 *(.init0)
 *(.init1)
 *(.init1)
 *(.init2)
 .init2         0x00000054        0xc d:/embedded tools/02-avr tools/03-imt sdk/03- imt sdk/imt_sdk_win_64/winavr/bin/../lib/gcc/avr/4.3.3/../../../../avr/lib/avr5/crtm32.o
 *(.init2)
 *(.init3)
 *(.init3)
 *(.init4)
 .init4         0x00000060       0x16 d:/embedded tools/02-avr tools/03-imt sdk/03- imt sdk/imt_sdk_win_64/winavr/bin/../lib/gcc/avr/4.3.3/avr5\libgcc.a(_copy_data.o)
                0x00000060                __do_copy_data
 .init4         0x00000076       0x10 d:/embedded tools/02-avr tools/03-imt sdk/03- imt sdk/imt_sdk_win_64/winavr/bin/../lib/gcc/avr/4.3.3/avr5\libgcc.a(_clear_bss.o)
                0x00000076                __do_clear_bss
 *(.init4)
 *(.init5)
 *(.init5)
 *(.init6)
 *(.init6)
 *(.init7)
 *(.init7)
 *(.init8)
 *(.init8)
 *(.init9)
 .init9         0x00000086        0x8 d:/embedded tools/02-avr tools/03-imt sdk/03- imt sdk/imt_sdk_win_64/winavr/bin/../lib/gcc/avr/4.3.3/../../../../avr/lib/avr5/crtm32.o
 *(.init9)
 *(.text)
 .text          0x0000008e        0x4 d:/embedded tools/02-avr tools/03-imt sdk/03- imt sdk/imt_sdk_win_64/winavr/bin/../lib/gcc/avr/4.3.3/../../../../avr/lib/avr5/crtm32.o
                0x0000008e                __vector_1
                0x0000008e                __vector_12
                0x0000008e                __bad_interrupt
                0x0000008e                __vector_6
                0x0000008e                __vector_3
                0x0000008e                __vector_11
                0x0000008e                __vector_13
                0x0000008e                __vector_17
                0x0000008e                __vector_19
                0x0000008e                __vector_7
                0x0000008e                __vector_5
                0x0000008e                __vector_4
                0x0000008e                __vector_9
                0x0000008e                __vector_2
                0x0000008e                __vector_15
                0x0000008e                __vector_8
                0x0000008e                __vector_14
                0x0000008e                __vector_10
                0x0000008e                __vector_16
                0x0000008e                __vector_18
                0x0000008e                __vector_20
 .text          0x00000092        0x0 ./MCAL/EEPROM/EEPROM_driver.o
 .text          0x00000092        0x0 ./MCAL/DIO/DIO_program.o
 .text          0x00000092        0x0 ./HAL/SWITCH/SW_program.o
 .text          0x00000092        0x0 ./HAL/SSD/SSD_program.o
 .text          0x00000092        0x0 ./HAL/LED/LED_program.o
 .text          0x00000092        0x0 ./HAL/KPD/KPD_program.o
 .text          0x00000092        0x0 ./HAL/CLCD/CLCD_program.o
 .text          0x00000092        0x0 ./APP/APP_program.o
 .text          0x00000092        0x0 ./main.o
 .text          0x00000092        0x0 d:/embedded tools/02-avr tools/03-imt sdk/03- imt sdk/imt_sdk_win_64/winavr/bin/../lib/gcc/avr/4.3.3/avr5\libgcc.a(_exit.o)
 .text          0x00000092        0x0 d:/embedded tools/02-avr tools/03-imt sdk/03- imt sdk/imt_sdk_win_64/winavr/bin/../lib/gcc/avr/4.3.3/avr5\libgcc.a(_copy_data.o)
 .text          0x00000092        0x0 d:/embedded tools/02-avr tools/03-imt sdk/03- imt sdk/imt_sdk_win_64/winavr/bin/../lib/gcc/avr/4.3.3/avr5\libgcc.a(_clear_bss.o)
 .text          0x00000092       0xfe d:/embedded tools/02-avr tools/03-imt sdk/03- imt sdk/imt_sdk_win_64/winavr/bin/../lib/gcc/avr/4.3.3/avr5\libgcc.a(_ashldi3.o)
                0x00000092                __ashldi3
 .text          0x00000190      0xcea d:/embedded tools/02-avr tools/03-imt sdk/03- imt sdk/imt_sdk_win_64/winavr/bin/../lib/gcc/avr/4.3.3/avr5\libgcc.a(_udivdi3.o)
                0x00000190                __udivdi3
 .text          0x00000e7a      0xce0 d:/embedded tools/02-avr tools/03-imt sdk/03- imt sdk/imt_sdk_win_64/winavr/bin/../lib/gcc/avr/4.3.3/avr5\libgcc.a(_umoddi3.o)
                0x00000e7a                __umoddi3
 .text          0x00001b5a        0x0 d:/embedded tools/02-avr tools/03-imt sdk/03- imt sdk/imt_sdk_win_64/winavr/bin/../lib/gcc/avr/4.3.3/avr5\libgcc.a(_mulsi3.o)
 .text          0x00001b5a        0x0 d:/embedded tools/02-avr tools/03-imt sdk/03- imt sdk/imt_sdk_win_64/winavr/bin/../lib/gcc/avr/4.3.3/avr5\libgcc.a(_udivmodsi4.o)
 .text          0x00001b5a        0x0 d:/embedded tools/02-avr tools/03-imt sdk/03- imt sdk/imt_sdk_win_64/winavr/bin/../lib/gcc/avr/4.3.3/avr5\libgcc.a(_prologue.o)
 .text          0x00001b5a        0x0 d:/embedded tools/02-avr tools/03-imt sdk/03- imt sdk/imt_sdk_win_64/winavr/bin/../lib/gcc/avr/4.3.3/avr5\libgcc.a(_epilogue.o)
 .text          0x00001b5a        0x0 d:/embedded tools/02-avr tools/03-imt sdk/03- imt sdk/imt_sdk_win_64/winavr/bin/../lib/gcc/avr/4.3.3/avr5\libgcc.a(_clz.o)
                0x00001b5a                . = ALIGN (0x2)
 *(.text.*)
 .text.EEPROM_write
                0x00001b5a       0x10 ./MCAL/EEPROM/EEPROM_driver.o
                0x00001b5a                EEPROM_write
 .text.EEPROM_read
                0x00001b6a        0xa ./MCAL/EEPROM/EEPROM_driver.o
                0x00001b6a                EEPROM_read
 .text.DIO_enumSetPinDirection
                0x00001b74      0x108 ./MCAL/DIO/DIO_program.o
                0x00001b74                DIO_enumSetPinDirection
 .text.DIO_enumSetPinValue
                0x00001c7c      0x108 ./MCAL/DIO/DIO_program.o
                0x00001c7c                DIO_enumSetPinValue
 .text.DIO_enumGetPinValue
                0x00001d84       0x7a ./MCAL/DIO/DIO_program.o
                0x00001d84                DIO_enumGetPinValue
 .text.DIO_enumTogglePinValue
                0x00001dfe       0x7c ./MCAL/DIO/DIO_program.o
                0x00001dfe                DIO_enumTogglePinValue
 .text.DIO_enumConnectPullup
                0x00001e7a      0x13c ./MCAL/DIO/DIO_program.o
                0x00001e7a                DIO_enumConnectPullup
 .text.DIO_enumSetPortDirection
                0x00001fb6       0x30 ./MCAL/DIO/DIO_program.o
                0x00001fb6                DIO_enumSetPortDirection
 .text.DIO_enumSetPortValue
                0x00001fe6       0x30 ./MCAL/DIO/DIO_program.o
                0x00001fe6                DIO_enumSetPortValue
 .text.DIO_enumTogglePortValue
                0x00002016       0x44 ./MCAL/DIO/DIO_program.o
                0x00002016                DIO_enumTogglePortValue
 .text.DIO_enumGetPortValue
                0x0000205a       0x3a ./MCAL/DIO/DIO_program.o
                0x0000205a                DIO_enumGetPortValue
 .text.DIO_voidWriteHighNibbles
                0x00002094       0x60 ./MCAL/DIO/DIO_program.o
                0x00002094                DIO_voidWriteHighNibbles
 .text.DIO_voidWriteLowNibbles
                0x000020f4       0x5e ./MCAL/DIO/DIO_program.o
                0x000020f4                DIO_voidWriteLowNibbles
 .text.SW_u8GetPressed
                0x00002152       0x72 ./HAL/SWITCH/SW_program.o
                0x00002152                SW_u8GetPressed
 .text.SW_voidInit
                0x000021c4       0x44 ./HAL/SWITCH/SW_program.o
                0x000021c4                SW_voidInit
 .text.SSD_voidDisable
                0x00002208       0x46 ./HAL/SSD/SSD_program.o
                0x00002208                SSD_voidDisable
 .text.SSD_voidEnable
                0x0000224e       0x46 ./HAL/SSD/SSD_program.o
                0x0000224e                SSD_voidEnable
 .text.SSD_voidSendNumber
                0x00002294       0x30 ./HAL/SSD/SSD_program.o
                0x00002294                SSD_voidSendNumber
 .text.SSD_voidInitialDataPort
                0x000022c4        0xa ./HAL/SSD/SSD_program.o
                0x000022c4                SSD_voidInitialDataPort
 .text.LED_voidToggle
                0x000022ce       0x28 ./HAL/LED/LED_program.o
                0x000022ce                LED_voidToggle
 .text.LED_voidOff
                0x000022f6       0x46 ./HAL/LED/LED_program.o
                0x000022f6                LED_voidOff
 .text.LED_voidOn
                0x0000233c       0x46 ./HAL/LED/LED_program.o
                0x0000233c                LED_voidOn
 .text.LED_voidInit
                0x00002382       0x2a ./HAL/LED/LED_program.o
                0x00002382                LED_voidInit
 .text.KPD_u8GetPressed
                0x000023ac      0x11c ./HAL/KPD/KPD_program.o
                0x000023ac                KPD_u8GetPressed
 .text.KPD_Init
                0x000024c8       0x7a ./HAL/KPD/KPD_program.o
                0x000024c8                KPD_Init
 .text.CLCD_voidSendCommand
                0x00002542       0x86 ./HAL/CLCD/CLCD_program.o
                0x00002542                CLCD_voidSendCommand
 .text.CLCD_voidSendData
                0x000025c8       0x86 ./HAL/CLCD/CLCD_program.o
                0x000025c8                CLCD_voidSendData
 .text.CLCD_voidSendString
                0x0000264e       0xaa ./HAL/CLCD/CLCD_program.o
                0x0000264e                CLCD_voidSendString
 .text.CLCD_voidClearScreen
                0x000026f8       0x80 ./HAL/CLCD/CLCD_program.o
                0x000026f8                CLCD_voidClearScreen
 .text.CLCD_voidSetPosition
                0x00002778       0xba ./HAL/CLCD/CLCD_program.o
                0x00002778                CLCD_voidSetPosition
 .text.CLCD_voidInit
                0x00002832      0x2a2 ./HAL/CLCD/CLCD_program.o
                0x00002832                CLCD_voidInit
 .text.CLCD_voidSendNumber
                0x00002ad4      0x430 ./HAL/CLCD/CLCD_program.o
                0x00002ad4                CLCD_voidSendNumber
 .text.CLCD_voidSendExtraChar
                0x00002f04      0x522 ./HAL/CLCD/CLCD_program.o
                0x00002f04                CLCD_voidSendExtraChar
 .text.APP_voidInitPW
                0x00003426      0x1b8 ./APP/APP_program.o
 .text.APP_voidInit
                0x000035de       0x72 ./APP/APP_program.o
                0x000035de                APP_voidInit
 .text.APP_voidAppLoop
                0x00003650      0x554 ./APP/APP_program.o
                0x00003650                APP_voidAppLoop
 .text.main     0x00003ba4        0xa ./main.o
                0x00003ba4                main
 .text.libgcc   0x00003bae        0x0 d:/embedded tools/02-avr tools/03-imt sdk/03- imt sdk/imt_sdk_win_64/winavr/bin/../lib/gcc/avr/4.3.3/avr5\libgcc.a(_exit.o)
 .text.libgcc   0x00003bae        0x0 d:/embedded tools/02-avr tools/03-imt sdk/03- imt sdk/imt_sdk_win_64/winavr/bin/../lib/gcc/avr/4.3.3/avr5\libgcc.a(_copy_data.o)
 .text.libgcc   0x00003bae        0x0 d:/embedded tools/02-avr tools/03-imt sdk/03- imt sdk/imt_sdk_win_64/winavr/bin/../lib/gcc/avr/4.3.3/avr5\libgcc.a(_clear_bss.o)
 .text.libgcc   0x00003bae       0x3e d:/embedded tools/02-avr tools/03-imt sdk/03- imt sdk/imt_sdk_win_64/winavr/bin/../lib/gcc/avr/4.3.3/avr5\libgcc.a(_mulsi3.o)
                0x00003bae                __mulsi3
 .text.libgcc   0x00003bec       0x44 d:/embedded tools/02-avr tools/03-imt sdk/03- imt sdk/imt_sdk_win_64/winavr/bin/../lib/gcc/avr/4.3.3/avr5\libgcc.a(_udivmodsi4.o)
                0x00003bec                __udivmodsi4
 .text.libgcc   0x00003c30       0x38 d:/embedded tools/02-avr tools/03-imt sdk/03- imt sdk/imt_sdk_win_64/winavr/bin/../lib/gcc/avr/4.3.3/avr5\libgcc.a(_prologue.o)
                0x00003c30                __prologue_saves__
 .text.libgcc   0x00003c68       0x36 d:/embedded tools/02-avr tools/03-imt sdk/03- imt sdk/imt_sdk_win_64/winavr/bin/../lib/gcc/avr/4.3.3/avr5\libgcc.a(_epilogue.o)
                0x00003c68                __epilogue_restores__
                0x00003c9e                . = ALIGN (0x2)
 *(.fini9)
 .fini9         0x00003c9e        0x0 d:/embedded tools/02-avr tools/03-imt sdk/03- imt sdk/imt_sdk_win_64/winavr/bin/../lib/gcc/avr/4.3.3/avr5\libgcc.a(_exit.o)
                0x00003c9e                exit
                0x00003c9e                _exit
 *(.fini9)
 *(.fini8)
 *(.fini8)
 *(.fini7)
 *(.fini7)
 *(.fini6)
 *(.fini6)
 *(.fini5)
 *(.fini5)
 *(.fini4)
 *(.fini4)
 *(.fini3)
 *(.fini3)
 *(.fini2)
 *(.fini2)
 *(.fini1)
 *(.fini1)
 *(.fini0)
 .fini0         0x00003c9e        0x4 d:/embedded tools/02-avr tools/03-imt sdk/03- imt sdk/imt_sdk_win_64/winavr/bin/../lib/gcc/avr/4.3.3/avr5\libgcc.a(_exit.o)
 *(.fini0)
                0x00003ca2                _etext = .

.data           0x00800060      0x20e load address 0x00003ca2
                0x00800060                PROVIDE (__data_start, .)
 *(.data)
 .data          0x00800060        0x0 d:/embedded tools/02-avr tools/03-imt sdk/03- imt sdk/imt_sdk_win_64/winavr/bin/../lib/gcc/avr/4.3.3/../../../../avr/lib/avr5/crtm32.o
 .data          0x00800060        0x0 ./MCAL/EEPROM/EEPROM_driver.o
 .data          0x00800060        0x0 ./MCAL/DIO/DIO_program.o
 .data          0x00800060        0x0 ./HAL/SWITCH/SW_program.o
 .data          0x00800060        0x0 ./HAL/SSD/SSD_program.o
 .data          0x00800060        0x0 ./HAL/LED/LED_program.o
 .data          0x00800060        0x0 ./HAL/KPD/KPD_program.o
 .data          0x00800060        0x0 ./HAL/CLCD/CLCD_program.o
 .data          0x00800060       0xae ./APP/APP_program.o
 .data          0x0080010e        0x0 ./main.o
 .data          0x0080010e        0x0 d:/embedded tools/02-avr tools/03-imt sdk/03- imt sdk/imt_sdk_win_64/winavr/bin/../lib/gcc/avr/4.3.3/avr5\libgcc.a(_exit.o)
 .data          0x0080010e        0x0 d:/embedded tools/02-avr tools/03-imt sdk/03- imt sdk/imt_sdk_win_64/winavr/bin/../lib/gcc/avr/4.3.3/avr5\libgcc.a(_copy_data.o)
 .data          0x0080010e        0x0 d:/embedded tools/02-avr tools/03-imt sdk/03- imt sdk/imt_sdk_win_64/winavr/bin/../lib/gcc/avr/4.3.3/avr5\libgcc.a(_clear_bss.o)
 .data          0x0080010e        0x0 d:/embedded tools/02-avr tools/03-imt sdk/03- imt sdk/imt_sdk_win_64/winavr/bin/../lib/gcc/avr/4.3.3/avr5\libgcc.a(_ashldi3.o)
 .data          0x0080010e        0x0 d:/embedded tools/02-avr tools/03-imt sdk/03- imt sdk/imt_sdk_win_64/winavr/bin/../lib/gcc/avr/4.3.3/avr5\libgcc.a(_udivdi3.o)
 .data          0x0080010e        0x0 d:/embedded tools/02-avr tools/03-imt sdk/03- imt sdk/imt_sdk_win_64/winavr/bin/../lib/gcc/avr/4.3.3/avr5\libgcc.a(_umoddi3.o)
 .data          0x0080010e        0x0 d:/embedded tools/02-avr tools/03-imt sdk/03- imt sdk/imt_sdk_win_64/winavr/bin/../lib/gcc/avr/4.3.3/avr5\libgcc.a(_mulsi3.o)
 .data          0x0080010e        0x0 d:/embedded tools/02-avr tools/03-imt sdk/03- imt sdk/imt_sdk_win_64/winavr/bin/../lib/gcc/avr/4.3.3/avr5\libgcc.a(_udivmodsi4.o)
 .data          0x0080010e        0x0 d:/embedded tools/02-avr tools/03-imt sdk/03- imt sdk/imt_sdk_win_64/winavr/bin/../lib/gcc/avr/4.3.3/avr5\libgcc.a(_prologue.o)
 .data          0x0080010e        0x0 d:/embedded tools/02-avr tools/03-imt sdk/03- imt sdk/imt_sdk_win_64/winavr/bin/../lib/gcc/avr/4.3.3/avr5\libgcc.a(_epilogue.o)
 .data          0x0080010e      0x100 d:/embedded tools/02-avr tools/03-imt sdk/03- imt sdk/imt_sdk_win_64/winavr/bin/../lib/gcc/avr/4.3.3/avr5\libgcc.a(_clz.o)
                0x0080010e                __clz_tab
 *(.data*)
 .data.KPD_u8Buttons
                0x0080020e       0x10 ./HAL/KPD/KPD_program.o
                0x0080020e                KPD_u8Buttons
 .data.CLCD_u8ExtraChar
                0x0080021e       0x40 ./HAL/CLCD/CLCD_program.o
                0x0080021e                CLCD_u8ExtraChar
 .data.SSD      0x0080025e        0x4 ./APP/APP_program.o
                0x0080025e                SSD
 .data.KPD_Return
                0x00800262        0x1 ./APP/APP_program.o
                0x00800262                KPD_Return
 *(.rodata)
 *(.rodata*)
 .rodata.Local_u8SSDNumbers
                0x00800263        0xa ./HAL/SSD/SSD_program.o
 *(.gnu.linkonce.d*)
                0x0080026e                . = ALIGN (0x2)
 *fill*         0x0080026d        0x1 00
                0x0080026e                _edata = .
                0x0080026e                PROVIDE (__data_end, .)

.bss            0x0080026e        0x5
                0x0080026e                PROVIDE (__bss_start, .)
 *(.bss)
 .bss           0x0080026e        0x0 d:/embedded tools/02-avr tools/03-imt sdk/03- imt sdk/imt_sdk_win_64/winavr/bin/../lib/gcc/avr/4.3.3/../../../../avr/lib/avr5/crtm32.o
 .bss           0x0080026e        0x0 ./MCAL/EEPROM/EEPROM_driver.o
 .bss           0x0080026e        0x0 ./MCAL/DIO/DIO_program.o
 .bss           0x0080026e        0x0 ./HAL/SWITCH/SW_program.o
 .bss           0x0080026e        0x0 ./HAL/SSD/SSD_program.o
 .bss           0x0080026e        0x0 ./HAL/LED/LED_program.o
 .bss           0x0080026e        0x0 ./HAL/KPD/KPD_program.o
 .bss           0x0080026e        0x0 ./HAL/CLCD/CLCD_program.o
 .bss           0x0080026e        0x0 ./APP/APP_program.o
 .bss           0x0080026e        0x0 ./main.o
 .bss           0x0080026e        0x0 d:/embedded tools/02-avr tools/03-imt sdk/03- imt sdk/imt_sdk_win_64/winavr/bin/../lib/gcc/avr/4.3.3/avr5\libgcc.a(_exit.o)
 .bss           0x0080026e        0x0 d:/embedded tools/02-avr tools/03-imt sdk/03- imt sdk/imt_sdk_win_64/winavr/bin/../lib/gcc/avr/4.3.3/avr5\libgcc.a(_copy_data.o)
 .bss           0x0080026e        0x0 d:/embedded tools/02-avr tools/03-imt sdk/03- imt sdk/imt_sdk_win_64/winavr/bin/../lib/gcc/avr/4.3.3/avr5\libgcc.a(_clear_bss.o)
 .bss           0x0080026e        0x0 d:/embedded tools/02-avr tools/03-imt sdk/03- imt sdk/imt_sdk_win_64/winavr/bin/../lib/gcc/avr/4.3.3/avr5\libgcc.a(_ashldi3.o)
 .bss           0x0080026e        0x0 d:/embedded tools/02-avr tools/03-imt sdk/03- imt sdk/imt_sdk_win_64/winavr/bin/../lib/gcc/avr/4.3.3/avr5\libgcc.a(_udivdi3.o)
 .bss           0x0080026e        0x0 d:/embedded tools/02-avr tools/03-imt sdk/03- imt sdk/imt_sdk_win_64/winavr/bin/../lib/gcc/avr/4.3.3/avr5\libgcc.a(_umoddi3.o)
 .bss           0x0080026e        0x0 d:/embedded tools/02-avr tools/03-imt sdk/03- imt sdk/imt_sdk_win_64/winavr/bin/../lib/gcc/avr/4.3.3/avr5\libgcc.a(_mulsi3.o)
 .bss           0x0080026e        0x0 d:/embedded tools/02-avr tools/03-imt sdk/03- imt sdk/imt_sdk_win_64/winavr/bin/../lib/gcc/avr/4.3.3/avr5\libgcc.a(_udivmodsi4.o)
 .bss           0x0080026e        0x0 d:/embedded tools/02-avr tools/03-imt sdk/03- imt sdk/imt_sdk_win_64/winavr/bin/../lib/gcc/avr/4.3.3/avr5\libgcc.a(_prologue.o)
 .bss           0x0080026e        0x0 d:/embedded tools/02-avr tools/03-imt sdk/03- imt sdk/imt_sdk_win_64/winavr/bin/../lib/gcc/avr/4.3.3/avr5\libgcc.a(_epilogue.o)
 .bss           0x0080026e        0x0 d:/embedded tools/02-avr tools/03-imt sdk/03- imt sdk/imt_sdk_win_64/winavr/bin/../lib/gcc/avr/4.3.3/avr5\libgcc.a(_clz.o)
 *(.bss*)
 .bss.My_Flag   0x0080026e        0x1 ./APP/APP_program.o
                0x0080026e                My_Flag
 *(COMMON)
 COMMON         0x0080026f        0x4 ./APP/APP_program.o
                0x0080026f                My_PW_Arr
                0x00800273                PROVIDE (__bss_end, .)
                0x00003ca2                __data_load_start = LOADADDR (.data)
                0x00003eb0                __data_load_end = (__data_load_start + SIZEOF (.data))

.noinit         0x00800273        0x0
                0x00800273                PROVIDE (__noinit_start, .)
 *(.noinit*)
                0x00800273                PROVIDE (__noinit_end, .)
                0x00800273                _end = .
                0x00800273                PROVIDE (__heap_start, .)

.eeprom         0x00810000        0x0
 *(.eeprom*)
                0x00810000                __eeprom_end = .

.fuse
 *(.fuse)
 *(.lfuse)
 *(.hfuse)
 *(.efuse)

.lock
 *(.lock*)

.signature
 *(.signature*)

.stab           0x00000000     0x6150
 *(.stab)
 .stab          0x00000000      0x444 ./MCAL/EEPROM/EEPROM_driver.o
 .stab          0x00000444      0xbdc ./MCAL/DIO/DIO_program.o
                                0xbe8 (size before relaxing)
 .stab          0x00001020      0x330 ./HAL/SWITCH/SW_program.o
                                0x4bc (size before relaxing)
 .stab          0x00001350      0x36c ./HAL/SSD/SSD_program.o
                                0x378 (size before relaxing)
 .stab          0x000016bc      0x33c ./HAL/LED/LED_program.o
                                0x348 (size before relaxing)
 .stab          0x000019f8      0x45c ./HAL/KPD/KPD_program.o
                                0x5e8 (size before relaxing)
 .stab          0x00001e54     0x2ab4 ./HAL/CLCD/CLCD_program.o
                               0x2c4c (size before relaxing)
 .stab          0x00004908     0x1740 ./APP/APP_program.o
                               0x18d8 (size before relaxing)
 .stab          0x00006048      0x108 ./main.o
                                0x114 (size before relaxing)

.stabstr        0x00000000     0x18bc
 *(.stabstr)
 .stabstr       0x00000000     0x18bc ./MCAL/EEPROM/EEPROM_driver.o

.stab.excl
 *(.stab.excl)

.stab.exclstr
 *(.stab.exclstr)

.stab.index
 *(.stab.index)

.stab.indexstr
 *(.stab.indexstr)

.comment
 *(.comment)

.debug
 *(.debug)

.line
 *(.line)

.debug_srcinfo
 *(.debug_srcinfo)

.debug_sfnames
 *(.debug_sfnames)

.debug_aranges  0x00000000       0x60
 *(.debug_aranges)
 .debug_aranges
                0x00000000       0x20 d:/embedded tools/02-avr tools/03-imt sdk/03- imt sdk/imt_sdk_win_64/winavr/bin/../lib/gcc/avr/4.3.3/avr5\libgcc.a(_ashldi3.o)
 .debug_aranges
                0x00000020       0x20 d:/embedded tools/02-avr tools/03-imt sdk/03- imt sdk/imt_sdk_win_64/winavr/bin/../lib/gcc/avr/4.3.3/avr5\libgcc.a(_udivdi3.o)
 .debug_aranges
                0x00000040       0x20 d:/embedded tools/02-avr tools/03-imt sdk/03- imt sdk/imt_sdk_win_64/winavr/bin/../lib/gcc/avr/4.3.3/avr5\libgcc.a(_umoddi3.o)

.debug_pubnames
                0x00000000       0x80
 *(.debug_pubnames)
 .debug_pubnames
                0x00000000       0x20 d:/embedded tools/02-avr tools/03-imt sdk/03- imt sdk/imt_sdk_win_64/winavr/bin/../lib/gcc/avr/4.3.3/avr5\libgcc.a(_ashldi3.o)
 .debug_pubnames
                0x00000020       0x20 d:/embedded tools/02-avr tools/03-imt sdk/03- imt sdk/imt_sdk_win_64/winavr/bin/../lib/gcc/avr/4.3.3/avr5\libgcc.a(_udivdi3.o)
 .debug_pubnames
                0x00000040       0x20 d:/embedded tools/02-avr tools/03-imt sdk/03- imt sdk/imt_sdk_win_64/winavr/bin/../lib/gcc/avr/4.3.3/avr5\libgcc.a(_umoddi3.o)
 .debug_pubnames
                0x00000060       0x20 d:/embedded tools/02-avr tools/03-imt sdk/03- imt sdk/imt_sdk_win_64/winavr/bin/../lib/gcc/avr/4.3.3/avr5\libgcc.a(_clz.o)

.debug_info     0x00000000     0x109d
 *(.debug_info)
 .debug_info    0x00000000      0x17f d:/embedded tools/02-avr tools/03-imt sdk/03- imt sdk/imt_sdk_win_64/winavr/bin/../lib/gcc/avr/4.3.3/avr5\libgcc.a(_ashldi3.o)
 .debug_info    0x0000017f      0x71e d:/embedded tools/02-avr tools/03-imt sdk/03- imt sdk/imt_sdk_win_64/winavr/bin/../lib/gcc/avr/4.3.3/avr5\libgcc.a(_udivdi3.o)
 .debug_info    0x0000089d      0x757 d:/embedded tools/02-avr tools/03-imt sdk/03- imt sdk/imt_sdk_win_64/winavr/bin/../lib/gcc/avr/4.3.3/avr5\libgcc.a(_umoddi3.o)
 .debug_info    0x00000ff4       0xa9 d:/embedded tools/02-avr tools/03-imt sdk/03- imt sdk/imt_sdk_win_64/winavr/bin/../lib/gcc/avr/4.3.3/avr5\libgcc.a(_clz.o)
 *(.gnu.linkonce.wi.*)

.debug_abbrev   0x00000000      0x469
 *(.debug_abbrev)
 .debug_abbrev  0x00000000       0xee d:/embedded tools/02-avr tools/03-imt sdk/03- imt sdk/imt_sdk_win_64/winavr/bin/../lib/gcc/avr/4.3.3/avr5\libgcc.a(_ashldi3.o)
 .debug_abbrev  0x000000ee      0x181 d:/embedded tools/02-avr tools/03-imt sdk/03- imt sdk/imt_sdk_win_64/winavr/bin/../lib/gcc/avr/4.3.3/avr5\libgcc.a(_udivdi3.o)
 .debug_abbrev  0x0000026f      0x190 d:/embedded tools/02-avr tools/03-imt sdk/03- imt sdk/imt_sdk_win_64/winavr/bin/../lib/gcc/avr/4.3.3/avr5\libgcc.a(_umoddi3.o)
 .debug_abbrev  0x000003ff       0x6a d:/embedded tools/02-avr tools/03-imt sdk/03- imt sdk/imt_sdk_win_64/winavr/bin/../lib/gcc/avr/4.3.3/avr5\libgcc.a(_clz.o)

.debug_line     0x00000000      0x55b
 *(.debug_line)
 .debug_line    0x00000000       0xd7 d:/embedded tools/02-avr tools/03-imt sdk/03- imt sdk/imt_sdk_win_64/winavr/bin/../lib/gcc/avr/4.3.3/avr5\libgcc.a(_ashldi3.o)
 .debug_line    0x000000d7      0x1d8 d:/embedded tools/02-avr tools/03-imt sdk/03- imt sdk/imt_sdk_win_64/winavr/bin/../lib/gcc/avr/4.3.3/avr5\libgcc.a(_udivdi3.o)
 .debug_line    0x000002af      0x230 d:/embedded tools/02-avr tools/03-imt sdk/03- imt sdk/imt_sdk_win_64/winavr/bin/../lib/gcc/avr/4.3.3/avr5\libgcc.a(_umoddi3.o)
 .debug_line    0x000004df       0x7c d:/embedded tools/02-avr tools/03-imt sdk/03- imt sdk/imt_sdk_win_64/winavr/bin/../lib/gcc/avr/4.3.3/avr5\libgcc.a(_clz.o)

.debug_frame    0x00000000       0x60
 *(.debug_frame)
 .debug_frame   0x00000000       0x20 d:/embedded tools/02-avr tools/03-imt sdk/03- imt sdk/imt_sdk_win_64/winavr/bin/../lib/gcc/avr/4.3.3/avr5\libgcc.a(_ashldi3.o)
 .debug_frame   0x00000020       0x20 d:/embedded tools/02-avr tools/03-imt sdk/03- imt sdk/imt_sdk_win_64/winavr/bin/../lib/gcc/avr/4.3.3/avr5\libgcc.a(_udivdi3.o)
 .debug_frame   0x00000040       0x20 d:/embedded tools/02-avr tools/03-imt sdk/03- imt sdk/imt_sdk_win_64/winavr/bin/../lib/gcc/avr/4.3.3/avr5\libgcc.a(_umoddi3.o)

.debug_str      0x00000000      0x16a
 *(.debug_str)
 .debug_str     0x00000000       0xe4 d:/embedded tools/02-avr tools/03-imt sdk/03- imt sdk/imt_sdk_win_64/winavr/bin/../lib/gcc/avr/4.3.3/avr5\libgcc.a(_ashldi3.o)
                                0x131 (size before relaxing)
 .debug_str     0x000000e4       0x7c d:/embedded tools/02-avr tools/03-imt sdk/03- imt sdk/imt_sdk_win_64/winavr/bin/../lib/gcc/avr/4.3.3/avr5\libgcc.a(_udivdi3.o)
                                0x18a (size before relaxing)
 .debug_str     0x00000160        0xa d:/embedded tools/02-avr tools/03-imt sdk/03- imt sdk/imt_sdk_win_64/winavr/bin/../lib/gcc/avr/4.3.3/avr5\libgcc.a(_umoddi3.o)
                                0x18a (size before relaxing)
 .debug_str     0x00000000       0xf4 d:/embedded tools/02-avr tools/03-imt sdk/03- imt sdk/imt_sdk_win_64/winavr/bin/../lib/gcc/avr/4.3.3/avr5\libgcc.a(_clz.o)

.debug_loc      0x00000000     0x1a1e
 *(.debug_loc)
 .debug_loc     0x00000000       0xf8 d:/embedded tools/02-avr tools/03-imt sdk/03- imt sdk/imt_sdk_win_64/winavr/bin/../lib/gcc/avr/4.3.3/avr5\libgcc.a(_ashldi3.o)
 .debug_loc     0x000000f8      0xe74 d:/embedded tools/02-avr tools/03-imt sdk/03- imt sdk/imt_sdk_win_64/winavr/bin/../lib/gcc/avr/4.3.3/avr5\libgcc.a(_udivdi3.o)
 .debug_loc     0x00000f6c      0xab2 d:/embedded tools/02-avr tools/03-imt sdk/03- imt sdk/imt_sdk_win_64/winavr/bin/../lib/gcc/avr/4.3.3/avr5\libgcc.a(_umoddi3.o)

.debug_macinfo
 *(.debug_macinfo)
OUTPUT(TheSafe.elf elf32-avr)
LOAD linker stubs

.debug_ranges   0x00000000       0x30
 .debug_ranges  0x00000000       0x18 d:/embedded tools/02-avr tools/03-imt sdk/03- imt sdk/imt_sdk_win_64/winavr/bin/../lib/gcc/avr/4.3.3/avr5\libgcc.a(_udivdi3.o)
 .debug_ranges  0x00000018       0x18 d:/embedded tools/02-avr tools/03-imt sdk/03- imt sdk/imt_sdk_win_64/winavr/bin/../lib/gcc/avr/4.3.3/avr5\libgcc.a(_umoddi3.o)
